[INFO] [launch]: All log files can be found below /home/cite/.ros/log/2026-09-02-05-52-25-491204-3e75d1e01e4f-575
[INFO] [launch]: Default logging verbosity is set to INFO
[INFO] [robot_state_publisher-1]: process started with pid [579]
[INFO] [ros2_control_node-2]: process started with pid [580]
[INFO] [spawner-3]: process started with pid [581]
[INFO] [move_group-4]: process started with pid [582]
[INFO] [skill_server-5]: process started with pid [583]
[robot_state_publisher-1] [INFO] [1788328345.704504597] [cite.cell_a.arm_1.description_publisher]: Robot initialized
[ros2_control_node-2] [INFO] [1788328345.704848055] [cite.cell_a.arm_1.controller_manager]: Using Steady (Monotonic) clock for triggering controller manager cycles.
[ros2_control_node-2] [INFO] [1788328345.709096222] [cite.cell_a.arm_1.controller_manager]: Subscribing to '/cite/cell_a/arm_1/robot_description' topic for robot description.
[ros2_control_node-2] [INFO] [1788328345.710295139] [cite.cell_a.arm_1.controller_manager]: update rate is 150 Hz
[ros2_control_node-2] [INFO] [1788328345.710310014] [cite.cell_a.arm_1.controller_manager]: Overruns handling is : enabled
[ros2_control_node-2] [INFO] [1788328345.710313430] [cite.cell_a.arm_1.controller_manager]: Spawning controller_manager RT thread with scheduler priority: 50
[ros2_control_node-2] [WARN] [1788328345.710439805] [cite.cell_a.arm_1.controller_manager]: Could not enable FIFO RT scheduling policy: with error number <1>(Operation not permitted). See [https://control.ros.org/master/doc/ros2_control/controller_manager/doc/userdoc.html] for details on how to enable realtime scheduling.
[move_group-4] [WARN] [1788328345.718097389] [rcl.logging_rosout]: Publisher already registered for node name: 'move_group'. If this is due to multiple nodes with the same name then all logs for the logger named 'cite.cell_a.arm_1.move_group' will go out over the existing publisher. As soon as any node with that name is destructed it will unregister the publisher, preventing any further logs for that name from being published on the rosout topic.
[ros2_control_node-2] [INFO] [1788328345.719966930] [cite.cell_a.arm_1.controller_manager]: Received robot description from topic.
[move_group-4] [WARN] [1788328345.720572014] [rcl.logging_rosout]: Publisher already registered for node name: 'move_group'. If this is due to multiple nodes with the same name then all logs for the logger named 'cite.cell_a.arm_1.move_group' will go out over the existing publisher. As soon as any node with that name is destructed it will unregister the publisher, preventing any further logs for that name from being published on the rosout topic.
[ros2_control_node-2] [INFO] [1788328345.721585014] [cite.cell_a.arm_1.controller_manager]: Using JointLimiter for joint 'arm_1_joint5' in hardware 'arm_1_gz_ros2_control/GazeboSimSystem' : '  has position limits: true [-6.28319, 6.28319]
[ros2_control_node-2]   has velocity limits: true [3.14]
[ros2_control_node-2]   has acceleration limits: false [nan]
[ros2_control_node-2]   has deceleration limits: false [nan]
[ros2_control_node-2]   has jerk limits: false [nan]
[ros2_control_node-2]   has effort limits: true [20]
[ros2_control_node-2]   angle wraparound: false'
[ros2_control_node-2] [INFO] [1788328345.721595639] [cite.cell_a.arm_1.controller_manager]: Creating JointSaturationLimiter for joint 'arm_1_joint5' in hardware 'arm_1_gz_ros2_control/GazeboSimSystem'
[ros2_control_node-2] [INFO] [1788328345.721604430] [cite.cell_a.arm_1.controller_manager]: Using JointLimiter for joint 'arm_1_joint4' in hardware 'arm_1_gz_ros2_control/GazeboSimSystem' : '  has position limits: true [-1.69297, 3.14159]
[ros2_control_node-2]   has velocity limits: true [3.14]
[ros2_control_node-2]   has acceleration limits: false [nan]
[ros2_control_node-2]   has deceleration limits: false [nan]
[ros2_control_node-2]   has jerk limits: false [nan]
[ros2_control_node-2]   has effort limits: true [20]
[ros2_control_node-2]   angle wraparound: false'
[ros2_control_node-2] [INFO] [1788328345.721607514] [cite.cell_a.arm_1.controller_manager]: Creating JointSaturationLimiter for joint 'arm_1_joint4' in hardware 'arm_1_gz_ros2_control/GazeboSimSystem'
[ros2_control_node-2] [INFO] [1788328345.721611264] [cite.cell_a.arm_1.controller_manager]: Using JointLimiter for joint 'arm_1_joint2' in hardware 'arm_1_gz_ros2_control/GazeboSimSystem' : '  has position limits: true [-2.059, 2.0944]
[ros2_control_node-2]   has velocity limits: true [3.14]
[ros2_control_node-2]   has acceleration limits: false [nan]
[ros2_control_node-2]   has deceleration limits: false [nan]
[ros2_control_node-2]   has jerk limits: false [nan]
[ros2_control_node-2]   has effort limits: true [50]
[ros2_control_node-2]   angle wraparound: false'
[ros2_control_node-2] [INFO] [1788328345.721614097] [cite.cell_a.arm_1.controller_manager]: Creating JointSaturationLimiter for joint 'arm_1_joint2' in hardware 'arm_1_gz_ros2_control/GazeboSimSystem'
[ros2_control_node-2] [INFO] [1788328345.721617639] [cite.cell_a.arm_1.controller_manager]: Using JointLimiter for joint 'arm_1_joint3' in hardware 'arm_1_gz_ros2_control/GazeboSimSystem' : '  has position limits: true [-3.927, 0.19198]
[ros2_control_node-2]   has velocity limits: true [3.14]
[ros2_control_node-2]   has acceleration limits: false [nan]
[ros2_control_node-2]   has deceleration limits: false [nan]
[ros2_control_node-2]   has jerk limits: false [nan]
[ros2_control_node-2]   has effort limits: true [30]
[ros2_control_node-2]   angle wraparound: false'
[ros2_control_node-2] [INFO] [1788328345.721620139] [cite.cell_a.arm_1.controller_manager]: Creating JointSaturationLimiter for joint 'arm_1_joint3' in hardware 'arm_1_gz_ros2_control/GazeboSimSystem'
[ros2_control_node-2] [INFO] [1788328345.721623430] [cite.cell_a.arm_1.controller_manager]: Using JointLimiter for joint 'arm_1_joint1' in hardware 'arm_1_gz_ros2_control/GazeboSimSystem' : '  has position limits: true [-6.28319, 6.28319]
[ros2_control_node-2]   has velocity limits: true [3.14]
[ros2_control_node-2]   has acceleration limits: false [nan]
[ros2_control_node-2]   has deceleration limits: false [nan]
[ros2_control_node-2]   has jerk limits: false [nan]
[ros2_control_node-2]   has effort limits: true [50]
[ros2_control_node-2]   angle wraparound: false'
[ros2_control_node-2] [INFO] [1788328345.721625764] [cite.cell_a.arm_1.controller_manager]: Creating JointSaturationLimiter for joint 'arm_1_joint1' in hardware 'arm_1_gz_ros2_control/GazeboSimSystem'
[ros2_control_node-2] [INFO] [1788328345.721629514] [cite.cell_a.arm_1.controller_manager]: Using JointLimiter for joint 'arm_1_right_inner_knuckle_joint' in hardware 'arm_1_XArmGripperSystem' : '  has position limits: true [0, 0.85]
[ros2_control_node-2]   has velocity limits: true [2]
[ros2_control_node-2]   has acceleration limits: false [nan]
[ros2_control_node-2]   has deceleration limits: false [nan]
[ros2_control_node-2]   has jerk limits: false [nan]
[ros2_control_node-2]   has effort limits: true [50]
[ros2_control_node-2]   angle wraparound: false'
[ros2_control_node-2] [INFO] [1788328345.721648180] [cite.cell_a.arm_1.controller_manager]: Creating JointSaturationLimiter for joint 'arm_1_right_inner_knuckle_joint' in hardware 'arm_1_XArmGripperSystem'
[ros2_control_node-2] [INFO] [1788328345.721653264] [cite.cell_a.arm_1.controller_manager]: Using JointLimiter for joint 'arm_1_right_finger_joint' in hardware 'arm_1_XArmGripperSystem' : '  has position limits: true [0, 0.85]
[ros2_control_node-2]   has velocity limits: true [2]
[ros2_control_node-2]   has acceleration limits: false [nan]
[ros2_control_node-2]   has deceleration limits: false [nan]
[ros2_control_node-2]   has jerk limits: false [nan]
[ros2_control_node-2]   has effort limits: true [50]
[ros2_control_node-2]   angle wraparound: false'
[ros2_control_node-2] [INFO] [1788328345.721655805] [cite.cell_a.arm_1.controller_manager]: Creating JointSaturationLimiter for joint 'arm_1_right_finger_joint' in hardware 'arm_1_XArmGripperSystem'
[ros2_control_node-2] [INFO] [1788328345.721661097] [cite.cell_a.arm_1.controller_manager]: Using JointLimiter for joint 'arm_1_right_outer_knuckle_joint' in hardware 'arm_1_XArmGripperSystem' : '  has position limits: true [0, 0.85]
[ros2_control_node-2]   has velocity limits: true [2]
[ros2_control_node-2]   has acceleration limits: false [nan]
[ros2_control_node-2]   has deceleration limits: false [nan]
[ros2_control_node-2]   has jerk limits: false [nan]
[ros2_control_node-2]   has effort limits: true [50]
[ros2_control_node-2]   angle wraparound: false'
[ros2_control_node-2] [INFO] [1788328345.721663514] [cite.cell_a.arm_1.controller_manager]: Creating JointSaturationLimiter for joint 'arm_1_right_outer_knuckle_joint' in hardware 'arm_1_XArmGripperSystem'
[ros2_control_node-2] [INFO] [1788328345.721666847] [cite.cell_a.arm_1.controller_manager]: Using JointLimiter for joint 'arm_1_left_inner_knuckle_joint' in hardware 'arm_1_XArmGripperSystem' : '  has position limits: true [0, 0.85]
[ros2_control_node-2]   has velocity limits: true [2]
[ros2_control_node-2]   has acceleration limits: false [nan]
[ros2_control_node-2]   has deceleration limits: false [nan]
[ros2_control_node-2]   has jerk limits: false [nan]
[ros2_control_node-2]   has effort limits: true [50]
[ros2_control_node-2]   angle wraparound: false'
[ros2_control_node-2] [INFO] [1788328345.721669097] [cite.cell_a.arm_1.controller_manager]: Creating JointSaturationLimiter for joint 'arm_1_left_inner_knuckle_joint' in hardware 'arm_1_XArmGripperSystem'
[ros2_control_node-2] [INFO] [1788328345.721672764] [cite.cell_a.arm_1.controller_manager]: Using JointLimiter for joint 'arm_1_left_finger_joint' in hardware 'arm_1_XArmGripperSystem' : '  has position limits: true [0, 0.85]
[ros2_control_node-2]   has velocity limits: true [2]
[ros2_control_node-2]   has acceleration limits: false [nan]
[ros2_control_node-2]   has deceleration limits: false [nan]
[ros2_control_node-2]   has jerk limits: false [nan]
[ros2_control_node-2]   has effort limits: true [50]
[ros2_control_node-2]   angle wraparound: false'
[ros2_control_node-2] [INFO] [1788328345.721675014] [cite.cell_a.arm_1.controller_manager]: Creating JointSaturationLimiter for joint 'arm_1_left_finger_joint' in hardware 'arm_1_XArmGripperSystem'
[ros2_control_node-2] [INFO] [1788328345.721678264] [cite.cell_a.arm_1.controller_manager]: Using JointLimiter for joint 'arm_1_drive_joint' in hardware 'arm_1_XArmGripperSystem' : '  has position limits: true [0, 0.85]
[ros2_control_node-2]   has velocity limits: true [1]
[ros2_control_node-2]   has acceleration limits: false [nan]
[ros2_control_node-2]   has deceleration limits: false [nan]
[ros2_control_node-2]   has jerk limits: false [nan]
[ros2_control_node-2]   has effort limits: true [50]
[ros2_control_node-2]   angle wraparound: false'
[ros2_control_node-2] [INFO] [1788328345.721680972] [cite.cell_a.arm_1.controller_manager]: Creating JointSaturationLimiter for joint 'arm_1_drive_joint' in hardware 'arm_1_XArmGripperSystem'
[ros2_control_node-2] [INFO] [1788328345.721685764] [cite.cell_a.arm_1.controller_manager]: Enforcing command limits is enabled...
[ros2_control_node-2] [INFO] [1788328345.722375597] [cite.cell_a.arm_1.controller_manager]: Loading hardware 'arm_1_gz_ros2_control/GazeboSimSystem' 
[ros2_control_node-2] [INFO] [1788328345.722610097] [cite.cell_a.arm_1.controller_manager]: Loaded hardware 'arm_1_gz_ros2_control/GazeboSimSystem' from plugin 'mock_components/GenericSystem'
[ros2_control_node-2] [INFO] [1788328345.722642139] [cite.cell_a.arm_1.controller_manager]: Initialize hardware 'arm_1_gz_ros2_control/GazeboSimSystem' 
[skill_server-5] [WARN] [1788328345.723122055] [rcl.logging_rosout]: Publisher already registered for node name: 'skill_server'. If this is due to multiple nodes with the same name then all logs for the logger named 'cite.cell_a.arm_1.skill_server' will go out over the existing publisher. As soon as any node with that name is destructed it will unregister the publisher, preventing any further logs for that name from being published on the rosout topic.
[skill_server-5] [INFO] [1788328345.727002430] [cite.cell_a.arm_1.skill_server.moveit.ros.rdf_loader]: Loaded robot model in 0.00169563 seconds
[skill_server-5] [INFO] [1788328345.727054139] [cite.cell_a.arm_1.skill_server.moveit.core.robot_model]: Loading robot model 'arm_1'...
[skill_server-5] [INFO] [1788328345.727061264] [cite.cell_a.arm_1.skill_server.moveit.core.robot_model]: No root/virtual joint specified in SRDF. Assuming fixed joint
[move_group-4] [INFO] [1788328345.725753597] [cite.cell_a.arm_1.move_group.moveit.ros.rdf_loader]: Loaded robot model in 0.00279246 seconds
[move_group-4] [INFO] [1788328345.725812597] [cite.cell_a.arm_1.move_group.moveit.core.robot_model]: Loading robot model 'arm_1'...
[move_group-4] [INFO] [1788328345.725847680] [cite.cell_a.arm_1.move_group.moveit.core.robot_model]: No root/virtual joint specified in SRDF. Assuming fixed joint
[ros2_control_node-2] [INFO] [1788328345.727842347] [cite.cell_a.arm_1.controller_manager]: Successful initialization of hardware 'arm_1_gz_ros2_control/GazeboSimSystem'
[ros2_control_node-2] [INFO] [1788328345.727941347] [cite.cell_a.arm_1.controller_manager]: Loading hardware 'arm_1_XArmGripperSystem' 
[ros2_control_node-2] [INFO] [1788328345.728162847] [cite.cell_a.arm_1.controller_manager]: Loaded hardware 'arm_1_XArmGripperSystem' from plugin 'cite_test_hardware/JointStopSystem'
[ros2_control_node-2] [INFO] [1788328345.728180930] [cite.cell_a.arm_1.controller_manager]: Initialize hardware 'arm_1_XArmGripperSystem' 
[ros2_control_node-2] [WARN] [1788328345.731651514] [cite.cell_a.arm_1.controller_manager.hardware_component.system.arm_1_XArmGripperSystem]: 'arm_1_XArmGripperSystem' is the ADR-0040 TEST FIXTURE. 'arm_1_drive_joint' has hard stops at [0.386545, 1.000000] and 6 joint(s) report a differentiated velocity. Nothing about this component describes real hardware.
[ros2_control_node-2] [INFO] [1788328345.731682972] [cite.cell_a.arm_1.controller_manager]: Successful initialization of hardware 'arm_1_XArmGripperSystem'
[ros2_control_node-2] [INFO] [1788328345.731743930] [cite.cell_a.arm_1.controller_manager]: Activating component 'arm_1_XArmGripperSystem'.
[ros2_control_node-2] [INFO] [1788328345.731749847] [resource_manager]: 'configure' hardware 'arm_1_XArmGripperSystem' 
[ros2_control_node-2] [INFO] [1788328345.731756764] [resource_manager]: Successful 'configure' of hardware 'arm_1_XArmGripperSystem'
[ros2_control_node-2] [INFO] [1788328345.731760014] [resource_manager]: 'activate' hardware 'arm_1_XArmGripperSystem' 
[ros2_control_node-2] [INFO] [1788328345.731764347] [resource_manager]: Successful 'activate' of hardware 'arm_1_XArmGripperSystem'
[ros2_control_node-2] [INFO] [1788328345.731798514] [cite.cell_a.arm_1.controller_manager]: Activating component 'arm_1_gz_ros2_control/GazeboSimSystem'.
[ros2_control_node-2] [INFO] [1788328345.731801472] [resource_manager]: 'configure' hardware 'arm_1_gz_ros2_control/GazeboSimSystem' 
[ros2_control_node-2] [INFO] [1788328345.731804597] [resource_manager]: Successful 'configure' of hardware 'arm_1_gz_ros2_control/GazeboSimSystem'
[ros2_control_node-2] [INFO] [1788328345.731806680] [resource_manager]: 'activate' hardware 'arm_1_gz_ros2_control/GazeboSimSystem' 
[ros2_control_node-2] [INFO] [1788328345.731808055] [resource_manager]: Successful 'activate' of hardware 'arm_1_gz_ros2_control/GazeboSimSystem'
[ros2_control_node-2] [INFO] [1788328345.731816389] [cite.cell_a.arm_1.controller_manager]: Registering statistics for : arm_1_XArmGripperSystem
[ros2_control_node-2] [INFO] [1788328345.731841722] [cite.cell_a.arm_1.controller_manager]: Registering statistics for : arm_1_gz_ros2_control/GazeboSimSystem
[ros2_control_node-2] [INFO] [1788328345.731861222] [cite.cell_a.arm_1.controller_manager]: Resource Manager has been successfully initialized. Starting Controller Manager services...
[move_group-4] [INFO] [1788328345.736347972] [cite.cell_a.arm_1.move_group.moveit.kinematics.kdl_kinematics_plugin]: Joint weights for group 'arm_1_xarm5': 1 1 1 1 1
[skill_server-5] [INFO] [1788328345.737095430] [cite.cell_a.arm_1.skill_server.moveit.kinematics.kdl_kinematics_plugin]: Joint weights for group 'arm_1_xarm5': 1 1 1 1 1
[move_group-4] [INFO] [1788328345.764141764] [cite.cell_a.arm_1.move_group.moveit.ros.planning_scene_monitor]: Publishing maintained planning scene on 'monitored_planning_scene'
[move_group-4] [INFO] [1788328345.764234222] [cite.cell_a.arm_1.move_group.moveit.ros.moveit_cpp]: Listening to 'joint_states' for joint states
[move_group-4] [INFO] [1788328345.764601972] [cite.cell_a.arm_1.move_group.moveit.ros.current_state_monitor]: Listening to joint states on topic 'joint_states'
[move_group-4] [INFO] [1788328345.764803930] [cite.cell_a.arm_1.move_group.moveit.ros.planning_scene_monitor]: Listening to '/cite/cell_a/arm_1/attached_collision_object' for attached collision objects
[move_group-4] [INFO] [1788328345.764816014] [cite.cell_a.arm_1.move_group.moveit.ros.planning_scene_monitor]: Stopping existing planning scene publisher.
[move_group-4] [INFO] [1788328345.764933264] [cite.cell_a.arm_1.move_group.moveit.ros.planning_scene_monitor]: Stopped publishing maintained planning scene.
[move_group-4] [INFO] [1788328345.765166639] [cite.cell_a.arm_1.move_group.moveit.ros.planning_scene_monitor]: Publishing maintained planning scene on 'monitored_planning_scene'
[move_group-4] [INFO] [1788328345.765207639] [cite.cell_a.arm_1.move_group.moveit.ros.planning_scene_monitor]: Starting planning scene monitor
[move_group-4] [INFO] [1788328345.765419264] [cite.cell_a.arm_1.move_group.moveit.ros.planning_scene_monitor]: Listening to '/cite/cell_a/arm_1/planning_scene'
[move_group-4] [INFO] [1788328345.765430139] [cite.cell_a.arm_1.move_group.moveit.ros.planning_scene_monitor]: Starting world geometry update monitor for collision objects, attached objects, octomap updates.
[move_group-4] [INFO] [1788328345.765844805] [cite.cell_a.arm_1.move_group.moveit.ros.planning_scene_monitor]: Listening to 'collision_object'
[move_group-4] [INFO] [1788328345.766050597] [cite.cell_a.arm_1.move_group.moveit.ros.planning_scene_monitor]: Listening to 'planning_scene_world' for planning scene world geometry
[move_group-4] [WARN] [1788328345.766221264] [cite.cell_a.arm_1.move_group.moveit.ros.occupancy_map_monitor]: Resolution not specified for Octomap. Assuming resolution = 0.1 instead
[move_group-4] [ERROR] [1788328345.766233889] [cite.cell_a.arm_1.move_group.moveit.ros.occupancy_map_monitor]: No 3D sensor plugin(s) defined for octomap updates
[move_group-4] [INFO] [1788328345.770550305] [cite.cell_a.arm_1.move_group.moveit.planners.pilz.joint_limits_aggregator]: Reading limits from namespace robot_description_planning
[move_group-4] [INFO] [1788328345.772231597] [cite.cell_a.arm_1.move_group.moveit.planners.pilz.command_planner]: Available plugins: pilz_industrial_motion_planner/PlanningContextLoaderCIRC pilz_industrial_motion_planner/PlanningContextLoaderLIN pilz_industrial_motion_planner/PlanningContextLoaderPTP 
[move_group-4] [INFO] [1788328345.772245805] [cite.cell_a.arm_1.move_group.moveit.planners.pilz.command_planner]: About to load: pilz_industrial_motion_planner/PlanningContextLoaderCIRC
[move_group-4] [INFO] [1788328345.772800764] [cite.cell_a.arm_1.move_group.moveit.planners.pilz.command_planner]: Registered Algorithm [CIRC]
[move_group-4] [INFO] [1788328345.772811930] [cite.cell_a.arm_1.move_group.moveit.planners.pilz.command_planner]: About to load: pilz_industrial_motion_planner/PlanningContextLoaderLIN
[move_group-4] [INFO] [1788328345.773158597] [cite.cell_a.arm_1.move_group.moveit.planners.pilz.command_planner]: Registered Algorithm [LIN]
[move_group-4] [INFO] [1788328345.773167472] [cite.cell_a.arm_1.move_group.moveit.planners.pilz.command_planner]: About to load: pilz_industrial_motion_planner/PlanningContextLoaderPTP
[move_group-4] [INFO] [1788328345.773528180] [cite.cell_a.arm_1.move_group.moveit.planners.pilz.command_planner]: Registered Algorithm [PTP]
[move_group-4] [INFO] [1788328345.773540264] [cite.cell_a.arm_1.move_group.moveit.ros.planning_pipeline]: Successfully loaded planner 'Pilz Industrial Motion Planner'
[move_group-4] [INFO] [1788328345.774084389] [cite.cell_a.arm_1.move_group]: Try loading adapter 'default_planning_request_adapters/ResolveConstraintFrames'
[move_group-4] [INFO] [1788328345.774401264] [cite.cell_a.arm_1.move_group]: Loaded adapter 'default_planning_request_adapters/ResolveConstraintFrames'
[move_group-4] [INFO] [1788328345.774404722] [cite.cell_a.arm_1.move_group]: Try loading adapter 'default_planning_request_adapters/ValidateWorkspaceBounds'
[move_group-4] [INFO] [1788328345.774484597] [cite.cell_a.arm_1.move_group]: Loaded adapter 'default_planning_request_adapters/ValidateWorkspaceBounds'
[move_group-4] [INFO] [1788328345.774488639] [cite.cell_a.arm_1.move_group]: Try loading adapter 'default_planning_request_adapters/CheckStartStateBounds'
[move_group-4] [INFO] [1788328345.774498472] [cite.cell_a.arm_1.move_group]: Loaded adapter 'default_planning_request_adapters/CheckStartStateBounds'
[move_group-4] [INFO] [1788328345.774501222] [cite.cell_a.arm_1.move_group]: Try loading adapter 'default_planning_request_adapters/CheckStartStateCollision'
[move_group-4] [INFO] [1788328345.774523805] [cite.cell_a.arm_1.move_group]: Loaded adapter 'default_planning_request_adapters/CheckStartStateCollision'
[move_group-4] [INFO] [1788328345.775091972] [cite.cell_a.arm_1.move_group]: Try loading adapter 'default_planning_response_adapters/ValidateSolution'
[move_group-4] [INFO] [1788328345.776975847] [cite.cell_a.arm_1.move_group]: Loaded adapter 'default_planning_response_adapters/ValidateSolution'
[move_group-4] [INFO] [1788328345.776986055] [cite.cell_a.arm_1.move_group]: Try loading adapter 'default_planning_response_adapters/DisplayMotionPath'
[move_group-4] [INFO] [1788328345.777202680] [cite.cell_a.arm_1.move_group]: Loaded adapter 'default_planning_response_adapters/DisplayMotionPath'
[move_group-4] [INFO] [1788328345.784337014] [cite.cell_a.arm_1.move_group.moveit.ros.planning_pipeline]: Successfully loaded planner 'OMPL'
[move_group-4] [INFO] [1788328345.784961889] [cite.cell_a.arm_1.move_group]: Try loading adapter 'default_planning_request_adapters/ResolveConstraintFrames'
[move_group-4] [INFO] [1788328345.785036264] [cite.cell_a.arm_1.move_group]: Loaded adapter 'default_planning_request_adapters/ResolveConstraintFrames'
[move_group-4] [INFO] [1788328345.785039472] [cite.cell_a.arm_1.move_group]: Try loading adapter 'default_planning_request_adapters/ValidateWorkspaceBounds'
[move_group-4] [INFO] [1788328345.785187222] [cite.cell_a.arm_1.move_group]: Loaded adapter 'default_planning_request_adapters/ValidateWorkspaceBounds'
[move_group-4] [INFO] [1788328345.785197097] [cite.cell_a.arm_1.move_group]: Try loading adapter 'default_planning_request_adapters/CheckStartStateBounds'
[move_group-4] [INFO] [1788328345.785212847] [cite.cell_a.arm_1.move_group]: Loaded adapter 'default_planning_request_adapters/CheckStartStateBounds'
[move_group-4] [INFO] [1788328345.785229014] [cite.cell_a.arm_1.move_group]: Try loading adapter 'default_planning_request_adapters/CheckStartStateCollision'
[move_group-4] [INFO] [1788328345.785235722] [cite.cell_a.arm_1.move_group]: Loaded adapter 'default_planning_request_adapters/CheckStartStateCollision'
[move_group-4] [INFO] [1788328345.785835972] [cite.cell_a.arm_1.move_group]: Try loading adapter 'default_planning_response_adapters/AddTimeOptimalParameterization'
[move_group-4] [INFO] [1788328345.786043055] [cite.cell_a.arm_1.move_group]: Loaded adapter 'default_planning_response_adapters/AddTimeOptimalParameterization'
[move_group-4] [INFO] [1788328345.786050597] [cite.cell_a.arm_1.move_group]: Try loading adapter 'default_planning_response_adapters/ValidateSolution'
[move_group-4] [INFO] [1788328345.786269972] [cite.cell_a.arm_1.move_group]: Loaded adapter 'default_planning_response_adapters/ValidateSolution'
[move_group-4] [INFO] [1788328345.786277680] [cite.cell_a.arm_1.move_group]: Try loading adapter 'default_planning_response_adapters/DisplayMotionPath'
[move_group-4] [INFO] [1788328345.786390264] [cite.cell_a.arm_1.move_group]: Loaded adapter 'default_planning_response_adapters/DisplayMotionPath'
[move_group-4] [WARN] [1788328345.787070930] [rcl.logging_rosout]: Publisher already registered for node name: 'move_group'. If this is due to multiple nodes with the same name then all logs for the logger named 'cite.cell_a.arm_1.move_group' will go out over the existing publisher. As soon as any node with that name is destructed it will unregister the publisher, preventing any further logs for that name from being published on the rosout topic.
[move_group-4] [INFO] [1788328345.796703097] [cite.cell_a.arm_1.move_group.moveit.plugins.simple_controller_manager]: Added FollowJointTrajectory controller for arm_1_joint_trajectory_controller
[move_group-4] [INFO] [1788328345.796731264] [cite.cell_a.arm_1.move_group.moveit.plugins.simple_controller_manager]: arm_1_gripper_controller will command a max effort of: 0
[move_group-4] [INFO] [1788328345.797793722] [cite.cell_a.arm_1.move_group.moveit.plugins.simple_controller_manager]: Added GripperCommand controller for arm_1_gripper_controller
[move_group-4] [INFO] [1788328345.797877472] [cite.cell_a.arm_1.move_group.moveit.plugins.simple_controller_manager]: Returned 2 controllers in list
[move_group-4] [INFO] [1788328345.797890389] [cite.cell_a.arm_1.move_group.moveit.plugins.simple_controller_manager]: Returned 2 controllers in list
[move_group-4] [INFO] [1788328345.798133097] [cite.cell_a.arm_1.move_group.moveit.ros.trajectory_execution_manager]: Trajectory execution is not managing controllers
[move_group-4] [INFO] [1788328345.798144680] [cite.cell_a.arm_1.move_group]: MoveGroup debug mode is ON
[move_group-4] [INFO] [1788328345.806203555] [cite.cell_a.arm_1.move_group.moveit.ros.move_group.executable]: 
[move_group-4] 
[move_group-4] ********************************************************
[move_group-4] * MoveGroup using: 
[move_group-4] *     - apply_planning_scene_service
[move_group-4] *     - clear_octomap_service
[move_group-4] *     - get_group_urdf
[move_group-4] *     - load_geometry_from_file
[move_group-4] *     - CartesianPathService
[move_group-4] *     - execute_trajectory_action
[move_group-4] *     - get_planning_scene_service
[move_group-4] *     - kinematics_service
[move_group-4] *     - move_action
[move_group-4] *     - motion_plan_service
[move_group-4] *     - query_planners_service
[move_group-4] *     - state_validation_service
[move_group-4] *     - save_geometry_to_file
[move_group-4] ********************************************************
[move_group-4] 
[move_group-4] [INFO] [1788328345.806234180] [cite.cell_a.arm_1.move_group.moveit.ros.move_group.context]: MoveGroup context using pipeline pilz_industrial_motion_planner
[move_group-4] [INFO] [1788328345.806239764] [cite.cell_a.arm_1.move_group.moveit.ros.move_group.context]: MoveGroup context initialization complete
[move_group-4] [96mLoading 'move_group/ApplyPlanningSceneService'...[0m
[move_group-4] [96mLoading 'move_group/ClearOctomapService'...[0m
[move_group-4] [96mLoading 'move_group/GetUrdfService'...[0m
[move_group-4] [96mLoading 'move_group/LoadGeometryFromFileService'...[0m
[move_group-4] [96mLoading 'move_group/MoveGroupCartesianPathService'...[0m
[move_group-4] [96mLoading 'move_group/MoveGroupExecuteTrajectoryAction'...[0m
[move_group-4] [96mLoading 'move_group/MoveGroupGetPlanningSceneService'...[0m
[move_group-4] [96mLoading 'move_group/MoveGroupKinematicsService'...[0m
[move_group-4] [96mLoading 'move_group/MoveGroupMoveAction'...[0m
[move_group-4] [96mLoading 'move_group/MoveGroupPlanService'...[0m
[move_group-4] [96mLoading 'move_group/MoveGroupQueryPlannersService'...[0m
[move_group-4] [96mLoading 'move_group/MoveGroupStateValidationService'...[0m
[move_group-4] [96mLoading 'move_group/SaveGeometryToFileService'...[0m
[move_group-4] 
[move_group-4] [92mYou can start planning now![0m
[move_group-4] 
[ros2_control_node-2] [WARN] [1788328346.154889097] [cite.cell_a.arm_1.controller_manager]: Overrun detected! The controller manager missed its desired rate of 150 Hz. The loop took 16.377750 ms (missed cycles : 3).
[spawner-3] [INFO] [1788328346.212149680] [spawn_controllers]: waiting for service /cite/cell_a/arm_1/controller_manager/list_controllers to become available...
[skill_server-5] [INFO] [1788328346.397192125] [cite.cell_a.arm_1.skill_server.moveit.ros.move_group_interface]: Ready to take commands for planning group arm_1_xarm5.
[skill_server-5] [INFO] [1788328346.397246375] [cite.cell_a.arm_1.skill_server]: planning for group 'arm_1_xarm5' with end effector 'arm_1_link_tcp' (planning frame 'arm_1_mount')
[skill_server-5] [INFO] [1788328346.397254708] [cite.cell_a.arm_1.skill_server]: planner: pilz_industrial_motion_planner/PTP, falling back to ompl (its own default planner) (ADR-0027)
[skill_server-5] [INFO] [1788328346.412770416] [cite.cell_a.arm_1.skill_server]: skills for arm_1 are accepting goals
[ros2_control_node-2] [INFO] [1788328346.465097625] [cite.cell_a.arm_1.controller_manager]: Loading controller : 'arm_1_joint_state_broadcaster' of type 'joint_state_broadcaster/JointStateBroadcaster'
[ros2_control_node-2] [INFO] [1788328346.465177833] [cite.cell_a.arm_1.controller_manager]: Loading controller 'arm_1_joint_state_broadcaster'
[ros2_control_node-2] [INFO] [1788328346.468232125] [cite.cell_a.arm_1.controller_manager]: Controller 'arm_1_joint_state_broadcaster' node arguments: --ros-args --params-file /workspace/workspace/install/cite_generated/share/cite_generated/control/cell_a_arm_1_controllers.yaml --params-file /tmp/launch_params_qjfrvlok --params-file /tmp/launch_params_r33ld19e 
[spawner-3] [INFO] [1788328346.488172125] [spawn_controllers]: Loaded arm_1_joint_state_broadcaster
[ros2_control_node-2] [INFO] [1788328346.489125208] [cite.cell_a.arm_1.controller_manager]: Configuring controller: 'arm_1_joint_state_broadcaster'
[ros2_control_node-2] [INFO] [1788328346.489211041] [cite.cell_a.arm_1.arm_1_joint_state_broadcaster]: 'joints' or 'interfaces' parameter is empty. All available state interfaces will be published
[ros2_control_node-2] [INFO] [1788328346.502727625] [cite.cell_a.arm_1.controller_manager]: Activating controllers: [ arm_1_joint_state_broadcaster ]
[ros2_control_node-2] [INFO] [1788328346.507230000] [cite.cell_a.arm_1.controller_manager]: Successfully switched controllers!
[spawner-3] [INFO] [1788328346.515251416] [spawn_controllers]: Configured and activated arm_1_joint_state_broadcaster
[ros2_control_node-2] [INFO] [1788328346.515878750] [cite.cell_a.arm_1.controller_manager]: Loading controller : 'arm_1_gripper_controller' of type 'position_controllers/GripperActionController'
[ros2_control_node-2] [INFO] [1788328346.515906833] [cite.cell_a.arm_1.controller_manager]: Loading controller 'arm_1_gripper_controller'
[ros2_control_node-2] [INFO] [1788328346.517070500] [cite.cell_a.arm_1.controller_manager]: Controller 'arm_1_gripper_controller' node arguments: --ros-args --params-file /workspace/workspace/install/cite_generated/share/cite_generated/control/cell_a_arm_1_controllers.yaml --params-file /tmp/launch_params_qjfrvlok --params-file /tmp/launch_params_r33ld19e 
[ros2_control_node-2] [WARN] [1788328346.524284583] [cite.cell_a.arm_1.arm_1_gripper_controller]: [Deprecated]: the `position_controllers/GripperActionController` and `effort_controllers::GripperActionController` controllers are replaced by 'parallel_gripper_controllers/GripperActionController' controller
[spawner-3] [INFO] [1788328346.527989708] [spawn_controllers]: Loaded arm_1_gripper_controller
[ros2_control_node-2] [INFO] [1788328346.528295791] [cite.cell_a.arm_1.controller_manager]: Configuring controller: 'arm_1_gripper_controller'
[ros2_control_node-2] [INFO] [1788328346.528339458] [cite.cell_a.arm_1.arm_1_gripper_controller]: Action status changes will be monitored at 20.000000 Hz.
[ros2_control_node-2] [INFO] [1788328346.534740583] [cite.cell_a.arm_1.controller_manager]: Activating controllers: [ arm_1_gripper_controller ]
[ros2_control_node-2] [INFO] [1788328346.544507625] [cite.cell_a.arm_1.controller_manager]: Successfully switched controllers!
[spawner-3] [INFO] [1788328346.548004583] [spawn_controllers]: Configured and activated arm_1_gripper_controller
[ros2_control_node-2] [INFO] [1788328346.548607708] [cite.cell_a.arm_1.controller_manager]: Loading controller : 'arm_1_joint_trajectory_controller' of type 'joint_trajectory_controller/JointTrajectoryController'
[ros2_control_node-2] [INFO] [1788328346.548621583] [cite.cell_a.arm_1.controller_manager]: Loading controller 'arm_1_joint_trajectory_controller'
[ros2_control_node-2] [INFO] [1788328346.550008625] [cite.cell_a.arm_1.controller_manager]: Controller 'arm_1_joint_trajectory_controller' node arguments: --ros-args --params-file /workspace/workspace/install/cite_generated/share/cite_generated/control/cell_a_arm_1_controllers.yaml --params-file /tmp/launch_params_qjfrvlok --params-file /tmp/launch_params_r33ld19e 
[spawner-3] [INFO] [1788328346.567788375] [spawn_controllers]: Loaded arm_1_joint_trajectory_controller
[ros2_control_node-2] [INFO] [1788328346.567994583] [cite.cell_a.arm_1.controller_manager]: Configuring controller: 'arm_1_joint_trajectory_controller'
[ros2_control_node-2] [INFO] [1788328346.568092583] [cite.cell_a.arm_1.arm_1_joint_trajectory_controller]: No specific joint names are used for command interfaces. Using 'joints' parameter.
[ros2_control_node-2] [INFO] [1788328346.568108250] [cite.cell_a.arm_1.arm_1_joint_trajectory_controller]: Command interfaces are [position] and state interfaces are [position velocity].
[ros2_control_node-2] [INFO] [1788328346.568149125] [cite.cell_a.arm_1.arm_1_joint_trajectory_controller]: Using 'splines' interpolation method.
[ros2_control_node-2] [INFO] [1788328346.570332583] [cite.cell_a.arm_1.arm_1_joint_trajectory_controller]: Action status changes will be monitored at 20.00 Hz.
[ros2_control_node-2] [INFO] [1788328346.573148666] [cite.cell_a.arm_1.arm_1_joint_trajectory_controller]: Setting initial scaling factor to 1.000000
[ros2_control_node-2] [INFO] [1788328346.573162791] [cite.cell_a.arm_1.arm_1_joint_trajectory_controller]: No scaling interface set. This controller will not read speed scaling from the hardware.
[ros2_control_node-2] [INFO] [1788328346.581772833] [cite.cell_a.arm_1.controller_manager]: Activating controllers: [ arm_1_joint_trajectory_controller ]
[ros2_control_node-2] [INFO] [1788328346.586724958] [cite.cell_a.arm_1.controller_manager]: Successfully switched controllers!
[spawner-3] [INFO] [1788328346.594882666] [spawn_controllers]: Configured and activated arm_1_joint_trajectory_controller
[INFO] [spawner-3]: process has finished cleanly [pid 581]
[ros2_control_node-2] [INFO] [1788328346.914173083] [cite.cell_a.arm_1.arm_1_gripper_controller]: Received & accepted new action goal
[ros2_control_node-2] [ERROR] [1788328346.920607250] [cite.cell_a.arm_1.controller_manager]: Command of at least one joint is out of limits (throttled log). Joint: 'arm_1_drive_joint', (actual: [Joint: 'arm_1_drive_joint', position: 0.850000, velocity: 0.000000], command: [Joint: 'arm_1_drive_joint', position: 0.348059], limited: [Joint: 'arm_1_drive_joint', position: 0.843333]) with desired period : 0.006667 sec.
[ros2_control_node-2] [WARN] [1788328347.358040667] [cite.cell_a.arm_1.controller_manager]: Overrun detected! The controller manager missed its desired rate of 150 Hz. The loop took 12.296288 ms (missed cycles : 2).
[ros2_control_node-2] [WARN] [1788328347.429684417] [cite.cell_a.arm_1.controller_manager.hardware_component.system.arm_1_XArmGripperSystem]: 'arm_1_drive_joint/position' has reached a declared stop at 0.386545 and is being held there while the trajectory advances without it.
[ros2_control_node-2] [WARN] [1788328347.701695083] [cite.cell_a.arm_1.controller_manager]: Overrun might occur, Total time : 6899.791 us (Expected < 6666.667 us) --> Read time : 64.208 us, Update time : 6743.542 us, Write time : 92.041 us
[skill_server-5] [INFO] [1788328347.767779500] [cite.cell_a.arm_1.skill_server]: gripper: commanded 56.0 mm, reached 52.0 mm, stalled=true, reached_goal=false, effort=60.0 -> holding
[ros2_control_node-2] [INFO] [1788328347.769390709] [cite.cell_a.arm_1.arm_1_gripper_controller]: Received & accepted new action goal
[WARNING] [launch]: user interrupted with ctrl-c (SIGINT)
[ros2_control_node-2] [INFO] [1788328348.122709334] [rclcpp]: signal_handler(SIGINT/SIGTERM)
[ros2_control_node-2] [INFO] [1788328348.122835459] [cite.cell_a.arm_1.controller_manager]: Shutdown request received....
[ros2_control_node-2] [INFO] [1788328348.122883292] [cite.cell_a.arm_1.controller_manager]: Shutting down all controllers in the controller manager.
[INFO] [skill_server-5]: sending signal 'SIGINT' to process[skill_server-5]
[INFO] [move_group-4]: sending signal 'SIGINT' to process[move_group-4]
[INFO] [ros2_control_node-2]: sending signal 'SIGINT' to process[ros2_control_node-2]
[ERROR] [skill_server-5]: process has died [pid 583, exit code -2, cmd '/workspace/workspace/install/cite_skills/lib/cite_skills/skill_server --ros-args -r __node:=skill_server -r __ns:=/cite/cell_a/arm_1 --params-file /tmp/launch_params_jhflbkr7 --params-file /tmp/launch_params_eq35w4xo --params-file /tmp/launch_params_z1h118qm --params-file /tmp/launch_params_00g_4epd --params-file /tmp/launch_params_j4jmr265 -r /tf:=/tf -r /tf_static:=/tf_static'].
[INFO] [robot_state_publisher-1]: sending signal 'SIGINT' to process[robot_state_publisher-1]
[ERROR] [ros2_control_node-2]: process has died [pid 580, exit code -2, cmd '/opt/ros/jazzy/lib/controller_manager/ros2_control_node --ros-args -r __node:=controller_manager -r __ns:=/cite/cell_a/arm_1 --params-file /workspace/workspace/install/cite_generated/share/cite_generated/control/cell_a_arm_1_controllers.yaml --params-file /tmp/launch_params_qjfrvlok --params-file /tmp/launch_params_r33ld19e'].
[move_group-4] [INFO] [1788328348.122716750] [rclcpp]: signal_handler(SIGINT/SIGTERM)
[ERROR] [move_group-4]: process has died [pid 582, exit code -2, cmd '/opt/ros/jazzy/lib/moveit_ros_move_group/move_group --ros-args -r __node:=move_group -r __ns:=/cite/cell_a/arm_1 --params-file /tmp/launch_params_rt7feewa --params-file /tmp/launch_params_4mi26sa9 --params-file /tmp/launch_params_zuck9orz --params-file /tmp/launch_params_ylazdfxz --params-file /tmp/launch_params_8uaka0v3 --params-file /tmp/launch_params_ty2j89zq -r /tf:=/tf -r /tf_static:=/tf_static'].
[skill_server-5] [INFO] [1788328348.122711125] [rclcpp]: signal_handler(SIGINT/SIGTERM)
[ERROR] [robot_state_publisher-1]: process has died [pid 579, exit code -2, cmd '/opt/ros/jazzy/lib/robot_state_publisher/robot_state_publisher --ros-args -r __node:=description_publisher -r __ns:=/cite/cell_a/arm_1 --params-file /tmp/launch_params_u2uh2crl -r /tf:=/tf -r /tf_static:=/tf_static'].
[robot_state_publisher-1] [INFO] [1788328348.122731250] [rclcpp]: signal_handler(SIGINT/SIGTERM)
[ros2_control_node-2] [INFO] [1788328348.122899375] [cite.cell_a.arm_1.controller_manager]: Deactivating controller 'arm_1_joint_trajectory_controller'
[ros2_control_node-2] [INFO] [1788328348.122985709] [cite.cell_a.arm_1.controller_manager]: Shutting down controller 'arm_1_joint_trajectory_controller'
[ros2_control_node-2] [INFO] [1788328348.123174250] [cite.cell_a.arm_1.controller_manager]: Deactivating controller 'arm_1_gripper_controller'
[ros2_control_node-2] [INFO] [1788328348.123196417] [cite.cell_a.arm_1.controller_manager]: Shutting down controller 'arm_1_gripper_controller'
[ros2_control_node-2] [INFO] [1788328348.123232792] [cite.cell_a.arm_1.controller_manager]: Deactivating controller 'arm_1_joint_state_broadcaster'
[ros2_control_node-2] [INFO] [1788328348.123252542] [cite.cell_a.arm_1.controller_manager]: Shutting down controller 'arm_1_joint_state_broadcaster'
[ros2_control_node-2] [INFO] [1788328348.123279750] [resource_manager]: 'deactivate' hardware 'arm_1_XArmGripperSystem' 
[ros2_control_node-2] [INFO] [1788328348.123293667] [resource_manager]: Successful 'deactivate' of hardware 'arm_1_XArmGripperSystem'
[ros2_control_node-2] [INFO] [1788328348.123295875] [resource_manager]: 'shutdown' hardware 'arm_1_XArmGripperSystem' 
[ros2_control_node-2] [INFO] [1788328348.123298209] [resource_manager]: Successful 'shutdown' of hardware 'arm_1_XArmGripperSystem'
[ros2_control_node-2] [INFO] [1788328348.123337000] [resource_manager]: 'deactivate' hardware 'arm_1_gz_ros2_control/GazeboSimSystem' 
[ros2_control_node-2] [INFO] [1788328348.123344375] [resource_manager]: Successful 'deactivate' of hardware 'arm_1_gz_ros2_control/GazeboSimSystem'
[ros2_control_node-2] [INFO] [1788328348.123346875] [resource_manager]: 'shutdown' hardware 'arm_1_gz_ros2_control/GazeboSimSystem' 
[ros2_control_node-2] [INFO] [1788328348.123348709] [resource_manager]: Successful 'shutdown' of hardware 'arm_1_gz_ros2_control/GazeboSimSystem'
[ros2_control_node-2] [INFO] [1788328348.123364667] [cite.cell_a.arm_1.controller_manager]: Shutting down the controller manager.
[ros2_control_node-2] [ERROR] [1788328348.123546209] [cite.cell_a.arm_1.controller_manager.pal_statistics]: Exception in publisher thread: context cannot be slept with because it's invalid!. Aborting!
[ros2_control_node-2] [ERROR] [1788328348.123561917] [cite.cell_a.arm_1.controller_manager.pal_statistics]: Exception in publisher thread: context cannot be slept with because it's invalid!. Aborting!
[skill_server-5] Warning: class_loader.ClassLoader: SEVERE WARNING!!! Attempting to unload library while objects created by this loader exist in the heap! You should delete your objects before attempting to unload the library or destroying the ClassLoader. The library will NOT be unloaded.
[skill_server-5]          at line 127 in ./src/class_loader.cpp
[ros2_control_node-2] [INFO] [1788328348.127968542] [cite.cell_a.arm_1.controller_manager.pal_statistics]: Async messages lost 0
[ros2_control_node-2] [INFO] [1788328348.127978584] [cite.cell_a.arm_1.controller_manager.pal_statistics]: publish_async_failures_ 0
[ros2_control_node-2] [INFO] [1788328348.129792209] [cite.cell_a.arm_1.controller_manager.pal_statistics]: Async messages lost 0
[ros2_control_node-2] [INFO] [1788328348.129801209] [cite.cell_a.arm_1.controller_manager.pal_statistics]: publish_async_failures_ 0
