[INFO] [launch]: All log files can be found below /home/cite/.ros/log/2026-09-02-05-52-46-186416-3e75d1e01e4f-1356
[INFO] [launch]: Default logging verbosity is set to INFO
[INFO] [robot_state_publisher-1]: process started with pid [1360]
[INFO] [ros2_control_node-2]: process started with pid [1361]
[INFO] [spawner-3]: process started with pid [1362]
[INFO] [move_group-4]: process started with pid [1363]
[INFO] [skill_server-5]: process started with pid [1364]
[robot_state_publisher-1] [INFO] [1788328366.403430676] [cite.cell_a.arm_1.description_publisher]: Robot initialized
[ros2_control_node-2] [INFO] [1788328366.409145009] [cite.cell_a.arm_1.controller_manager]: Using Steady (Monotonic) clock for triggering controller manager cycles.
[ros2_control_node-2] [INFO] [1788328366.413808342] [cite.cell_a.arm_1.controller_manager]: Subscribing to '/cite/cell_a/arm_1/robot_description' topic for robot description.
[ros2_control_node-2] [INFO] [1788328366.415185676] [cite.cell_a.arm_1.controller_manager]: update rate is 150 Hz
[ros2_control_node-2] [INFO] [1788328366.415203551] [cite.cell_a.arm_1.controller_manager]: Overruns handling is : enabled
[ros2_control_node-2] [INFO] [1788328366.415207967] [cite.cell_a.arm_1.controller_manager]: Spawning controller_manager RT thread with scheduler priority: 50
[ros2_control_node-2] [WARN] [1788328366.415278801] [cite.cell_a.arm_1.controller_manager]: Could not enable FIFO RT scheduling policy: with error number <1>(Operation not permitted). See [https://control.ros.org/master/doc/ros2_control/controller_manager/doc/userdoc.html] for details on how to enable realtime scheduling.
[move_group-4] [WARN] [1788328366.426771301] [rcl.logging_rosout]: Publisher already registered for node name: 'move_group'. If this is due to multiple nodes with the same name then all logs for the logger named 'cite.cell_a.arm_1.move_group' will go out over the existing publisher. As soon as any node with that name is destructed it will unregister the publisher, preventing any further logs for that name from being published on the rosout topic.
[move_group-4] [WARN] [1788328366.428853634] [rcl.logging_rosout]: Publisher already registered for node name: 'move_group'. If this is due to multiple nodes with the same name then all logs for the logger named 'cite.cell_a.arm_1.move_group' will go out over the existing publisher. As soon as any node with that name is destructed it will unregister the publisher, preventing any further logs for that name from being published on the rosout topic.
[skill_server-5] [WARN] [1788328366.433100426] [rcl.logging_rosout]: Publisher already registered for node name: 'skill_server'. If this is due to multiple nodes with the same name then all logs for the logger named 'cite.cell_a.arm_1.skill_server' will go out over the existing publisher. As soon as any node with that name is destructed it will unregister the publisher, preventing any further logs for that name from being published on the rosout topic.
[move_group-4] [INFO] [1788328366.434222926] [cite.cell_a.arm_1.move_group.moveit.ros.rdf_loader]: Loaded robot model in 0.00261904 seconds
[move_group-4] [INFO] [1788328366.434302884] [cite.cell_a.arm_1.move_group.moveit.core.robot_model]: Loading robot model 'arm_1'...
[move_group-4] [INFO] [1788328366.434322592] [cite.cell_a.arm_1.move_group.moveit.core.robot_model]: No root/virtual joint specified in SRDF. Assuming fixed joint
[skill_server-5] [INFO] [1788328366.437823176] [cite.cell_a.arm_1.skill_server.moveit.ros.rdf_loader]: Loaded robot model in 0.00199237 seconds
[skill_server-5] [INFO] [1788328366.437882426] [cite.cell_a.arm_1.skill_server.moveit.core.robot_model]: Loading robot model 'arm_1'...
[skill_server-5] [INFO] [1788328366.437892301] [cite.cell_a.arm_1.skill_server.moveit.core.robot_model]: No root/virtual joint specified in SRDF. Assuming fixed joint
[move_group-4] [INFO] [1788328366.445187551] [cite.cell_a.arm_1.move_group.moveit.kinematics.kdl_kinematics_plugin]: Joint weights for group 'arm_1_xarm5': 1 1 1 1 1
[skill_server-5] [INFO] [1788328366.447704217] [cite.cell_a.arm_1.skill_server.moveit.kinematics.kdl_kinematics_plugin]: Joint weights for group 'arm_1_xarm5': 1 1 1 1 1
[move_group-4] [INFO] [1788328366.474981592] [cite.cell_a.arm_1.move_group.moveit.ros.planning_scene_monitor]: Publishing maintained planning scene on 'monitored_planning_scene'
[move_group-4] [INFO] [1788328366.475101051] [cite.cell_a.arm_1.move_group.moveit.ros.moveit_cpp]: Listening to 'joint_states' for joint states
[move_group-4] [INFO] [1788328366.475521259] [cite.cell_a.arm_1.move_group.moveit.ros.current_state_monitor]: Listening to joint states on topic 'joint_states'
[move_group-4] [INFO] [1788328366.475758967] [cite.cell_a.arm_1.move_group.moveit.ros.planning_scene_monitor]: Listening to '/cite/cell_a/arm_1/attached_collision_object' for attached collision objects
[move_group-4] [INFO] [1788328366.475771217] [cite.cell_a.arm_1.move_group.moveit.ros.planning_scene_monitor]: Stopping existing planning scene publisher.
[move_group-4] [INFO] [1788328366.475901134] [cite.cell_a.arm_1.move_group.moveit.ros.planning_scene_monitor]: Stopped publishing maintained planning scene.
[move_group-4] [INFO] [1788328366.476153134] [cite.cell_a.arm_1.move_group.moveit.ros.planning_scene_monitor]: Publishing maintained planning scene on 'monitored_planning_scene'
[move_group-4] [INFO] [1788328366.476206426] [cite.cell_a.arm_1.move_group.moveit.ros.planning_scene_monitor]: Starting planning scene monitor
[move_group-4] [INFO] [1788328366.476383051] [cite.cell_a.arm_1.move_group.moveit.ros.planning_scene_monitor]: Listening to '/cite/cell_a/arm_1/planning_scene'
[move_group-4] [INFO] [1788328366.476389509] [cite.cell_a.arm_1.move_group.moveit.ros.planning_scene_monitor]: Starting world geometry update monitor for collision objects, attached objects, octomap updates.
[move_group-4] [INFO] [1788328366.476776509] [cite.cell_a.arm_1.move_group.moveit.ros.planning_scene_monitor]: Listening to 'collision_object'
[move_group-4] [INFO] [1788328366.476985301] [cite.cell_a.arm_1.move_group.moveit.ros.planning_scene_monitor]: Listening to 'planning_scene_world' for planning scene world geometry
[move_group-4] [WARN] [1788328366.477230467] [cite.cell_a.arm_1.move_group.moveit.ros.occupancy_map_monitor]: Resolution not specified for Octomap. Assuming resolution = 0.1 instead
[move_group-4] [ERROR] [1788328366.477252801] [cite.cell_a.arm_1.move_group.moveit.ros.occupancy_map_monitor]: No 3D sensor plugin(s) defined for octomap updates
[move_group-4] [INFO] [1788328366.482170926] [cite.cell_a.arm_1.move_group.moveit.planners.pilz.joint_limits_aggregator]: Reading limits from namespace robot_description_planning
[move_group-4] [INFO] [1788328366.484767509] [cite.cell_a.arm_1.move_group.moveit.planners.pilz.command_planner]: Available plugins: pilz_industrial_motion_planner/PlanningContextLoaderCIRC pilz_industrial_motion_planner/PlanningContextLoaderLIN pilz_industrial_motion_planner/PlanningContextLoaderPTP 
[move_group-4] [INFO] [1788328366.484790634] [cite.cell_a.arm_1.move_group.moveit.planners.pilz.command_planner]: About to load: pilz_industrial_motion_planner/PlanningContextLoaderCIRC
[move_group-4] [INFO] [1788328366.485598884] [cite.cell_a.arm_1.move_group.moveit.planners.pilz.command_planner]: Registered Algorithm [CIRC]
[move_group-4] [INFO] [1788328366.485612342] [cite.cell_a.arm_1.move_group.moveit.planners.pilz.command_planner]: About to load: pilz_industrial_motion_planner/PlanningContextLoaderLIN
[move_group-4] [INFO] [1788328366.486043176] [cite.cell_a.arm_1.move_group.moveit.planners.pilz.command_planner]: Registered Algorithm [LIN]
[move_group-4] [INFO] [1788328366.486055301] [cite.cell_a.arm_1.move_group.moveit.planners.pilz.command_planner]: About to load: pilz_industrial_motion_planner/PlanningContextLoaderPTP
[move_group-4] [INFO] [1788328366.486504967] [cite.cell_a.arm_1.move_group.moveit.planners.pilz.command_planner]: Registered Algorithm [PTP]
[move_group-4] [INFO] [1788328366.486518051] [cite.cell_a.arm_1.move_group.moveit.ros.planning_pipeline]: Successfully loaded planner 'Pilz Industrial Motion Planner'
[move_group-4] [INFO] [1788328366.487236134] [cite.cell_a.arm_1.move_group]: Try loading adapter 'default_planning_request_adapters/ResolveConstraintFrames'
[move_group-4] [INFO] [1788328366.487737509] [cite.cell_a.arm_1.move_group]: Loaded adapter 'default_planning_request_adapters/ResolveConstraintFrames'
[move_group-4] [INFO] [1788328366.487748717] [cite.cell_a.arm_1.move_group]: Try loading adapter 'default_planning_request_adapters/ValidateWorkspaceBounds'
[move_group-4] [INFO] [1788328366.487884801] [cite.cell_a.arm_1.move_group]: Loaded adapter 'default_planning_request_adapters/ValidateWorkspaceBounds'
[move_group-4] [INFO] [1788328366.487889634] [cite.cell_a.arm_1.move_group]: Try loading adapter 'default_planning_request_adapters/CheckStartStateBounds'
[move_group-4] [INFO] [1788328366.487898634] [cite.cell_a.arm_1.move_group]: Loaded adapter 'default_planning_request_adapters/CheckStartStateBounds'
[move_group-4] [INFO] [1788328366.487901092] [cite.cell_a.arm_1.move_group]: Try loading adapter 'default_planning_request_adapters/CheckStartStateCollision'
[move_group-4] [INFO] [1788328366.487913301] [cite.cell_a.arm_1.move_group]: Loaded adapter 'default_planning_request_adapters/CheckStartStateCollision'
[move_group-4] [INFO] [1788328366.488567926] [cite.cell_a.arm_1.move_group]: Try loading adapter 'default_planning_response_adapters/ValidateSolution'
[move_group-4] [INFO] [1788328366.491226759] [cite.cell_a.arm_1.move_group]: Loaded adapter 'default_planning_response_adapters/ValidateSolution'
[move_group-4] [INFO] [1788328366.491239884] [cite.cell_a.arm_1.move_group]: Try loading adapter 'default_planning_response_adapters/DisplayMotionPath'
[move_group-4] [INFO] [1788328366.491609967] [cite.cell_a.arm_1.move_group]: Loaded adapter 'default_planning_response_adapters/DisplayMotionPath'
[move_group-4] [INFO] [1788328366.500805301] [cite.cell_a.arm_1.move_group.moveit.ros.planning_pipeline]: Successfully loaded planner 'OMPL'
[move_group-4] [INFO] [1788328366.501546551] [cite.cell_a.arm_1.move_group]: Try loading adapter 'default_planning_request_adapters/ResolveConstraintFrames'
[move_group-4] [INFO] [1788328366.501682842] [cite.cell_a.arm_1.move_group]: Loaded adapter 'default_planning_request_adapters/ResolveConstraintFrames'
[move_group-4] [INFO] [1788328366.501690092] [cite.cell_a.arm_1.move_group]: Try loading adapter 'default_planning_request_adapters/ValidateWorkspaceBounds'
[move_group-4] [INFO] [1788328366.501818426] [cite.cell_a.arm_1.move_group]: Loaded adapter 'default_planning_request_adapters/ValidateWorkspaceBounds'
[move_group-4] [INFO] [1788328366.501822217] [cite.cell_a.arm_1.move_group]: Try loading adapter 'default_planning_request_adapters/CheckStartStateBounds'
[move_group-4] [INFO] [1788328366.501830259] [cite.cell_a.arm_1.move_group]: Loaded adapter 'default_planning_request_adapters/CheckStartStateBounds'
[move_group-4] [INFO] [1788328366.501853259] [cite.cell_a.arm_1.move_group]: Try loading adapter 'default_planning_request_adapters/CheckStartStateCollision'
[move_group-4] [INFO] [1788328366.501863717] [cite.cell_a.arm_1.move_group]: Loaded adapter 'default_planning_request_adapters/CheckStartStateCollision'
[move_group-4] [INFO] [1788328366.502518051] [cite.cell_a.arm_1.move_group]: Try loading adapter 'default_planning_response_adapters/AddTimeOptimalParameterization'
[move_group-4] [INFO] [1788328366.502762426] [cite.cell_a.arm_1.move_group]: Loaded adapter 'default_planning_response_adapters/AddTimeOptimalParameterization'
[move_group-4] [INFO] [1788328366.502771009] [cite.cell_a.arm_1.move_group]: Try loading adapter 'default_planning_response_adapters/ValidateSolution'
[move_group-4] [INFO] [1788328366.503006967] [cite.cell_a.arm_1.move_group]: Loaded adapter 'default_planning_response_adapters/ValidateSolution'
[move_group-4] [INFO] [1788328366.503011842] [cite.cell_a.arm_1.move_group]: Try loading adapter 'default_planning_response_adapters/DisplayMotionPath'
[move_group-4] [INFO] [1788328366.503156634] [cite.cell_a.arm_1.move_group]: Loaded adapter 'default_planning_response_adapters/DisplayMotionPath'
[move_group-4] [WARN] [1788328366.503839967] [rcl.logging_rosout]: Publisher already registered for node name: 'move_group'. If this is due to multiple nodes with the same name then all logs for the logger named 'cite.cell_a.arm_1.move_group' will go out over the existing publisher. As soon as any node with that name is destructed it will unregister the publisher, preventing any further logs for that name from being published on the rosout topic.
[move_group-4] [INFO] [1788328366.516580009] [cite.cell_a.arm_1.move_group.moveit.plugins.simple_controller_manager]: Added FollowJointTrajectory controller for arm_1_joint_trajectory_controller
[move_group-4] [INFO] [1788328366.516616426] [cite.cell_a.arm_1.move_group.moveit.plugins.simple_controller_manager]: arm_1_gripper_controller will command a max effort of: 0
[move_group-4] [INFO] [1788328366.517699051] [cite.cell_a.arm_1.move_group.moveit.plugins.simple_controller_manager]: Added GripperCommand controller for arm_1_gripper_controller
[move_group-4] [INFO] [1788328366.517802092] [cite.cell_a.arm_1.move_group.moveit.plugins.simple_controller_manager]: Returned 2 controllers in list
[move_group-4] [INFO] [1788328366.517817759] [cite.cell_a.arm_1.move_group.moveit.plugins.simple_controller_manager]: Returned 2 controllers in list
[move_group-4] [INFO] [1788328366.518023551] [cite.cell_a.arm_1.move_group.moveit.ros.trajectory_execution_manager]: Trajectory execution is not managing controllers
[move_group-4] [INFO] [1788328366.518040259] [cite.cell_a.arm_1.move_group]: MoveGroup debug mode is ON
[move_group-4] [INFO] [1788328366.527164634] [cite.cell_a.arm_1.move_group.moveit.ros.move_group.executable]: 
[move_group-4] 
[move_group-4] ********************************************************
[move_group-4] * MoveGroup using: 
[move_group-4] *     - apply_planning_scene_service
[move_group-4] *     - clear_octomap_service
[move_group-4] *     - get_group_urdf
[move_group-4] *     - load_geometry_from_file
[move_group-4] *     - CartesianPathService
[move_group-4] *     - execute_trajectory_action
[move_group-4] *     - get_planning_scene_service
[move_group-4] *     - kinematics_service
[move_group-4] *     - move_action
[move_group-4] *     - motion_plan_service
[move_group-4] *     - query_planners_service
[move_group-4] *     - state_validation_service
[move_group-4] *     - save_geometry_to_file
[move_group-4] ********************************************************
[move_group-4] 
[move_group-4] [INFO] [1788328366.527199134] [cite.cell_a.arm_1.move_group.moveit.ros.move_group.context]: MoveGroup context using pipeline pilz_industrial_motion_planner
[move_group-4] [INFO] [1788328366.527204551] [cite.cell_a.arm_1.move_group.moveit.ros.move_group.context]: MoveGroup context initialization complete
[move_group-4] [96mLoading 'move_group/ApplyPlanningSceneService'...[0m
[move_group-4] [96mLoading 'move_group/ClearOctomapService'...[0m
[move_group-4] [96mLoading 'move_group/GetUrdfService'...[0m
[move_group-4] [96mLoading 'move_group/LoadGeometryFromFileService'...[0m
[move_group-4] [96mLoading 'move_group/MoveGroupCartesianPathService'...[0m
[move_group-4] [96mLoading 'move_group/MoveGroupExecuteTrajectoryAction'...[0m
[move_group-4] [96mLoading 'move_group/MoveGroupGetPlanningSceneService'...[0m
[move_group-4] [96mLoading 'move_group/MoveGroupKinematicsService'...[0m
[move_group-4] [96mLoading 'move_group/MoveGroupMoveAction'...[0m
[move_group-4] [96mLoading 'move_group/MoveGroupPlanService'...[0m
[move_group-4] [96mLoading 'move_group/MoveGroupQueryPlannersService'...[0m
[move_group-4] [96mLoading 'move_group/MoveGroupStateValidationService'...[0m
[move_group-4] [96mLoading 'move_group/SaveGeometryToFileService'...[0m
[move_group-4] 
[move_group-4] [92mYou can start planning now![0m
[move_group-4] 
[skill_server-5] [INFO] [1788328366.540304634] [cite.cell_a.arm_1.skill_server.moveit.ros.move_group_interface]: Ready to take commands for planning group arm_1_xarm5.
[skill_server-5] [INFO] [1788328366.540333634] [cite.cell_a.arm_1.skill_server]: planning for group 'arm_1_xarm5' with end effector 'arm_1_link_tcp' (planning frame 'arm_1_mount')
[skill_server-5] [INFO] [1788328366.540337134] [cite.cell_a.arm_1.skill_server]: planner: pilz_industrial_motion_planner/PTP, falling back to ompl (its own default planner) (ADR-0027)
[skill_server-5] [INFO] [1788328366.550210384] [cite.cell_a.arm_1.skill_server]: skills for arm_1 are accepting goals
[ros2_control_node-2] [INFO] [1788328366.591425718] [cite.cell_a.arm_1.controller_manager]: Received robot description from topic.
[spawner-3] [INFO] [1788328366.591568176] [spawn_controllers]: waiting for service /cite/cell_a/arm_1/controller_manager/list_controllers to become available...
[ros2_control_node-2] [INFO] [1788328366.593149426] [cite.cell_a.arm_1.controller_manager]: Using JointLimiter for joint 'arm_1_joint5' in hardware 'arm_1_gz_ros2_control/GazeboSimSystem' : '  has position limits: true [-6.28319, 6.28319]
[ros2_control_node-2]   has velocity limits: true [3.14]
[ros2_control_node-2]   has acceleration limits: false [nan]
[ros2_control_node-2]   has deceleration limits: false [nan]
[ros2_control_node-2]   has jerk limits: false [nan]
[ros2_control_node-2]   has effort limits: true [20]
[ros2_control_node-2]   angle wraparound: false'
[ros2_control_node-2] [INFO] [1788328366.593197593] [cite.cell_a.arm_1.controller_manager]: Creating JointSaturationLimiter for joint 'arm_1_joint5' in hardware 'arm_1_gz_ros2_control/GazeboSimSystem'
[ros2_control_node-2] [INFO] [1788328366.593216759] [cite.cell_a.arm_1.controller_manager]: Using JointLimiter for joint 'arm_1_joint4' in hardware 'arm_1_gz_ros2_control/GazeboSimSystem' : '  has position limits: true [-1.69297, 3.14159]
[ros2_control_node-2]   has velocity limits: true [3.14]
[ros2_control_node-2]   has acceleration limits: false [nan]
[ros2_control_node-2]   has deceleration limits: false [nan]
[ros2_control_node-2]   has jerk limits: false [nan]
[ros2_control_node-2]   has effort limits: true [20]
[ros2_control_node-2]   angle wraparound: false'
[ros2_control_node-2] [INFO] [1788328366.593220676] [cite.cell_a.arm_1.controller_manager]: Creating JointSaturationLimiter for joint 'arm_1_joint4' in hardware 'arm_1_gz_ros2_control/GazeboSimSystem'
[ros2_control_node-2] [INFO] [1788328366.593225009] [cite.cell_a.arm_1.controller_manager]: Using JointLimiter for joint 'arm_1_joint2' in hardware 'arm_1_gz_ros2_control/GazeboSimSystem' : '  has position limits: true [-2.059, 2.0944]
[ros2_control_node-2]   has velocity limits: true [3.14]
[ros2_control_node-2]   has acceleration limits: false [nan]
[ros2_control_node-2]   has deceleration limits: false [nan]
[ros2_control_node-2]   has jerk limits: false [nan]
[ros2_control_node-2]   has effort limits: true [50]
[ros2_control_node-2]   angle wraparound: false'
[ros2_control_node-2] [INFO] [1788328366.593227634] [cite.cell_a.arm_1.controller_manager]: Creating JointSaturationLimiter for joint 'arm_1_joint2' in hardware 'arm_1_gz_ros2_control/GazeboSimSystem'
[ros2_control_node-2] [INFO] [1788328366.593231384] [cite.cell_a.arm_1.controller_manager]: Using JointLimiter for joint 'arm_1_joint3' in hardware 'arm_1_gz_ros2_control/GazeboSimSystem' : '  has position limits: true [-3.927, 0.19198]
[ros2_control_node-2]   has velocity limits: true [3.14]
[ros2_control_node-2]   has acceleration limits: false [nan]
[ros2_control_node-2]   has deceleration limits: false [nan]
[ros2_control_node-2]   has jerk limits: false [nan]
[ros2_control_node-2]   has effort limits: true [30]
[ros2_control_node-2]   angle wraparound: false'
[ros2_control_node-2] [INFO] [1788328366.593233968] [cite.cell_a.arm_1.controller_manager]: Creating JointSaturationLimiter for joint 'arm_1_joint3' in hardware 'arm_1_gz_ros2_control/GazeboSimSystem'
[ros2_control_node-2] [INFO] [1788328366.593237593] [cite.cell_a.arm_1.controller_manager]: Using JointLimiter for joint 'arm_1_joint1' in hardware 'arm_1_gz_ros2_control/GazeboSimSystem' : '  has position limits: true [-6.28319, 6.28319]
[ros2_control_node-2]   has velocity limits: true [3.14]
[ros2_control_node-2]   has acceleration limits: false [nan]
[ros2_control_node-2]   has deceleration limits: false [nan]
[ros2_control_node-2]   has jerk limits: false [nan]
[ros2_control_node-2]   has effort limits: true [50]
[ros2_control_node-2]   angle wraparound: false'
[ros2_control_node-2] [INFO] [1788328366.593240134] [cite.cell_a.arm_1.controller_manager]: Creating JointSaturationLimiter for joint 'arm_1_joint1' in hardware 'arm_1_gz_ros2_control/GazeboSimSystem'
[ros2_control_node-2] [INFO] [1788328366.593244051] [cite.cell_a.arm_1.controller_manager]: Using JointLimiter for joint 'arm_1_right_inner_knuckle_joint' in hardware 'arm_1_XArmGripperSystem' : '  has position limits: true [0, 0.85]
[ros2_control_node-2]   has velocity limits: true [2]
[ros2_control_node-2]   has acceleration limits: false [nan]
[ros2_control_node-2]   has deceleration limits: false [nan]
[ros2_control_node-2]   has jerk limits: false [nan]
[ros2_control_node-2]   has effort limits: true [50]
[ros2_control_node-2]   angle wraparound: false'
[ros2_control_node-2] [INFO] [1788328366.593273259] [cite.cell_a.arm_1.controller_manager]: Creating JointSaturationLimiter for joint 'arm_1_right_inner_knuckle_joint' in hardware 'arm_1_XArmGripperSystem'
[ros2_control_node-2] [INFO] [1788328366.593282801] [cite.cell_a.arm_1.controller_manager]: Using JointLimiter for joint 'arm_1_right_finger_joint' in hardware 'arm_1_XArmGripperSystem' : '  has position limits: true [0, 0.85]
[ros2_control_node-2]   has velocity limits: true [2]
[ros2_control_node-2]   has acceleration limits: false [nan]
[ros2_control_node-2]   has deceleration limits: false [nan]
[ros2_control_node-2]   has jerk limits: false [nan]
[ros2_control_node-2]   has effort limits: true [50]
[ros2_control_node-2]   angle wraparound: false'
[ros2_control_node-2] [INFO] [1788328366.593285509] [cite.cell_a.arm_1.controller_manager]: Creating JointSaturationLimiter for joint 'arm_1_right_finger_joint' in hardware 'arm_1_XArmGripperSystem'
[ros2_control_node-2] [INFO] [1788328366.593289176] [cite.cell_a.arm_1.controller_manager]: Using JointLimiter for joint 'arm_1_right_outer_knuckle_joint' in hardware 'arm_1_XArmGripperSystem' : '  has position limits: true [0, 0.85]
[ros2_control_node-2]   has velocity limits: true [2]
[ros2_control_node-2]   has acceleration limits: false [nan]
[ros2_control_node-2]   has deceleration limits: false [nan]
[ros2_control_node-2]   has jerk limits: false [nan]
[ros2_control_node-2]   has effort limits: true [50]
[ros2_control_node-2]   angle wraparound: false'
[ros2_control_node-2] [INFO] [1788328366.593291676] [cite.cell_a.arm_1.controller_manager]: Creating JointSaturationLimiter for joint 'arm_1_right_outer_knuckle_joint' in hardware 'arm_1_XArmGripperSystem'
[ros2_control_node-2] [INFO] [1788328366.593295343] [cite.cell_a.arm_1.controller_manager]: Using JointLimiter for joint 'arm_1_left_inner_knuckle_joint' in hardware 'arm_1_XArmGripperSystem' : '  has position limits: true [0, 0.85]
[ros2_control_node-2]   has velocity limits: true [2]
[ros2_control_node-2]   has acceleration limits: false [nan]
[ros2_control_node-2]   has deceleration limits: false [nan]
[ros2_control_node-2]   has jerk limits: false [nan]
[ros2_control_node-2]   has effort limits: true [50]
[ros2_control_node-2]   angle wraparound: false'
[ros2_control_node-2] [INFO] [1788328366.593298218] [cite.cell_a.arm_1.controller_manager]: Creating JointSaturationLimiter for joint 'arm_1_left_inner_knuckle_joint' in hardware 'arm_1_XArmGripperSystem'
[ros2_control_node-2] [INFO] [1788328366.593301676] [cite.cell_a.arm_1.controller_manager]: Using JointLimiter for joint 'arm_1_left_finger_joint' in hardware 'arm_1_XArmGripperSystem' : '  has position limits: true [0, 0.85]
[ros2_control_node-2]   has velocity limits: true [2]
[ros2_control_node-2]   has acceleration limits: false [nan]
[ros2_control_node-2]   has deceleration limits: false [nan]
[ros2_control_node-2]   has jerk limits: false [nan]
[ros2_control_node-2]   has effort limits: true [50]
[ros2_control_node-2]   angle wraparound: false'
[ros2_control_node-2] [INFO] [1788328366.593304009] [cite.cell_a.arm_1.controller_manager]: Creating JointSaturationLimiter for joint 'arm_1_left_finger_joint' in hardware 'arm_1_XArmGripperSystem'
[ros2_control_node-2] [INFO] [1788328366.593307426] [cite.cell_a.arm_1.controller_manager]: Using JointLimiter for joint 'arm_1_drive_joint' in hardware 'arm_1_XArmGripperSystem' : '  has position limits: true [0, 0.85]
[ros2_control_node-2]   has velocity limits: true [1]
[ros2_control_node-2]   has acceleration limits: false [nan]
[ros2_control_node-2]   has deceleration limits: false [nan]
[ros2_control_node-2]   has jerk limits: false [nan]
[ros2_control_node-2]   has effort limits: true [50]
[ros2_control_node-2]   angle wraparound: false'
[ros2_control_node-2] [INFO] [1788328366.593309759] [cite.cell_a.arm_1.controller_manager]: Creating JointSaturationLimiter for joint 'arm_1_drive_joint' in hardware 'arm_1_XArmGripperSystem'
[ros2_control_node-2] [INFO] [1788328366.593316426] [cite.cell_a.arm_1.controller_manager]: Enforcing command limits is enabled...
[ros2_control_node-2] [INFO] [1788328366.594222051] [cite.cell_a.arm_1.controller_manager]: Loading hardware 'arm_1_gz_ros2_control/GazeboSimSystem' 
[ros2_control_node-2] [INFO] [1788328366.594493343] [cite.cell_a.arm_1.controller_manager]: Loaded hardware 'arm_1_gz_ros2_control/GazeboSimSystem' from plugin 'mock_components/GenericSystem'
[ros2_control_node-2] [INFO] [1788328366.594524718] [cite.cell_a.arm_1.controller_manager]: Initialize hardware 'arm_1_gz_ros2_control/GazeboSimSystem' 
[ros2_control_node-2] [INFO] [1788328366.600965759] [cite.cell_a.arm_1.controller_manager]: Successful initialization of hardware 'arm_1_gz_ros2_control/GazeboSimSystem'
[ros2_control_node-2] [INFO] [1788328366.601099426] [cite.cell_a.arm_1.controller_manager]: Loading hardware 'arm_1_XArmGripperSystem' 
[ros2_control_node-2] [INFO] [1788328366.601410468] [cite.cell_a.arm_1.controller_manager]: Loaded hardware 'arm_1_XArmGripperSystem' from plugin 'cite_test_hardware/JointStopSystem'
[ros2_control_node-2] [INFO] [1788328366.601444509] [cite.cell_a.arm_1.controller_manager]: Initialize hardware 'arm_1_XArmGripperSystem' 
[ros2_control_node-2] [WARN] [1788328366.605324551] [cite.cell_a.arm_1.controller_manager.hardware_component.system.arm_1_XArmGripperSystem]: 'arm_1_XArmGripperSystem' is the ADR-0040 TEST FIXTURE. 'arm_1_drive_joint' has hard stops at [0.367366, 1.000000] and 6 joint(s) report a differentiated velocity. Nothing about this component describes real hardware.
[ros2_control_node-2] [INFO] [1788328366.605350926] [cite.cell_a.arm_1.controller_manager]: Successful initialization of hardware 'arm_1_XArmGripperSystem'
[ros2_control_node-2] [INFO] [1788328366.605409718] [cite.cell_a.arm_1.controller_manager]: Activating component 'arm_1_XArmGripperSystem'.
[ros2_control_node-2] [INFO] [1788328366.605417176] [resource_manager]: 'configure' hardware 'arm_1_XArmGripperSystem' 
[ros2_control_node-2] [INFO] [1788328366.605426759] [resource_manager]: Successful 'configure' of hardware 'arm_1_XArmGripperSystem'
[ros2_control_node-2] [INFO] [1788328366.605432468] [resource_manager]: 'activate' hardware 'arm_1_XArmGripperSystem' 
[ros2_control_node-2] [INFO] [1788328366.605437509] [resource_manager]: Successful 'activate' of hardware 'arm_1_XArmGripperSystem'
[ros2_control_node-2] [INFO] [1788328366.605479634] [cite.cell_a.arm_1.controller_manager]: Activating component 'arm_1_gz_ros2_control/GazeboSimSystem'.
[ros2_control_node-2] [INFO] [1788328366.605483509] [resource_manager]: 'configure' hardware 'arm_1_gz_ros2_control/GazeboSimSystem' 
[ros2_control_node-2] [INFO] [1788328366.605487259] [resource_manager]: Successful 'configure' of hardware 'arm_1_gz_ros2_control/GazeboSimSystem'
[ros2_control_node-2] [INFO] [1788328366.605489509] [resource_manager]: 'activate' hardware 'arm_1_gz_ros2_control/GazeboSimSystem' 
[ros2_control_node-2] [INFO] [1788328366.605490968] [resource_manager]: Successful 'activate' of hardware 'arm_1_gz_ros2_control/GazeboSimSystem'
[ros2_control_node-2] [INFO] [1788328366.605499384] [cite.cell_a.arm_1.controller_manager]: Registering statistics for : arm_1_XArmGripperSystem
[ros2_control_node-2] [INFO] [1788328366.605526634] [cite.cell_a.arm_1.controller_manager]: Registering statistics for : arm_1_gz_ros2_control/GazeboSimSystem
[ros2_control_node-2] [INFO] [1788328366.605546468] [cite.cell_a.arm_1.controller_manager]: Resource Manager has been successfully initialized. Starting Controller Manager services...
[ros2_control_node-2] [INFO] [1788328367.012843134] [cite.cell_a.arm_1.controller_manager]: Loading controller : 'arm_1_joint_state_broadcaster' of type 'joint_state_broadcaster/JointStateBroadcaster'
[ros2_control_node-2] [INFO] [1788328367.012953676] [cite.cell_a.arm_1.controller_manager]: Loading controller 'arm_1_joint_state_broadcaster'
[ros2_control_node-2] [INFO] [1788328367.018488259] [cite.cell_a.arm_1.controller_manager]: Controller 'arm_1_joint_state_broadcaster' node arguments: --ros-args --params-file /workspace/workspace/install/cite_generated/share/cite_generated/control/cell_a_arm_1_controllers.yaml --params-file /tmp/launch_params_0cy_30o9 --params-file /tmp/launch_params_ru6dfwr2 
[spawner-3] [INFO] [1788328367.039453426] [spawn_controllers]: Loaded arm_1_joint_state_broadcaster
[ros2_control_node-2] [INFO] [1788328367.040609718] [cite.cell_a.arm_1.controller_manager]: Configuring controller: 'arm_1_joint_state_broadcaster'
[ros2_control_node-2] [INFO] [1788328367.040744343] [cite.cell_a.arm_1.arm_1_joint_state_broadcaster]: 'joints' or 'interfaces' parameter is empty. All available state interfaces will be published
[ros2_control_node-2] [INFO] [1788328367.053763634] [cite.cell_a.arm_1.controller_manager]: Activating controllers: [ arm_1_joint_state_broadcaster ]
[ros2_control_node-2] [INFO] [1788328367.057468051] [cite.cell_a.arm_1.controller_manager]: Successfully switched controllers!
[spawner-3] [INFO] [1788328367.066310634] [spawn_controllers]: Configured and activated arm_1_joint_state_broadcaster
[ros2_control_node-2] [INFO] [1788328367.066970801] [cite.cell_a.arm_1.controller_manager]: Loading controller : 'arm_1_gripper_controller' of type 'position_controllers/GripperActionController'
[ros2_control_node-2] [INFO] [1788328367.066997509] [cite.cell_a.arm_1.controller_manager]: Loading controller 'arm_1_gripper_controller'
[ros2_control_node-2] [INFO] [1788328367.068340259] [cite.cell_a.arm_1.controller_manager]: Controller 'arm_1_gripper_controller' node arguments: --ros-args --params-file /workspace/workspace/install/cite_generated/share/cite_generated/control/cell_a_arm_1_controllers.yaml --params-file /tmp/launch_params_0cy_30o9 --params-file /tmp/launch_params_ru6dfwr2 
[ros2_control_node-2] [WARN] [1788328367.076378968] [cite.cell_a.arm_1.arm_1_gripper_controller]: [Deprecated]: the `position_controllers/GripperActionController` and `effort_controllers::GripperActionController` controllers are replaced by 'parallel_gripper_controllers/GripperActionController' controller
[spawner-3] [INFO] [1788328367.077912301] [spawn_controllers]: Loaded arm_1_gripper_controller
[ros2_control_node-2] [INFO] [1788328367.078190426] [cite.cell_a.arm_1.controller_manager]: Configuring controller: 'arm_1_gripper_controller'
[ros2_control_node-2] [INFO] [1788328367.078232801] [cite.cell_a.arm_1.arm_1_gripper_controller]: Action status changes will be monitored at 20.000000 Hz.
[ros2_control_node-2] [INFO] [1788328367.085691801] [cite.cell_a.arm_1.controller_manager]: Activating controllers: [ arm_1_gripper_controller ]
[ros2_control_node-2] [INFO] [1788328367.096139676] [cite.cell_a.arm_1.controller_manager]: Successfully switched controllers!
[spawner-3] [INFO] [1788328367.098233051] [spawn_controllers]: Configured and activated arm_1_gripper_controller
[ros2_control_node-2] [INFO] [1788328367.098764843] [cite.cell_a.arm_1.controller_manager]: Loading controller : 'arm_1_joint_trajectory_controller' of type 'joint_trajectory_controller/JointTrajectoryController'
[ros2_control_node-2] [INFO] [1788328367.098779593] [cite.cell_a.arm_1.controller_manager]: Loading controller 'arm_1_joint_trajectory_controller'
[ros2_control_node-2] [INFO] [1788328367.100365426] [cite.cell_a.arm_1.controller_manager]: Controller 'arm_1_joint_trajectory_controller' node arguments: --ros-args --params-file /workspace/workspace/install/cite_generated/share/cite_generated/control/cell_a_arm_1_controllers.yaml --params-file /tmp/launch_params_0cy_30o9 --params-file /tmp/launch_params_ru6dfwr2 
[spawner-3] [INFO] [1788328367.118946884] [spawn_controllers]: Loaded arm_1_joint_trajectory_controller
[ros2_control_node-2] [INFO] [1788328367.119185509] [cite.cell_a.arm_1.controller_manager]: Configuring controller: 'arm_1_joint_trajectory_controller'
[ros2_control_node-2] [INFO] [1788328367.119314634] [cite.cell_a.arm_1.arm_1_joint_trajectory_controller]: No specific joint names are used for command interfaces. Using 'joints' parameter.
[ros2_control_node-2] [INFO] [1788328367.119344884] [cite.cell_a.arm_1.arm_1_joint_trajectory_controller]: Command interfaces are [position] and state interfaces are [position velocity].
[ros2_control_node-2] [INFO] [1788328367.119365343] [cite.cell_a.arm_1.arm_1_joint_trajectory_controller]: Using 'splines' interpolation method.
[ros2_control_node-2] [INFO] [1788328367.121166551] [cite.cell_a.arm_1.arm_1_joint_trajectory_controller]: Action status changes will be monitored at 20.00 Hz.
[ros2_control_node-2] [INFO] [1788328367.124048593] [cite.cell_a.arm_1.arm_1_joint_trajectory_controller]: Setting initial scaling factor to 1.000000
[ros2_control_node-2] [INFO] [1788328367.124065509] [cite.cell_a.arm_1.arm_1_joint_trajectory_controller]: No scaling interface set. This controller will not read speed scaling from the hardware.
[ros2_control_node-2] [INFO] [1788328367.131694259] [cite.cell_a.arm_1.controller_manager]: Activating controllers: [ arm_1_joint_trajectory_controller ]
[ros2_control_node-2] [INFO] [1788328367.137543759] [cite.cell_a.arm_1.controller_manager]: Successfully switched controllers!
[spawner-3] [INFO] [1788328367.146139218] [spawn_controllers]: Configured and activated arm_1_joint_trajectory_controller
[INFO] [spawner-3]: process has finished cleanly [pid 1362]
[ros2_control_node-2] [WARN] [1788328367.496287801] [cite.cell_a.arm_1.controller_manager]: Overrun detected! The controller manager missed its desired rate of 150 Hz. The loop took 12.829398 ms (missed cycles : 2).
[ros2_control_node-2] [WARN] [1788328368.527354718] [cite.cell_a.arm_1.controller_manager]: Overrun detected! The controller manager missed its desired rate of 150 Hz. The loop took 10.562460 ms (missed cycles : 2).
[ros2_control_node-2] [WARN] [1788328368.722088010] [cite.cell_a.arm_1.controller_manager]: Overrun might occur, Total time : 10035.875 us (Expected < 6666.667 us) --> Read time : 54.250 us, Update time : 9972.292 us, Write time : 9.333 us
[ros2_control_node-2] [WARN] [1788328369.742848011] [cite.cell_a.arm_1.controller_manager]: Overrun detected! The controller manager missed its desired rate of 150 Hz. The loop took 12.721499 ms (missed cycles : 2).
[ros2_control_node-2] [WARN] [1788328370.048522427] [cite.cell_a.arm_1.controller_manager]: Overrun might occur, Total time : 9697.001 us (Expected < 6666.667 us) --> Read time : 68.250 us, Update time : 9611.042 us, Write time : 17.709 us
[ros2_control_node-2] [WARN] [1788328370.771016094] [cite.cell_a.arm_1.controller_manager]: Overrun detected! The controller manager missed its desired rate of 150 Hz. The loop took 7.557561 ms (missed cycles : 2).
[ros2_control_node-2] [WARN] [1788328371.811335887] [cite.cell_a.arm_1.controller_manager]: Overrun detected! The controller manager missed its desired rate of 150 Hz. The loop took 7.877749 ms (missed cycles : 2).
[ros2_control_node-2] [WARN] [1788328373.089892846] [cite.cell_a.arm_1.controller_manager]: Overrun detected! The controller manager missed its desired rate of 150 Hz. The loop took 33.100417 ms (missed cycles : 5).
[ros2_control_node-2] [WARN] [1788328374.239906596] [cite.cell_a.arm_1.controller_manager]: Overrun detected! The controller manager missed its desired rate of 150 Hz. The loop took 9.781368 ms (missed cycles : 2).
[ros2_control_node-2] [WARN] [1788328375.245794388] [cite.cell_a.arm_1.controller_manager]: Overrun detected! The controller manager missed its desired rate of 150 Hz. The loop took 8.993636 ms (missed cycles : 2).
[ros2_control_node-2] [WARN] [1788328376.652065000] [cite.cell_a.arm_1.controller_manager]: Overrun detected! The controller manager missed its desired rate of 150 Hz. The loop took 8.529026 ms (missed cycles : 2).
[ros2_control_node-2] [WARN] [1788328377.690355083] [cite.cell_a.arm_1.controller_manager]: Overrun detected! The controller manager missed its desired rate of 150 Hz. The loop took 6.821214 ms (missed cycles : 2).
[ros2_control_node-2] [WARN] [1788328378.700655792] [cite.cell_a.arm_1.controller_manager]: Overrun detected! The controller manager missed its desired rate of 150 Hz. The loop took 10.454523 ms (missed cycles : 2).
[ros2_control_node-2] [WARN] [1788328379.805024668] [cite.cell_a.arm_1.controller_manager]: Overrun detected! The controller manager missed its desired rate of 150 Hz. The loop took 8.158134 ms (missed cycles : 2).
[ros2_control_node-2] [WARN] [1788328380.924895918] [cite.cell_a.arm_1.controller_manager]: Overrun detected! The controller manager missed its desired rate of 150 Hz. The loop took 14.695413 ms (missed cycles : 3).
[ros2_control_node-2] [WARN] [1788328381.999390836] [cite.cell_a.arm_1.controller_manager]: Overrun detected! The controller manager missed its desired rate of 150 Hz. The loop took 15.857104 ms (missed cycles : 3).
[ros2_control_node-2] [WARN] [1788328383.107708836] [cite.cell_a.arm_1.controller_manager]: Overrun detected! The controller manager missed its desired rate of 150 Hz. The loop took 10.841008 ms (missed cycles : 2).
[ros2_control_node-2] [WARN] [1788328384.241347545] [cite.cell_a.arm_1.controller_manager]: Overrun detected! The controller manager missed its desired rate of 150 Hz. The loop took 17.812871 ms (missed cycles : 3).
[ros2_control_node-2] [WARN] [1788328385.329461379] [cite.cell_a.arm_1.controller_manager]: Overrun detected! The controller manager missed its desired rate of 150 Hz. The loop took 19.261730 ms (missed cycles : 3).
[ros2_control_node-2] [WARN] [1788328386.365954796] [cite.cell_a.arm_1.controller_manager]: Overrun detected! The controller manager missed its desired rate of 150 Hz. The loop took 9.087669 ms (missed cycles : 2).
[ros2_control_node-2] [WARN] [1788328386.671762921] [cite.cell_a.arm_1.controller_manager]: Overrun might occur, Total time : 13180.000 us (Expected < 6666.667 us) --> Read time : 12930.000 us, Update time : 241.291 us, Write time : 8.709 us
[ros2_control_node-2] [WARN] [1788328387.820433463] [cite.cell_a.arm_1.controller_manager]: Overrun detected! The controller manager missed its desired rate of 150 Hz. The loop took 16.901272 ms (missed cycles : 3).
[ros2_control_node-2] [WARN] [1788328387.953567213] [cite.cell_a.arm_1.controller_manager]: Overrun might occur, Total time : 28553.375 us (Expected < 6666.667 us) --> Read time : 31.334 us, Update time : 28516.791 us, Write time : 5.250 us
[ros2_control_node-2] [WARN] [1788328389.799199881] [cite.cell_a.arm_1.controller_manager]: Overrun detected! The controller manager missed its desired rate of 150 Hz. The loop took 8.999055 ms (missed cycles : 2).
[ros2_control_node-2] [WARN] [1788328390.887541881] [cite.cell_a.arm_1.controller_manager]: Overrun detected! The controller manager missed its desired rate of 150 Hz. The loop took 10.675373 ms (missed cycles : 2).
[ros2_control_node-2] [WARN] [1788328390.990811465] [cite.cell_a.arm_1.controller_manager]: Overrun might occur, Total time : 18479.333 us (Expected < 6666.667 us) --> Read time : 311.458 us, Update time : 18158.416 us, Write time : 9.459 us
[ros2_control_node-2] [WARN] [1788328391.959909549] [cite.cell_a.arm_1.controller_manager]: Overrun detected! The controller manager missed its desired rate of 150 Hz. The loop took 9.709314 ms (missed cycles : 2).
[ros2_control_node-2] [WARN] [1788328392.979886341] [cite.cell_a.arm_1.controller_manager]: Overrun detected! The controller manager missed its desired rate of 150 Hz. The loop took 9.685875 ms (missed cycles : 2).
[ros2_control_node-2] [WARN] [1788328393.281541258] [cite.cell_a.arm_1.controller_manager]: Overrun might occur, Total time : 8009.543 us (Expected < 6666.667 us) --> Read time : 51.417 us, Update time : 7949.292 us, Write time : 8.834 us
[ros2_control_node-2] [WARN] [1788328394.244083300] [cite.cell_a.arm_1.controller_manager]: Overrun detected! The controller manager missed its desired rate of 150 Hz. The loop took 7.217794 ms (missed cycles : 2).
[ros2_control_node-2] [WARN] [1788328395.350503634] [cite.cell_a.arm_1.controller_manager]: Overrun detected! The controller manager missed its desired rate of 150 Hz. The loop took 6.971488 ms (missed cycles : 2).
[ros2_control_node-2] [WARN] [1788328396.411919051] [cite.cell_a.arm_1.controller_manager]: Overrun detected! The controller manager missed its desired rate of 150 Hz. The loop took 8.387345 ms (missed cycles : 2).
[ros2_control_node-2] [WARN] [1788328397.458854468] [cite.cell_a.arm_1.controller_manager]: Overrun detected! The controller manager missed its desired rate of 150 Hz. The loop took 21.988782 ms (missed cycles : 4).
[ros2_control_node-2] [WARN] [1788328398.474783218] [cite.cell_a.arm_1.controller_manager]: Overrun detected! The controller manager missed its desired rate of 150 Hz. The loop took 11.250718 ms (missed cycles : 2).
[ros2_control_node-2] [WARN] [1788328399.990977344] [cite.cell_a.arm_1.controller_manager]: Overrun detected! The controller manager missed its desired rate of 150 Hz. The loop took 7.444246 ms (missed cycles : 2).
[ros2_control_node-2] [WARN] [1788328401.104558886] [cite.cell_a.arm_1.controller_manager]: Overrun detected! The controller manager missed its desired rate of 150 Hz. The loop took 7.694150 ms (missed cycles : 2).
[ros2_control_node-2] [WARN] [1788328402.825116179] [cite.cell_a.arm_1.controller_manager]: Overrun detected! The controller manager missed its desired rate of 150 Hz. The loop took 8.251697 ms (missed cycles : 2).
[ros2_control_node-2] [WARN] [1788328403.953503513] [cite.cell_a.arm_1.controller_manager]: Overrun detected! The controller manager missed its desired rate of 150 Hz. The loop took 9.971352 ms (missed cycles : 2).
[ros2_control_node-2] [WARN] [1788328405.101090763] [cite.cell_a.arm_1.controller_manager]: Overrun might occur, Total time : 8509.833 us (Expected < 6666.667 us) --> Read time : 59.000 us, Update time : 8439.958 us, Write time : 10.875 us
[ros2_control_node-2] [WARN] [1788328405.101316055] [cite.cell_a.arm_1.controller_manager]: Overrun detected! The controller manager missed its desired rate of 150 Hz. The loop took 11.116926 ms (missed cycles : 2).
[ros2_control_node-2] [WARN] [1788328406.390510375] [cite.cell_a.arm_1.controller_manager]: Overrun detected! The controller manager missed its desired rate of 150 Hz. The loop took 6.853805 ms (missed cycles : 2).
[ros2_control_node-2] [WARN] [1788328407.569070500] [cite.cell_a.arm_1.controller_manager]: Overrun detected! The controller manager missed its desired rate of 150 Hz. The loop took 12.103881 ms (missed cycles : 2).
[ros2_control_node-2] [WARN] [1788328408.492355209] [cite.cell_a.arm_1.controller_manager]: Overrun might occur, Total time : 13801.959 us (Expected < 6666.667 us) --> Read time : 12925.709 us, Update time : 868.083 us, Write time : 8.167 us
[ros2_control_node-2] [WARN] [1788328408.617327042] [cite.cell_a.arm_1.controller_manager]: Overrun detected! The controller manager missed its desired rate of 150 Hz. The loop took 13.694403 ms (missed cycles : 3).
[ros2_control_node-2] [WARN] [1788328409.963435168] [cite.cell_a.arm_1.controller_manager]: Overrun detected! The controller manager missed its desired rate of 150 Hz. The loop took 26.470704 ms (missed cycles : 4).
[ros2_control_node-2] [WARN] [1788328411.084428377] [cite.cell_a.arm_1.controller_manager]: Overrun detected! The controller manager missed its desired rate of 150 Hz. The loop took 7.462402 ms (missed cycles : 2).
[ros2_control_node-2] [WARN] [1788328412.932490961] [cite.cell_a.arm_1.controller_manager]: Overrun detected! The controller manager missed its desired rate of 150 Hz. The loop took 8.858629 ms (missed cycles : 2).
[ros2_control_node-2] [WARN] [1788328414.065104503] [cite.cell_a.arm_1.controller_manager]: Overrun detected! The controller manager missed its desired rate of 150 Hz. The loop took 14.807201 ms (missed cycles : 3).
[ros2_control_node-2] [WARN] [1788328415.106956712] [cite.cell_a.arm_1.controller_manager]: Overrun detected! The controller manager missed its desired rate of 150 Hz. The loop took 16.657847 ms (missed cycles : 3).
[ros2_control_node-2] [WARN] [1788328416.123434421] [cite.cell_a.arm_1.controller_manager]: Overrun detected! The controller manager missed its desired rate of 150 Hz. The loop took 13.136491 ms (missed cycles : 2).
[ros2_control_node-2] [WARN] [1788328417.148250171] [cite.cell_a.arm_1.controller_manager]: Overrun detected! The controller manager missed its desired rate of 150 Hz. The loop took 17.952385 ms (missed cycles : 3).
[ros2_control_node-2] [WARN] [1788328418.542587755] [cite.cell_a.arm_1.controller_manager]: Overrun detected! The controller manager missed its desired rate of 150 Hz. The loop took 12.290067 ms (missed cycles : 2).
[ros2_control_node-2] [WARN] [1788328429.730945344] [cite.cell_a.arm_1.controller_manager]: Overrun detected! The controller manager missed its desired rate of 150 Hz. The loop took 7.313859 ms (missed cycles : 2).
[ros2_control_node-2] [WARN] [1788328450.753369881] [cite.cell_a.arm_1.controller_manager]: Overrun detected! The controller manager missed its desired rate of 150 Hz. The loop took 9.066012 ms (missed cycles : 2).
[WARNING] [launch]: user interrupted with ctrl-c (SIGINT)
[INFO] [skill_server-5]: sending signal 'SIGINT' to process[skill_server-5]
[INFO] [move_group-4]: sending signal 'SIGINT' to process[move_group-4]
[INFO] [ros2_control_node-2]: sending signal 'SIGINT' to process[ros2_control_node-2]
[INFO] [robot_state_publisher-1]: sending signal 'SIGINT' to process[robot_state_publisher-1]
[ros2_control_node-2] [INFO] [1788328487.087338468] [rclcpp]: signal_handler(SIGINT/SIGTERM)
[ros2_control_node-2] [INFO] [1788328487.087641009] [cite.cell_a.arm_1.controller_manager]: Shutdown request received....
[ros2_control_node-2] [INFO] [1788328487.087780759] [cite.cell_a.arm_1.controller_manager]: Shutting down all controllers in the controller manager.
[ros2_control_node-2] [INFO] [1788328487.087976259] [cite.cell_a.arm_1.controller_manager]: Deactivating controller 'arm_1_joint_trajectory_controller'
[ros2_control_node-2] [INFO] [1788328487.088659551] [cite.cell_a.arm_1.controller_manager]: Shutting down controller 'arm_1_joint_trajectory_controller'
[ros2_control_node-2] [INFO] [1788328487.089453801] [cite.cell_a.arm_1.controller_manager]: Deactivating controller 'arm_1_gripper_controller'
[ros2_control_node-2] [INFO] [1788328487.089628676] [cite.cell_a.arm_1.controller_manager]: Shutting down controller 'arm_1_gripper_controller'
[ros2_control_node-2] [INFO] [1788328487.089698884] [cite.cell_a.arm_1.controller_manager]: Deactivating controller 'arm_1_joint_state_broadcaster'
[ros2_control_node-2] [INFO] [1788328487.089787551] [cite.cell_a.arm_1.controller_manager]: Shutting down controller 'arm_1_joint_state_broadcaster'
[ros2_control_node-2] [INFO] [1788328487.089976134] [resource_manager]: 'deactivate' hardware 'arm_1_XArmGripperSystem' 
[ros2_control_node-2] [INFO] [1788328487.090026259] [resource_manager]: Successful 'deactivate' of hardware 'arm_1_XArmGripperSystem'
[ros2_control_node-2] [INFO] [1788328487.090034676] [resource_manager]: 'shutdown' hardware 'arm_1_XArmGripperSystem' 
[ros2_control_node-2] [INFO] [1788328487.090039718] [resource_manager]: Successful 'shutdown' of hardware 'arm_1_XArmGripperSystem'
[ros2_control_node-2] [INFO] [1788328487.090247259] [resource_manager]: 'deactivate' hardware 'arm_1_gz_ros2_control/GazeboSimSystem' 
[ros2_control_node-2] [INFO] [1788328487.090256676] [resource_manager]: Successful 'deactivate' of hardware 'arm_1_gz_ros2_control/GazeboSimSystem'
[ros2_control_node-2] [INFO] [1788328487.090262218] [resource_manager]: 'shutdown' hardware 'arm_1_gz_ros2_control/GazeboSimSystem' 
[ros2_control_node-2] [INFO] [1788328487.090268134] [resource_manager]: Successful 'shutdown' of hardware 'arm_1_gz_ros2_control/GazeboSimSystem'
[ros2_control_node-2] [INFO] [1788328487.090302676] [cite.cell_a.arm_1.controller_manager]: Shutting down the controller manager.
[ros2_control_node-2] [ERROR] [1788328487.091151509] [cite.cell_a.arm_1.controller_manager.pal_statistics]: Exception in publisher thread: context cannot be slept with because it's invalid!. Aborting!
[ros2_control_node-2] [ERROR] [1788328487.091164718] [cite.cell_a.arm_1.controller_manager.pal_statistics]: Exception in publisher thread: context cannot be slept with because it's invalid!. Aborting!
[robot_state_publisher-1] [INFO] [1788328487.087340551] [rclcpp]: signal_handler(SIGINT/SIGTERM)
[move_group-4] [INFO] [1788328487.087349218] [rclcpp]: signal_handler(SIGINT/SIGTERM)
[skill_server-5] [INFO] [1788328487.087368134] [rclcpp]: signal_handler(SIGINT/SIGTERM)
[ERROR] [skill_server-5]: process has died [pid 1364, exit code -2, cmd '/workspace/workspace/install/cite_skills/lib/cite_skills/skill_server --ros-args -r __node:=skill_server -r __ns:=/cite/cell_a/arm_1 --params-file /tmp/launch_params_ike_c8ns --params-file /tmp/launch_params_07j94t4s --params-file /tmp/launch_params_p49siyxz --params-file /tmp/launch_params_hkuc2tky --params-file /tmp/launch_params_5_7tpxkd -r /tf:=/tf -r /tf_static:=/tf_static'].
[ERROR] [move_group-4]: process has died [pid 1363, exit code -2, cmd '/opt/ros/jazzy/lib/moveit_ros_move_group/move_group --ros-args -r __node:=move_group -r __ns:=/cite/cell_a/arm_1 --params-file /tmp/launch_params_lfg8761t --params-file /tmp/launch_params_bmxg5uzt --params-file /tmp/launch_params_xccrv7ce --params-file /tmp/launch_params_6ai_1gn7 --params-file /tmp/launch_params_e555uj2v --params-file /tmp/launch_params_41qkrkvv -r /tf:=/tf -r /tf_static:=/tf_static'].
[skill_server-5] Warning: class_loader.ClassLoader: SEVERE WARNING!!! Attempting to unload library while objects created by this loader exist in the heap! You should delete your objects before attempting to unload the library or destroying the ClassLoader. The library will NOT be unloaded.
[skill_server-5]          at line 127 in ./src/class_loader.cpp
[robot_state_publisher-1] [INFO] [1788328487.098705384] [rclcpp]: signal_handler(SIGINT/SIGTERM)
[ros2_control_node-2] [INFO] [1788328489.103297552] [rclcpp]: signal_handler(SIGINT/SIGTERM)
[ros2_control_node-2] [INFO] [1788328489.103760802] [cite.cell_a.arm_1.controller_manager.pal_statistics]: Async messages lost 0
[ros2_control_node-2] [INFO] [1788328489.103820010] [cite.cell_a.arm_1.controller_manager.pal_statistics]: publish_async_failures_ 0
[ros2_control_node-2] [INFO] [1788328489.108752719] [cite.cell_a.arm_1.controller_manager.pal_statistics]: Async messages lost 0
[ros2_control_node-2] [INFO] [1788328489.108780094] [cite.cell_a.arm_1.controller_manager.pal_statistics]: publish_async_failures_ 0
[INFO] [ros2_control_node-2]: process has finished cleanly [pid 1361]
[INFO] [robot_state_publisher-1]: process has finished cleanly [pid 1360]
