[0.083s] Invoking command in '/home/mustafacil/Desktop/Digital-Twin/build/gazebo_ros2_control': CMAKE_PREFIX_PATH=${CMAKE_PREFIX_PATH}:/home/mustafacil/ros2_humble/install/rqt_bag_plugins:/home/mustafacil/ros2_humble/install/rqt_bag:/home/mustafacil/ros2_humble/install/launch_testing_examples:/home/mustafacil/ros2_humble/install/ros2bag:/home/mustafacil/ros2_humble/install/tracetools_test:/home/mustafacil/ros2_humble/install/tracetools_launch:/home/mustafacil/ros2_humble/install/topic_monitor:/home/mustafacil/ros2_humble/install/tf2_tools:/home/mustafacil/ros2_humble/install/examples_tf2_py:/home/mustafacil/ros2_humble/install/tf2_ros_py:/home/mustafacil/ros2_humble/install/sros2:/home/mustafacil/ros2_humble/install/rqt_topic:/home/mustafacil/ros2_humble/install/rqt_srv:/home/mustafacil/ros2_humble/install/rqt_shell:/home/mustafacil/ros2_humble/install/rqt_service_caller:/home/mustafacil/ros2_humble/install/rqt_reconfigure:/home/mustafacil/ros2_humble/install/rqt_py_console:/home/mustafacil/ros2_humble/install/rqt_publisher:/home/mustafacil/ros2_humble/install/rqt_plot:/home/mustafacil/ros2_humble/install/rqt_action:/home/mustafacil/ros2_humble/install/rqt_msg:/home/mustafacil/ros2_humble/install/rqt_console:/home/mustafacil/ros2_humble/install/rqt:/home/mustafacil/ros2_humble/install/rqt_graph:/home/mustafacil/ros2_humble/install/rqt_gui_py:/home/mustafacil/ros2_humble/install/rqt_gui:/home/mustafacil/ros2_humble/install/ros2trace:/home/mustafacil/ros2_humble/install/ros2topic:/home/mustafacil/ros2_humble/install/ros2test:/home/mustafacil/ros2_humble/install/ros2component:/home/mustafacil/ros2_humble/install/ros2param:/home/mustafacil/ros2_humble/install/ros2lifecycle:/home/mustafacil/ros2_humble/install/ros2service:/home/mustafacil/ros2_humble/install/ros2run:/home/mustafacil/ros2_humble/install/ros2plugin:/home/mustafacil/ros2_humble/install/ros2launch:/home/mustafacil/ros2_humble/install/ros2pkg:/home/mustafacil/ros2_humble/install/ros2node:/home/mustafacil/ros2_humble/install/ros2multicast:/home/mustafacil/ros2_humble/install/ros2interface:/home/mustafacil/ros2_humble/install/ros2doctor:/home/mustafacil/ros2_humble/install/ros2action:/home/mustafacil/ros2_humble/install/ros2cli:/home/mustafacil/ros2_humble/install/quality_of_service_demo_py:/home/mustafacil/ros2_humble/install/lifecycle_py:/home/mustafacil/ros2_humble/install/launch_testing_ros:/home/mustafacil/ros2_humble/install/launch_ros:/home/mustafacil/ros2_humble/install/examples_rclpy_pointcloud_publisher:/home/mustafacil/ros2_humble/install/examples_rclpy_minimal_subscriber:/home/mustafacil/ros2_humble/install/examples_rclpy_minimal_service:/home/mustafacil/ros2_humble/install/examples_rclpy_minimal_publisher:/home/mustafacil/ros2_humble/install/examples_rclpy_minimal_client:/home/mustafacil/ros2_humble/install/examples_rclpy_minimal_action_server:/home/mustafacil/ros2_humble/install/examples_rclpy_minimal_action_client:/home/mustafacil/ros2_humble/install/examples_rclpy_guard_conditions:/home/mustafacil/ros2_humble/install/examples_rclpy_executors:/home/mustafacil/ros2_humble/install/demo_nodes_py:/home/mustafacil/ros2_humble/install/camera_info_manager_py:/home/mustafacil/ros2_humble/install/action_tutorials_py:/home/mustafacil/ros2_humble/install/ament_uncrustify:/home/mustafacil/ros2_humble/install/tracetools_trace:/home/mustafacil/ros2_humble/install/tracetools_read:/home/mustafacil/ros2_humble/install/test_tracetools_launch:/home/mustafacil/ros2_humble/install/test_launch_ros:/home/mustafacil/ros2_humble/install/sensor_msgs_py:/home/mustafacil/ros2_humble/install/rpyutils:/home/mustafacil/ros2_humble/install/rosidl_runtime_py:/home/mustafacil/ros2_humble/install/rosidl_cli:/home/mustafacil/ros2_humble/install/launch_pytest:/home/mustafacil/ros2_humble/install/launch_testing:/home/mustafacil/ros2_humble/install/launch_yaml:/home/mustafacil/ros2_humble/install/launch_xml:/home/mustafacil/ros2_humble/install/launch:/home/mustafacil/ros2_humble/install/osrf_pycommon:/home/mustafacil/ros2_humble/install/domain_coordinator:/home/mustafacil/ros2_humble/install/ament_xmllint:/home/mustafacil/ros2_humble/install/ament_pyflakes:/home/mustafacil/ros2_humble/install/ament_pycodestyle:/home/mustafacil/ros2_humble/install/ament_pep257:/home/mustafacil/ros2_humble/install/ament_pclint:/home/mustafacil/ros2_humble/install/ament_package:/home/mustafacil/ros2_humble/install/ament_mypy:/home/mustafacil/ros2_humble/install/ament_lint_cmake:/home/mustafacil/ros2_humble/install/ament_flake8:/home/mustafacil/ros2_humble/install/ament_copyright:/home/mustafacil/ros2_humble/install/ament_lint:/home/mustafacil/ros2_humble/install/ament_index_python:/home/mustafacil/ros2_humble/install/ament_cpplint:/home/mustafacil/ros2_humble/install/ament_cppcheck:/home/mustafacil/ros2_humble/install/ament_clang_tidy:/home/mustafacil/ros2_humble/install/ament_clang_format:/opt/ros/humble /usr/bin/cmake /home/mustafacil/Desktop/Digital-Twin/src/gazebo_ros2_control/gazebo_ros2_control -DAMENT_CMAKE_SYMLINK_INSTALL=1 -DCMAKE_INSTALL_PREFIX=/home/mustafacil/Desktop/Digital-Twin/install/gazebo_ros2_control
[0.353s] -- The C compiler identification is GNU 11.4.0
[0.416s] -- The CXX compiler identification is GNU 11.4.0
[0.431s] -- Detecting C compiler ABI info
[0.662s] -- Detecting C compiler ABI info - done
[0.669s] -- Check for working C compiler: /usr/bin/cc - skipped
[0.669s] -- Detecting C compile features
[0.672s] -- Detecting C compile features - done
[0.677s] -- Detecting CXX compiler ABI info
[0.858s] -- Detecting CXX compiler ABI info - done
[0.865s] -- Check for working CXX compiler: /usr/bin/c++ - skipped
[0.865s] -- Detecting CXX compile features
[0.865s] -- Detecting CXX compile features - done
[0.884s] -- Found ament_cmake: 1.3.12 (/home/mustafacil/ros2_humble/install/ament_cmake/share/ament_cmake/cmake)
[1.488s] -- Found Python3: /usr/bin/python3 (found version "3.10.12") found components: Interpreter 
[1.698s] -- Override CMake install command with custom implementation using symlinks instead of copying resources
[2.022s] -- Found angles: 1.15.0 (/opt/ros/humble/share/angles/cmake)
[2.055s] -- Found controller_manager: 2.52.2 (/opt/ros/humble/share/controller_manager/cmake)
[2.506s] -- Found rosidl_generator_c: 3.1.7 (/home/mustafacil/ros2_humble/install/rosidl_generator_c/share/rosidl_generator_c/cmake)
[2.558s] -- Found rosidl_adapter: 3.1.7 (/home/mustafacil/ros2_humble/install/rosidl_adapter/share/rosidl_adapter/cmake)
[2.626s] -- Found rosidl_generator_cpp: 3.1.7 (/home/mustafacil/ros2_humble/install/rosidl_generator_cpp/share/rosidl_generator_cpp/cmake)
[2.794s] -- Using all available rosidl_typesupport_c: rosidl_typesupport_introspection_c;rosidl_typesupport_fastrtps_c
[2.935s] -- Using all available rosidl_typesupport_cpp: rosidl_typesupport_introspection_cpp;rosidl_typesupport_fastrtps_cpp
[4.036s] -- Found rmw_implementation_cmake: 6.1.2 (/home/mustafacil/ros2_humble/install/rmw_implementation_cmake/share/rmw_implementation_cmake/cmake)
[4.106s] -- Found rmw_fastrtps_cpp: 6.2.9 (/home/mustafacil/ros2_humble/install/rmw_fastrtps_cpp/share/rmw_fastrtps_cpp/cmake)
[4.302s] -- Found TinyXML2 via Config file: TinyXML2_DIR-NOTFOUND
[4.578s] -- Found OpenSSL: /usr/lib/x86_64-linux-gnu/libcrypto.so (found version "3.0.2")  
[4.590s] -- Found TinyXML2 via Config file: TinyXML2_DIR-NOTFOUND
[4.637s] -- Found FastRTPS: /home/mustafacil/ros2_humble/install/fastrtps/include  
[4.643s] -- Found TinyXML2 via Config file: TinyXML2_DIR-NOTFOUND
[4.661s] -- Found TinyXML2 via Config file: TinyXML2_DIR-NOTFOUND
[4.707s] -- Using RMW implementation 'rmw_fastrtps_cpp' as default
[4.805s] -- Looking for pthread.h
[5.031s] -- Looking for pthread.h - found
[5.033s] -- Performing Test CMAKE_HAVE_LIBC_PTHREAD
[5.234s] -- Performing Test CMAKE_HAVE_LIBC_PTHREAD - Success
[5.237s] -- Found Threads: TRUE  
[5.696s] -- Found control_toolbox: 3.6.2 (/opt/ros/humble/share/control_toolbox/cmake)
[6.051s] -- Found gazebo_dev: 3.9.0 (/opt/ros/humble/share/gazebo_dev/cmake)
[6.101s] -- Found PkgConfig: /usr/bin/pkg-config (found version "0.29.2") 
[6.107s] -- Checking for module 'bullet>=2.82'
[6.180s] --   Found bullet, version 3.05
[6.658s] -- Found fcl: /usr/include (found suitable version "0.7.0", minimum required is "0.5.0") 
[6.892s] -- Found assimp: /usr/include (found version "5.2.0") 
[7.017s] -- Found DART: /usr/include (Required is at least version "6.6") found components: dart 
[7.219s] -- Found Boost: /usr/lib/x86_64-linux-gnu/cmake/Boost-1.74.0/BoostConfig.cmake (found suitable version "1.74.0", minimum required is "1.40.0") found components: thread system filesystem program_options regex iostreams date_time 
[7.305s] -- Found Protobuf: /usr/lib/x86_64-linux-gnu/libprotobuf.so (found version "3.12.4") 
[7.357s] -- Looking for ignition-math6 -- found version 6.15.1
[7.402s] -- Searching for dependencies of ignition-math6
[7.411s] -- Looking for OGRE...
[7.411s] -- OGRE_PREFIX_WATCH changed.
[7.423s] -- Checking for module 'OGRE'
[7.499s] --   Found OGRE, version 1.9.0
[7.645s] -- Found Ogre Ghadamon (1.9.0)
[7.691s] -- Found OGRE: optimized;/usr/lib/x86_64-linux-gnu/libOgreMain.so;debug;/usr/lib/x86_64-linux-gnu/libOgreMain.so
[7.707s] -- Looking for OGRE_Paging...
[7.766s] -- Found OGRE_Paging: optimized;/usr/lib/x86_64-linux-gnu/libOgrePaging.so;debug;/usr/lib/x86_64-linux-gnu/libOgrePaging.so
[7.766s] -- Looking for OGRE_Terrain...
[7.813s] -- Found OGRE_Terrain: optimized;/usr/lib/x86_64-linux-gnu/libOgreTerrain.so;debug;/usr/lib/x86_64-linux-gnu/libOgreTerrain.so
[7.813s] -- Looking for OGRE_Property...
[7.851s] -- Found OGRE_Property: optimized;/usr/lib/x86_64-linux-gnu/libOgreProperty.so;debug;/usr/lib/x86_64-linux-gnu/libOgreProperty.so
[7.851s] -- Looking for OGRE_RTShaderSystem...
[7.900s] -- Found OGRE_RTShaderSystem: optimized;/usr/lib/x86_64-linux-gnu/libOgreRTShaderSystem.so;debug;/usr/lib/x86_64-linux-gnu/libOgreRTShaderSystem.so
[7.900s] -- Looking for OGRE_Volume...
[7.954s] -- Found OGRE_Volume: optimized;/usr/lib/x86_64-linux-gnu/libOgreVolume.so;debug;/usr/lib/x86_64-linux-gnu/libOgreVolume.so
[7.954s] -- Looking for OGRE_Overlay...
[7.998s] -- Found OGRE_Overlay: optimized;/usr/lib/x86_64-linux-gnu/libOgreOverlay.so;debug;/usr/lib/x86_64-linux-gnu/libOgreOverlay.so
[9.080s] -- Looking for ignition-math6 -- found version 6.15.1
[9.124s] -- Looking for ignition-transport8 -- found version 8.2.1
[9.126s] -- Searching for dependencies of ignition-transport8
[9.176s] -- Found Protobuf: /usr/lib/x86_64-linux-gnu/libprotobuf.so (found suitable version "3.12.4", minimum required is "3") 
[9.215s] -- Config-file not installed for ZeroMQ -- checking for pkg-config
[9.231s] -- Checking for module 'libzmq >= 4'
[9.333s] --   Found libzmq , version 4.3.4
[9.483s] -- Found ZeroMQ: TRUE (Required is at least version "4") 
[9.504s] -- Checking for module 'uuid'
[9.587s] --   Found uuid, version 2.37.2
[9.737s] -- Found UUID: TRUE  
[9.771s] -- Looking for ignition-msgs5 -- found version 5.8.1
[9.771s] -- Searching for dependencies of ignition-msgs5
[9.831s] -- Looking for ignition-math6 -- found version 6.15.1
[9.839s] -- Checking for module 'tinyxml2'
[9.934s] --   Found tinyxml2, version 9.0.0
[10.084s] -- Looking for ignition-msgs5 -- found version 5.8.1
[10.108s] -- Looking for ignition-common3 -- found version 3.14.0
[10.109s] -- Searching for dependencies of ignition-common3
[10.120s] -- Looking for dlfcn.h - found
[10.124s] -- Looking for libdl - found
[10.124s] -- Found DL: TRUE  
[10.180s] -- Found tinyobjloader: /usr/lib/x86_64-linux-gnu/cmake/tinyobjloader/tinyobjloader-config.cmake (found version "2.0.0") 
[10.181s] -- Searching for <ignition-common3> component [graphics]
[10.207s] -- Looking for ignition-common3-graphics -- found version 3.14.0
[10.208s] -- Searching for dependencies of ignition-common3-graphics
[10.209s] -- Looking for ignition-math6 -- found version 6.15.1
[10.250s] -- Looking for ignition-fuel_tools4 -- found version 4.4.0
[10.253s] -- Searching for dependencies of ignition-fuel_tools4
[10.590s] -- Found CURL: /usr/lib/x86_64-linux-gnu/libcurl.so (found version "7.81.0")  
[10.637s] -- Checking for module 'jsoncpp'
[10.709s] --   Found jsoncpp, version 1.9.5
[10.852s] -- Found JSONCPP: TRUE  
[10.874s] -- Checking for module 'libzip'
[10.948s] --   Found libzip, version 1.7.3
[11.085s] -- Found ZIP: TRUE  
[11.088s] -- Looking for ignition-common3 -- found version 3.14.0
[11.088s] -- Looking for ignition-math6 -- found version 6.15.1
[11.088s] -- Looking for ignition-msgs5 -- found version 5.8.1
[11.130s] -- Gazebo version: 11.10
[11.130s] -- Checking for module 'tbb'
[11.200s] --   Found tbb, version 2021.5.0
[11.374s] -- Found gazebo_ros: 3.9.0 (/opt/ros/humble/share/gazebo_ros/cmake)
[11.388s] -- Found yaml_cpp_vendor: 8.0.2 (/home/mustafacil/ros2_humble/install/yaml_cpp_vendor/share/yaml_cpp_vendor/cmake)
[12.321s] -- Found ament_cmake_gtest: 1.3.12 (/home/mustafacil/ros2_humble/install/ament_cmake_gtest/share/ament_cmake_gtest/cmake)
[12.354s] -- Found ament_lint_auto: 0.12.14 (/home/mustafacil/ros2_humble/install/ament_lint_auto/share/ament_lint_auto/cmake)
[12.745s] -- Added test 'copyright' to check source files copyright and LICENSE
[12.756s] -- Added test 'cppcheck' to perform static code analysis on C / C++ code
[12.758s] -- Configured cppcheck include dirs: /home/mustafacil/Desktop/Digital-Twin/src/gazebo_ros2_control/gazebo_ros2_control/include
[12.758s] -- Configured cppcheck exclude dirs and/or files: 
[12.762s] -- Added test 'cpplint' to check C / C++ code against the Google style
[12.762s] -- Configured cpplint exclude dirs and/or files: 
[12.771s] -- Added test 'lint_cmake' to check CMake code style
[12.778s] -- Added test 'uncrustify' to check C / C++ code style
[12.778s] -- Configured uncrustify additional arguments: 
[12.779s] -- Added test 'xmllint' to check XML markup files
[12.792s] -- Configuring done
[12.909s] -- Generating done
[12.925s] -- Build files have been written to: /home/mustafacil/Desktop/Digital-Twin/build/gazebo_ros2_control
[12.966s] Invoked command in '/home/mustafacil/Desktop/Digital-Twin/build/gazebo_ros2_control' returned '0': CMAKE_PREFIX_PATH=${CMAKE_PREFIX_PATH}:/home/mustafacil/ros2_humble/install/rqt_bag_plugins:/home/mustafacil/ros2_humble/install/rqt_bag:/home/mustafacil/ros2_humble/install/launch_testing_examples:/home/mustafacil/ros2_humble/install/ros2bag:/home/mustafacil/ros2_humble/install/tracetools_test:/home/mustafacil/ros2_humble/install/tracetools_launch:/home/mustafacil/ros2_humble/install/topic_monitor:/home/mustafacil/ros2_humble/install/tf2_tools:/home/mustafacil/ros2_humble/install/examples_tf2_py:/home/mustafacil/ros2_humble/install/tf2_ros_py:/home/mustafacil/ros2_humble/install/sros2:/home/mustafacil/ros2_humble/install/rqt_topic:/home/mustafacil/ros2_humble/install/rqt_srv:/home/mustafacil/ros2_humble/install/rqt_shell:/home/mustafacil/ros2_humble/install/rqt_service_caller:/home/mustafacil/ros2_humble/install/rqt_reconfigure:/home/mustafacil/ros2_humble/install/rqt_py_console:/home/mustafacil/ros2_humble/install/rqt_publisher:/home/mustafacil/ros2_humble/install/rqt_plot:/home/mustafacil/ros2_humble/install/rqt_action:/home/mustafacil/ros2_humble/install/rqt_msg:/home/mustafacil/ros2_humble/install/rqt_console:/home/mustafacil/ros2_humble/install/rqt:/home/mustafacil/ros2_humble/install/rqt_graph:/home/mustafacil/ros2_humble/install/rqt_gui_py:/home/mustafacil/ros2_humble/install/rqt_gui:/home/mustafacil/ros2_humble/install/ros2trace:/home/mustafacil/ros2_humble/install/ros2topic:/home/mustafacil/ros2_humble/install/ros2test:/home/mustafacil/ros2_humble/install/ros2component:/home/mustafacil/ros2_humble/install/ros2param:/home/mustafacil/ros2_humble/install/ros2lifecycle:/home/mustafacil/ros2_humble/install/ros2service:/home/mustafacil/ros2_humble/install/ros2run:/home/mustafacil/ros2_humble/install/ros2plugin:/home/mustafacil/ros2_humble/install/ros2launch:/home/mustafacil/ros2_humble/install/ros2pkg:/home/mustafacil/ros2_humble/install/ros2node:/home/mustafacil/ros2_humble/install/ros2multicast:/home/mustafacil/ros2_humble/install/ros2interface:/home/mustafacil/ros2_humble/install/ros2doctor:/home/mustafacil/ros2_humble/install/ros2action:/home/mustafacil/ros2_humble/install/ros2cli:/home/mustafacil/ros2_humble/install/quality_of_service_demo_py:/home/mustafacil/ros2_humble/install/lifecycle_py:/home/mustafacil/ros2_humble/install/launch_testing_ros:/home/mustafacil/ros2_humble/install/launch_ros:/home/mustafacil/ros2_humble/install/examples_rclpy_pointcloud_publisher:/home/mustafacil/ros2_humble/install/examples_rclpy_minimal_subscriber:/home/mustafacil/ros2_humble/install/examples_rclpy_minimal_service:/home/mustafacil/ros2_humble/install/examples_rclpy_minimal_publisher:/home/mustafacil/ros2_humble/install/examples_rclpy_minimal_client:/home/mustafacil/ros2_humble/install/examples_rclpy_minimal_action_server:/home/mustafacil/ros2_humble/install/examples_rclpy_minimal_action_client:/home/mustafacil/ros2_humble/install/examples_rclpy_guard_conditions:/home/mustafacil/ros2_humble/install/examples_rclpy_executors:/home/mustafacil/ros2_humble/install/demo_nodes_py:/home/mustafacil/ros2_humble/install/camera_info_manager_py:/home/mustafacil/ros2_humble/install/action_tutorials_py:/home/mustafacil/ros2_humble/install/ament_uncrustify:/home/mustafacil/ros2_humble/install/tracetools_trace:/home/mustafacil/ros2_humble/install/tracetools_read:/home/mustafacil/ros2_humble/install/test_tracetools_launch:/home/mustafacil/ros2_humble/install/test_launch_ros:/home/mustafacil/ros2_humble/install/sensor_msgs_py:/home/mustafacil/ros2_humble/install/rpyutils:/home/mustafacil/ros2_humble/install/rosidl_runtime_py:/home/mustafacil/ros2_humble/install/rosidl_cli:/home/mustafacil/ros2_humble/install/launch_pytest:/home/mustafacil/ros2_humble/install/launch_testing:/home/mustafacil/ros2_humble/install/launch_yaml:/home/mustafacil/ros2_humble/install/launch_xml:/home/mustafacil/ros2_humble/install/launch:/home/mustafacil/ros2_humble/install/osrf_pycommon:/home/mustafacil/ros2_humble/install/domain_coordinator:/home/mustafacil/ros2_humble/install/ament_xmllint:/home/mustafacil/ros2_humble/install/ament_pyflakes:/home/mustafacil/ros2_humble/install/ament_pycodestyle:/home/mustafacil/ros2_humble/install/ament_pep257:/home/mustafacil/ros2_humble/install/ament_pclint:/home/mustafacil/ros2_humble/install/ament_package:/home/mustafacil/ros2_humble/install/ament_mypy:/home/mustafacil/ros2_humble/install/ament_lint_cmake:/home/mustafacil/ros2_humble/install/ament_flake8:/home/mustafacil/ros2_humble/install/ament_copyright:/home/mustafacil/ros2_humble/install/ament_lint:/home/mustafacil/ros2_humble/install/ament_index_python:/home/mustafacil/ros2_humble/install/ament_cpplint:/home/mustafacil/ros2_humble/install/ament_cppcheck:/home/mustafacil/ros2_humble/install/ament_clang_tidy:/home/mustafacil/ros2_humble/install/ament_clang_format:/opt/ros/humble /usr/bin/cmake /home/mustafacil/Desktop/Digital-Twin/src/gazebo_ros2_control/gazebo_ros2_control -DAMENT_CMAKE_SYMLINK_INSTALL=1 -DCMAKE_INSTALL_PREFIX=/home/mustafacil/Desktop/Digital-Twin/install/gazebo_ros2_control
[12.966s] Invoking command in '/home/mustafacil/Desktop/Digital-Twin/build/gazebo_ros2_control': CMAKE_PREFIX_PATH=${CMAKE_PREFIX_PATH}:/home/mustafacil/ros2_humble/install/rqt_bag_plugins:/home/mustafacil/ros2_humble/install/rqt_bag:/home/mustafacil/ros2_humble/install/launch_testing_examples:/home/mustafacil/ros2_humble/install/ros2bag:/home/mustafacil/ros2_humble/install/tracetools_test:/home/mustafacil/ros2_humble/install/tracetools_launch:/home/mustafacil/ros2_humble/install/topic_monitor:/home/mustafacil/ros2_humble/install/tf2_tools:/home/mustafacil/ros2_humble/install/examples_tf2_py:/home/mustafacil/ros2_humble/install/tf2_ros_py:/home/mustafacil/ros2_humble/install/sros2:/home/mustafacil/ros2_humble/install/rqt_topic:/home/mustafacil/ros2_humble/install/rqt_srv:/home/mustafacil/ros2_humble/install/rqt_shell:/home/mustafacil/ros2_humble/install/rqt_service_caller:/home/mustafacil/ros2_humble/install/rqt_reconfigure:/home/mustafacil/ros2_humble/install/rqt_py_console:/home/mustafacil/ros2_humble/install/rqt_publisher:/home/mustafacil/ros2_humble/install/rqt_plot:/home/mustafacil/ros2_humble/install/rqt_action:/home/mustafacil/ros2_humble/install/rqt_msg:/home/mustafacil/ros2_humble/install/rqt_console:/home/mustafacil/ros2_humble/install/rqt:/home/mustafacil/ros2_humble/install/rqt_graph:/home/mustafacil/ros2_humble/install/rqt_gui_py:/home/mustafacil/ros2_humble/install/rqt_gui:/home/mustafacil/ros2_humble/install/ros2trace:/home/mustafacil/ros2_humble/install/ros2topic:/home/mustafacil/ros2_humble/install/ros2test:/home/mustafacil/ros2_humble/install/ros2component:/home/mustafacil/ros2_humble/install/ros2param:/home/mustafacil/ros2_humble/install/ros2lifecycle:/home/mustafacil/ros2_humble/install/ros2service:/home/mustafacil/ros2_humble/install/ros2run:/home/mustafacil/ros2_humble/install/ros2plugin:/home/mustafacil/ros2_humble/install/ros2launch:/home/mustafacil/ros2_humble/install/ros2pkg:/home/mustafacil/ros2_humble/install/ros2node:/home/mustafacil/ros2_humble/install/ros2multicast:/home/mustafacil/ros2_humble/install/ros2interface:/home/mustafacil/ros2_humble/install/ros2doctor:/home/mustafacil/ros2_humble/install/ros2action:/home/mustafacil/ros2_humble/install/ros2cli:/home/mustafacil/ros2_humble/install/quality_of_service_demo_py:/home/mustafacil/ros2_humble/install/lifecycle_py:/home/mustafacil/ros2_humble/install/launch_testing_ros:/home/mustafacil/ros2_humble/install/launch_ros:/home/mustafacil/ros2_humble/install/examples_rclpy_pointcloud_publisher:/home/mustafacil/ros2_humble/install/examples_rclpy_minimal_subscriber:/home/mustafacil/ros2_humble/install/examples_rclpy_minimal_service:/home/mustafacil/ros2_humble/install/examples_rclpy_minimal_publisher:/home/mustafacil/ros2_humble/install/examples_rclpy_minimal_client:/home/mustafacil/ros2_humble/install/examples_rclpy_minimal_action_server:/home/mustafacil/ros2_humble/install/examples_rclpy_minimal_action_client:/home/mustafacil/ros2_humble/install/examples_rclpy_guard_conditions:/home/mustafacil/ros2_humble/install/examples_rclpy_executors:/home/mustafacil/ros2_humble/install/demo_nodes_py:/home/mustafacil/ros2_humble/install/camera_info_manager_py:/home/mustafacil/ros2_humble/install/action_tutorials_py:/home/mustafacil/ros2_humble/install/ament_uncrustify:/home/mustafacil/ros2_humble/install/tracetools_trace:/home/mustafacil/ros2_humble/install/tracetools_read:/home/mustafacil/ros2_humble/install/test_tracetools_launch:/home/mustafacil/ros2_humble/install/test_launch_ros:/home/mustafacil/ros2_humble/install/sensor_msgs_py:/home/mustafacil/ros2_humble/install/rpyutils:/home/mustafacil/ros2_humble/install/rosidl_runtime_py:/home/mustafacil/ros2_humble/install/rosidl_cli:/home/mustafacil/ros2_humble/install/launch_pytest:/home/mustafacil/ros2_humble/install/launch_testing:/home/mustafacil/ros2_humble/install/launch_yaml:/home/mustafacil/ros2_humble/install/launch_xml:/home/mustafacil/ros2_humble/install/launch:/home/mustafacil/ros2_humble/install/osrf_pycommon:/home/mustafacil/ros2_humble/install/domain_coordinator:/home/mustafacil/ros2_humble/install/ament_xmllint:/home/mustafacil/ros2_humble/install/ament_pyflakes:/home/mustafacil/ros2_humble/install/ament_pycodestyle:/home/mustafacil/ros2_humble/install/ament_pep257:/home/mustafacil/ros2_humble/install/ament_pclint:/home/mustafacil/ros2_humble/install/ament_package:/home/mustafacil/ros2_humble/install/ament_mypy:/home/mustafacil/ros2_humble/install/ament_lint_cmake:/home/mustafacil/ros2_humble/install/ament_flake8:/home/mustafacil/ros2_humble/install/ament_copyright:/home/mustafacil/ros2_humble/install/ament_lint:/home/mustafacil/ros2_humble/install/ament_index_python:/home/mustafacil/ros2_humble/install/ament_cpplint:/home/mustafacil/ros2_humble/install/ament_cppcheck:/home/mustafacil/ros2_humble/install/ament_clang_tidy:/home/mustafacil/ros2_humble/install/ament_clang_format:/opt/ros/humble /usr/bin/cmake --build /home/mustafacil/Desktop/Digital-Twin/build/gazebo_ros2_control -- -j6 -l6
[13.103s] [ 25%] Building CXX object CMakeFiles/gazebo_ros2_control.dir/src/gazebo_ros2_control_plugin.cpp.o
[13.135s] [ 50%] Building CXX object CMakeFiles/gazebo_hardware_plugins.dir/src/gazebo_system.cpp.o
[32.221s] [ 75%] Linking CXX shared library libgazebo_hardware_plugins.so
[34.460s] [ 75%] Built target gazebo_hardware_plugins
[35.065s] [100%] Linking CXX shared library libgazebo_ros2_control.so
[37.854s] [100%] Built target gazebo_ros2_control
[37.900s] Invoked command in '/home/mustafacil/Desktop/Digital-Twin/build/gazebo_ros2_control' returned '0': CMAKE_PREFIX_PATH=${CMAKE_PREFIX_PATH}:/home/mustafacil/ros2_humble/install/rqt_bag_plugins:/home/mustafacil/ros2_humble/install/rqt_bag:/home/mustafacil/ros2_humble/install/launch_testing_examples:/home/mustafacil/ros2_humble/install/ros2bag:/home/mustafacil/ros2_humble/install/tracetools_test:/home/mustafacil/ros2_humble/install/tracetools_launch:/home/mustafacil/ros2_humble/install/topic_monitor:/home/mustafacil/ros2_humble/install/tf2_tools:/home/mustafacil/ros2_humble/install/examples_tf2_py:/home/mustafacil/ros2_humble/install/tf2_ros_py:/home/mustafacil/ros2_humble/install/sros2:/home/mustafacil/ros2_humble/install/rqt_topic:/home/mustafacil/ros2_humble/install/rqt_srv:/home/mustafacil/ros2_humble/install/rqt_shell:/home/mustafacil/ros2_humble/install/rqt_service_caller:/home/mustafacil/ros2_humble/install/rqt_reconfigure:/home/mustafacil/ros2_humble/install/rqt_py_console:/home/mustafacil/ros2_humble/install/rqt_publisher:/home/mustafacil/ros2_humble/install/rqt_plot:/home/mustafacil/ros2_humble/install/rqt_action:/home/mustafacil/ros2_humble/install/rqt_msg:/home/mustafacil/ros2_humble/install/rqt_console:/home/mustafacil/ros2_humble/install/rqt:/home/mustafacil/ros2_humble/install/rqt_graph:/home/mustafacil/ros2_humble/install/rqt_gui_py:/home/mustafacil/ros2_humble/install/rqt_gui:/home/mustafacil/ros2_humble/install/ros2trace:/home/mustafacil/ros2_humble/install/ros2topic:/home/mustafacil/ros2_humble/install/ros2test:/home/mustafacil/ros2_humble/install/ros2component:/home/mustafacil/ros2_humble/install/ros2param:/home/mustafacil/ros2_humble/install/ros2lifecycle:/home/mustafacil/ros2_humble/install/ros2service:/home/mustafacil/ros2_humble/install/ros2run:/home/mustafacil/ros2_humble/install/ros2plugin:/home/mustafacil/ros2_humble/install/ros2launch:/home/mustafacil/ros2_humble/install/ros2pkg:/home/mustafacil/ros2_humble/install/ros2node:/home/mustafacil/ros2_humble/install/ros2multicast:/home/mustafacil/ros2_humble/install/ros2interface:/home/mustafacil/ros2_humble/install/ros2doctor:/home/mustafacil/ros2_humble/install/ros2action:/home/mustafacil/ros2_humble/install/ros2cli:/home/mustafacil/ros2_humble/install/quality_of_service_demo_py:/home/mustafacil/ros2_humble/install/lifecycle_py:/home/mustafacil/ros2_humble/install/launch_testing_ros:/home/mustafacil/ros2_humble/install/launch_ros:/home/mustafacil/ros2_humble/install/examples_rclpy_pointcloud_publisher:/home/mustafacil/ros2_humble/install/examples_rclpy_minimal_subscriber:/home/mustafacil/ros2_humble/install/examples_rclpy_minimal_service:/home/mustafacil/ros2_humble/install/examples_rclpy_minimal_publisher:/home/mustafacil/ros2_humble/install/examples_rclpy_minimal_client:/home/mustafacil/ros2_humble/install/examples_rclpy_minimal_action_server:/home/mustafacil/ros2_humble/install/examples_rclpy_minimal_action_client:/home/mustafacil/ros2_humble/install/examples_rclpy_guard_conditions:/home/mustafacil/ros2_humble/install/examples_rclpy_executors:/home/mustafacil/ros2_humble/install/demo_nodes_py:/home/mustafacil/ros2_humble/install/camera_info_manager_py:/home/mustafacil/ros2_humble/install/action_tutorials_py:/home/mustafacil/ros2_humble/install/ament_uncrustify:/home/mustafacil/ros2_humble/install/tracetools_trace:/home/mustafacil/ros2_humble/install/tracetools_read:/home/mustafacil/ros2_humble/install/test_tracetools_launch:/home/mustafacil/ros2_humble/install/test_launch_ros:/home/mustafacil/ros2_humble/install/sensor_msgs_py:/home/mustafacil/ros2_humble/install/rpyutils:/home/mustafacil/ros2_humble/install/rosidl_runtime_py:/home/mustafacil/ros2_humble/install/rosidl_cli:/home/mustafacil/ros2_humble/install/launch_pytest:/home/mustafacil/ros2_humble/install/launch_testing:/home/mustafacil/ros2_humble/install/launch_yaml:/home/mustafacil/ros2_humble/install/launch_xml:/home/mustafacil/ros2_humble/install/launch:/home/mustafacil/ros2_humble/install/osrf_pycommon:/home/mustafacil/ros2_humble/install/domain_coordinator:/home/mustafacil/ros2_humble/install/ament_xmllint:/home/mustafacil/ros2_humble/install/ament_pyflakes:/home/mustafacil/ros2_humble/install/ament_pycodestyle:/home/mustafacil/ros2_humble/install/ament_pep257:/home/mustafacil/ros2_humble/install/ament_pclint:/home/mustafacil/ros2_humble/install/ament_package:/home/mustafacil/ros2_humble/install/ament_mypy:/home/mustafacil/ros2_humble/install/ament_lint_cmake:/home/mustafacil/ros2_humble/install/ament_flake8:/home/mustafacil/ros2_humble/install/ament_copyright:/home/mustafacil/ros2_humble/install/ament_lint:/home/mustafacil/ros2_humble/install/ament_index_python:/home/mustafacil/ros2_humble/install/ament_cpplint:/home/mustafacil/ros2_humble/install/ament_cppcheck:/home/mustafacil/ros2_humble/install/ament_clang_tidy:/home/mustafacil/ros2_humble/install/ament_clang_format:/opt/ros/humble /usr/bin/cmake --build /home/mustafacil/Desktop/Digital-Twin/build/gazebo_ros2_control -- -j6 -l6
[37.902s] Invoking command in '/home/mustafacil/Desktop/Digital-Twin/build/gazebo_ros2_control': CMAKE_PREFIX_PATH=${CMAKE_PREFIX_PATH}:/home/mustafacil/ros2_humble/install/rqt_bag_plugins:/home/mustafacil/ros2_humble/install/rqt_bag:/home/mustafacil/ros2_humble/install/launch_testing_examples:/home/mustafacil/ros2_humble/install/ros2bag:/home/mustafacil/ros2_humble/install/tracetools_test:/home/mustafacil/ros2_humble/install/tracetools_launch:/home/mustafacil/ros2_humble/install/topic_monitor:/home/mustafacil/ros2_humble/install/tf2_tools:/home/mustafacil/ros2_humble/install/examples_tf2_py:/home/mustafacil/ros2_humble/install/tf2_ros_py:/home/mustafacil/ros2_humble/install/sros2:/home/mustafacil/ros2_humble/install/rqt_topic:/home/mustafacil/ros2_humble/install/rqt_srv:/home/mustafacil/ros2_humble/install/rqt_shell:/home/mustafacil/ros2_humble/install/rqt_service_caller:/home/mustafacil/ros2_humble/install/rqt_reconfigure:/home/mustafacil/ros2_humble/install/rqt_py_console:/home/mustafacil/ros2_humble/install/rqt_publisher:/home/mustafacil/ros2_humble/install/rqt_plot:/home/mustafacil/ros2_humble/install/rqt_action:/home/mustafacil/ros2_humble/install/rqt_msg:/home/mustafacil/ros2_humble/install/rqt_console:/home/mustafacil/ros2_humble/install/rqt:/home/mustafacil/ros2_humble/install/rqt_graph:/home/mustafacil/ros2_humble/install/rqt_gui_py:/home/mustafacil/ros2_humble/install/rqt_gui:/home/mustafacil/ros2_humble/install/ros2trace:/home/mustafacil/ros2_humble/install/ros2topic:/home/mustafacil/ros2_humble/install/ros2test:/home/mustafacil/ros2_humble/install/ros2component:/home/mustafacil/ros2_humble/install/ros2param:/home/mustafacil/ros2_humble/install/ros2lifecycle:/home/mustafacil/ros2_humble/install/ros2service:/home/mustafacil/ros2_humble/install/ros2run:/home/mustafacil/ros2_humble/install/ros2plugin:/home/mustafacil/ros2_humble/install/ros2launch:/home/mustafacil/ros2_humble/install/ros2pkg:/home/mustafacil/ros2_humble/install/ros2node:/home/mustafacil/ros2_humble/install/ros2multicast:/home/mustafacil/ros2_humble/install/ros2interface:/home/mustafacil/ros2_humble/install/ros2doctor:/home/mustafacil/ros2_humble/install/ros2action:/home/mustafacil/ros2_humble/install/ros2cli:/home/mustafacil/ros2_humble/install/quality_of_service_demo_py:/home/mustafacil/ros2_humble/install/lifecycle_py:/home/mustafacil/ros2_humble/install/launch_testing_ros:/home/mustafacil/ros2_humble/install/launch_ros:/home/mustafacil/ros2_humble/install/examples_rclpy_pointcloud_publisher:/home/mustafacil/ros2_humble/install/examples_rclpy_minimal_subscriber:/home/mustafacil/ros2_humble/install/examples_rclpy_minimal_service:/home/mustafacil/ros2_humble/install/examples_rclpy_minimal_publisher:/home/mustafacil/ros2_humble/install/examples_rclpy_minimal_client:/home/mustafacil/ros2_humble/install/examples_rclpy_minimal_action_server:/home/mustafacil/ros2_humble/install/examples_rclpy_minimal_action_client:/home/mustafacil/ros2_humble/install/examples_rclpy_guard_conditions:/home/mustafacil/ros2_humble/install/examples_rclpy_executors:/home/mustafacil/ros2_humble/install/demo_nodes_py:/home/mustafacil/ros2_humble/install/camera_info_manager_py:/home/mustafacil/ros2_humble/install/action_tutorials_py:/home/mustafacil/ros2_humble/install/ament_uncrustify:/home/mustafacil/ros2_humble/install/tracetools_trace:/home/mustafacil/ros2_humble/install/tracetools_read:/home/mustafacil/ros2_humble/install/test_tracetools_launch:/home/mustafacil/ros2_humble/install/test_launch_ros:/home/mustafacil/ros2_humble/install/sensor_msgs_py:/home/mustafacil/ros2_humble/install/rpyutils:/home/mustafacil/ros2_humble/install/rosidl_runtime_py:/home/mustafacil/ros2_humble/install/rosidl_cli:/home/mustafacil/ros2_humble/install/launch_pytest:/home/mustafacil/ros2_humble/install/launch_testing:/home/mustafacil/ros2_humble/install/launch_yaml:/home/mustafacil/ros2_humble/install/launch_xml:/home/mustafacil/ros2_humble/install/launch:/home/mustafacil/ros2_humble/install/osrf_pycommon:/home/mustafacil/ros2_humble/install/domain_coordinator:/home/mustafacil/ros2_humble/install/ament_xmllint:/home/mustafacil/ros2_humble/install/ament_pyflakes:/home/mustafacil/ros2_humble/install/ament_pycodestyle:/home/mustafacil/ros2_humble/install/ament_pep257:/home/mustafacil/ros2_humble/install/ament_pclint:/home/mustafacil/ros2_humble/install/ament_package:/home/mustafacil/ros2_humble/install/ament_mypy:/home/mustafacil/ros2_humble/install/ament_lint_cmake:/home/mustafacil/ros2_humble/install/ament_flake8:/home/mustafacil/ros2_humble/install/ament_copyright:/home/mustafacil/ros2_humble/install/ament_lint:/home/mustafacil/ros2_humble/install/ament_index_python:/home/mustafacil/ros2_humble/install/ament_cpplint:/home/mustafacil/ros2_humble/install/ament_cppcheck:/home/mustafacil/ros2_humble/install/ament_clang_tidy:/home/mustafacil/ros2_humble/install/ament_clang_format:/opt/ros/humble /usr/bin/cmake --install /home/mustafacil/Desktop/Digital-Twin/build/gazebo_ros2_control
[37.915s] -- Install configuration: ""
[37.915s] -- Execute custom install script
[37.916s] -- Symlinking: /home/mustafacil/Desktop/Digital-Twin/install/gazebo_ros2_control/lib/libgazebo_ros2_control.so
[37.956s] -- Symlinking: /home/mustafacil/Desktop/Digital-Twin/install/gazebo_ros2_control/lib/libgazebo_hardware_plugins.so
[37.987s] -- Symlinking: /home/mustafacil/Desktop/Digital-Twin/install/gazebo_ros2_control/share/gazebo_ros2_control/environment/library_path.sh
[38.010s] -- Symlinking: /home/mustafacil/Desktop/Digital-Twin/install/gazebo_ros2_control/share/gazebo_ros2_control/environment/library_path.dsv
[38.034s] -- Symlinking: /home/mustafacil/Desktop/Digital-Twin/install/gazebo_ros2_control/include/gazebo_ros2_control/gazebo_ros2_control_plugin.hpp
[38.067s] -- Symlinking: /home/mustafacil/Desktop/Digital-Twin/install/gazebo_ros2_control/include/gazebo_ros2_control/gazebo_system.hpp
[38.100s] -- Symlinking: /home/mustafacil/Desktop/Digital-Twin/install/gazebo_ros2_control/include/gazebo_ros2_control/gazebo_system_interface.hpp
[38.155s] -- Symlinking: /home/mustafacil/Desktop/Digital-Twin/install/gazebo_ros2_control/share/gazebo_ros2_control//gazebo_hardware_plugins.xml
[38.189s] -- Symlinking: /home/mustafacil/Desktop/Digital-Twin/install/gazebo_ros2_control/share/ament_index/resource_index/package_run_dependencies/gazebo_ros2_control
[38.225s] -- Symlinking: /home/mustafacil/Desktop/Digital-Twin/install/gazebo_ros2_control/share/ament_index/resource_index/parent_prefix_path/gazebo_ros2_control
[38.253s] -- Symlinking: /home/mustafacil/Desktop/Digital-Twin/install/gazebo_ros2_control/share/gazebo_ros2_control/environment/ament_prefix_path.sh
[38.278s] -- Symlinking: /home/mustafacil/Desktop/Digital-Twin/install/gazebo_ros2_control/share/gazebo_ros2_control/environment/ament_prefix_path.dsv
[38.312s] -- Symlinking: /home/mustafacil/Desktop/Digital-Twin/install/gazebo_ros2_control/share/gazebo_ros2_control/environment/path.sh
[38.333s] -- Symlinking: /home/mustafacil/Desktop/Digital-Twin/install/gazebo_ros2_control/share/gazebo_ros2_control/environment/path.dsv
[38.364s] -- Symlinking: /home/mustafacil/Desktop/Digital-Twin/install/gazebo_ros2_control/share/gazebo_ros2_control/local_setup.bash
[38.385s] -- Symlinking: /home/mustafacil/Desktop/Digital-Twin/install/gazebo_ros2_control/share/gazebo_ros2_control/local_setup.sh
[38.415s] -- Symlinking: /home/mustafacil/Desktop/Digital-Twin/install/gazebo_ros2_control/share/gazebo_ros2_control/local_setup.zsh
[38.453s] -- Symlinking: /home/mustafacil/Desktop/Digital-Twin/install/gazebo_ros2_control/share/gazebo_ros2_control/local_setup.dsv
[38.476s] -- Symlinking: /home/mustafacil/Desktop/Digital-Twin/install/gazebo_ros2_control/share/gazebo_ros2_control/package.dsv
[38.516s] -- Symlinking: /home/mustafacil/Desktop/Digital-Twin/install/gazebo_ros2_control/share/ament_index/resource_index/packages/gazebo_ros2_control
[38.540s] -- Symlinking: /home/mustafacil/Desktop/Digital-Twin/install/gazebo_ros2_control/share/ament_index/resource_index/gazebo_ros2_control__pluginlib__plugin/gazebo_ros2_control
[38.557s] -- Symlinking: /home/mustafacil/Desktop/Digital-Twin/install/gazebo_ros2_control/share/gazebo_ros2_control/cmake/ament_cmake_export_include_directories-extras.cmake
[38.582s] -- Symlinking: /home/mustafacil/Desktop/Digital-Twin/install/gazebo_ros2_control/share/gazebo_ros2_control/cmake/ament_cmake_export_dependencies-extras.cmake
[38.608s] -- Symlinking: /home/mustafacil/Desktop/Digital-Twin/install/gazebo_ros2_control/share/gazebo_ros2_control/cmake/ament_cmake_export_libraries-extras.cmake
[38.634s] -- Symlinking: /home/mustafacil/Desktop/Digital-Twin/install/gazebo_ros2_control/share/gazebo_ros2_control/cmake/gazebo_ros2_controlConfig.cmake
[38.672s] -- Symlinking: /home/mustafacil/Desktop/Digital-Twin/install/gazebo_ros2_control/share/gazebo_ros2_control/cmake/gazebo_ros2_controlConfig-version.cmake
[38.708s] -- Symlinking: /home/mustafacil/Desktop/Digital-Twin/install/gazebo_ros2_control/share/gazebo_ros2_control/package.xml
[38.752s] Invoked command in '/home/mustafacil/Desktop/Digital-Twin/build/gazebo_ros2_control' returned '0': CMAKE_PREFIX_PATH=${CMAKE_PREFIX_PATH}:/home/mustafacil/ros2_humble/install/rqt_bag_plugins:/home/mustafacil/ros2_humble/install/rqt_bag:/home/mustafacil/ros2_humble/install/launch_testing_examples:/home/mustafacil/ros2_humble/install/ros2bag:/home/mustafacil/ros2_humble/install/tracetools_test:/home/mustafacil/ros2_humble/install/tracetools_launch:/home/mustafacil/ros2_humble/install/topic_monitor:/home/mustafacil/ros2_humble/install/tf2_tools:/home/mustafacil/ros2_humble/install/examples_tf2_py:/home/mustafacil/ros2_humble/install/tf2_ros_py:/home/mustafacil/ros2_humble/install/sros2:/home/mustafacil/ros2_humble/install/rqt_topic:/home/mustafacil/ros2_humble/install/rqt_srv:/home/mustafacil/ros2_humble/install/rqt_shell:/home/mustafacil/ros2_humble/install/rqt_service_caller:/home/mustafacil/ros2_humble/install/rqt_reconfigure:/home/mustafacil/ros2_humble/install/rqt_py_console:/home/mustafacil/ros2_humble/install/rqt_publisher:/home/mustafacil/ros2_humble/install/rqt_plot:/home/mustafacil/ros2_humble/install/rqt_action:/home/mustafacil/ros2_humble/install/rqt_msg:/home/mustafacil/ros2_humble/install/rqt_console:/home/mustafacil/ros2_humble/install/rqt:/home/mustafacil/ros2_humble/install/rqt_graph:/home/mustafacil/ros2_humble/install/rqt_gui_py:/home/mustafacil/ros2_humble/install/rqt_gui:/home/mustafacil/ros2_humble/install/ros2trace:/home/mustafacil/ros2_humble/install/ros2topic:/home/mustafacil/ros2_humble/install/ros2test:/home/mustafacil/ros2_humble/install/ros2component:/home/mustafacil/ros2_humble/install/ros2param:/home/mustafacil/ros2_humble/install/ros2lifecycle:/home/mustafacil/ros2_humble/install/ros2service:/home/mustafacil/ros2_humble/install/ros2run:/home/mustafacil/ros2_humble/install/ros2plugin:/home/mustafacil/ros2_humble/install/ros2launch:/home/mustafacil/ros2_humble/install/ros2pkg:/home/mustafacil/ros2_humble/install/ros2node:/home/mustafacil/ros2_humble/install/ros2multicast:/home/mustafacil/ros2_humble/install/ros2interface:/home/mustafacil/ros2_humble/install/ros2doctor:/home/mustafacil/ros2_humble/install/ros2action:/home/mustafacil/ros2_humble/install/ros2cli:/home/mustafacil/ros2_humble/install/quality_of_service_demo_py:/home/mustafacil/ros2_humble/install/lifecycle_py:/home/mustafacil/ros2_humble/install/launch_testing_ros:/home/mustafacil/ros2_humble/install/launch_ros:/home/mustafacil/ros2_humble/install/examples_rclpy_pointcloud_publisher:/home/mustafacil/ros2_humble/install/examples_rclpy_minimal_subscriber:/home/mustafacil/ros2_humble/install/examples_rclpy_minimal_service:/home/mustafacil/ros2_humble/install/examples_rclpy_minimal_publisher:/home/mustafacil/ros2_humble/install/examples_rclpy_minimal_client:/home/mustafacil/ros2_humble/install/examples_rclpy_minimal_action_server:/home/mustafacil/ros2_humble/install/examples_rclpy_minimal_action_client:/home/mustafacil/ros2_humble/install/examples_rclpy_guard_conditions:/home/mustafacil/ros2_humble/install/examples_rclpy_executors:/home/mustafacil/ros2_humble/install/demo_nodes_py:/home/mustafacil/ros2_humble/install/camera_info_manager_py:/home/mustafacil/ros2_humble/install/action_tutorials_py:/home/mustafacil/ros2_humble/install/ament_uncrustify:/home/mustafacil/ros2_humble/install/tracetools_trace:/home/mustafacil/ros2_humble/install/tracetools_read:/home/mustafacil/ros2_humble/install/test_tracetools_launch:/home/mustafacil/ros2_humble/install/test_launch_ros:/home/mustafacil/ros2_humble/install/sensor_msgs_py:/home/mustafacil/ros2_humble/install/rpyutils:/home/mustafacil/ros2_humble/install/rosidl_runtime_py:/home/mustafacil/ros2_humble/install/rosidl_cli:/home/mustafacil/ros2_humble/install/launch_pytest:/home/mustafacil/ros2_humble/install/launch_testing:/home/mustafacil/ros2_humble/install/launch_yaml:/home/mustafacil/ros2_humble/install/launch_xml:/home/mustafacil/ros2_humble/install/launch:/home/mustafacil/ros2_humble/install/osrf_pycommon:/home/mustafacil/ros2_humble/install/domain_coordinator:/home/mustafacil/ros2_humble/install/ament_xmllint:/home/mustafacil/ros2_humble/install/ament_pyflakes:/home/mustafacil/ros2_humble/install/ament_pycodestyle:/home/mustafacil/ros2_humble/install/ament_pep257:/home/mustafacil/ros2_humble/install/ament_pclint:/home/mustafacil/ros2_humble/install/ament_package:/home/mustafacil/ros2_humble/install/ament_mypy:/home/mustafacil/ros2_humble/install/ament_lint_cmake:/home/mustafacil/ros2_humble/install/ament_flake8:/home/mustafacil/ros2_humble/install/ament_copyright:/home/mustafacil/ros2_humble/install/ament_lint:/home/mustafacil/ros2_humble/install/ament_index_python:/home/mustafacil/ros2_humble/install/ament_cpplint:/home/mustafacil/ros2_humble/install/ament_cppcheck:/home/mustafacil/ros2_humble/install/ament_clang_tidy:/home/mustafacil/ros2_humble/install/ament_clang_format:/opt/ros/humble /usr/bin/cmake --install /home/mustafacil/Desktop/Digital-Twin/build/gazebo_ros2_control
