[0.260s] DEBUG:colcon:Command line arguments: ['/usr/bin/colcon', 'build', '--symlink-install', '--packages-select', 'robot_arm_description']
[0.260s] DEBUG:colcon:Parsed command line arguments: Namespace(log_base=None, log_level=None, verb_name='build', build_base='build', install_base='install', merge_install=False, symlink_install=True, test_result_base=None, continue_on_error=False, executor='parallel', parallel_workers=6, event_handlers=None, ignore_user_meta=False, metas=['./colcon.meta'], base_paths=['.'], packages_ignore=None, packages_ignore_regex=None, paths=None, packages_up_to=None, packages_up_to_regex=None, packages_above=None, packages_above_and_dependencies=None, packages_above_depth=None, packages_select_by_dep=None, packages_skip_by_dep=None, packages_skip_up_to=None, packages_select_build_failed=False, packages_skip_build_finished=False, packages_select_test_failures=False, packages_skip_test_passed=False, packages_select=['robot_arm_description'], packages_skip=None, packages_select_regex=None, packages_skip_regex=None, packages_start=None, packages_end=None, allow_overriding=[], cmake_args=None, cmake_target=None, cmake_target_skip_unavailable=False, cmake_clean_cache=False, cmake_clean_first=False, cmake_force_configure=False, ament_cmake_args=None, catkin_cmake_args=None, catkin_skip_building_tests=False, mixin_files=None, mixin=None, verb_parser=<colcon_mixin.mixin.mixin_argument.MixinArgumentDecorator object at 0x7722825a7580>, verb_extension=<colcon_core.verb.build.BuildVerb object at 0x7722825a70d0>, main=<bound method BuildVerb.main of <colcon_core.verb.build.BuildVerb object at 0x7722825a70d0>>, mixin_verb=('build',))
[0.564s] Level 1:colcon.colcon_core.package_discovery:discover_packages(colcon_meta) check parameters
[0.564s] Level 1:colcon.colcon_core.package_discovery:discover_packages(recursive) check parameters
[0.564s] Level 1:colcon.colcon_core.package_discovery:discover_packages(ignore) check parameters
[0.564s] Level 1:colcon.colcon_core.package_discovery:discover_packages(path) check parameters
[0.564s] Level 1:colcon.colcon_core.package_discovery:discover_packages(colcon_meta) discover
[0.564s] Level 1:colcon.colcon_core.package_discovery:discover_packages(recursive) discover
[0.564s] INFO:colcon.colcon_core.package_discovery:Crawling recursively for packages in '/home/mustafacil/Desktop/Digital-Twin'
[0.565s] Level 1:colcon.colcon_core.package_identification:_identify(.) by extensions ['ignore', 'ignore_ament_install']
[0.565s] Level 1:colcon.colcon_core.package_identification:_identify(.) by extension 'ignore'
[0.565s] Level 1:colcon.colcon_core.package_identification:_identify(.) by extension 'ignore_ament_install'
[0.565s] Level 1:colcon.colcon_core.package_identification:_identify(.) by extensions ['colcon_pkg']
[0.565s] Level 1:colcon.colcon_core.package_identification:_identify(.) by extension 'colcon_pkg'
[0.565s] Level 1:colcon.colcon_core.package_identification:_identify(.) by extensions ['colcon_meta']
[0.565s] Level 1:colcon.colcon_core.package_identification:_identify(.) by extension 'colcon_meta'
[0.565s] Level 1:colcon.colcon_core.package_identification:_identify(.) by extensions ['ros']
[0.565s] Level 1:colcon.colcon_core.package_identification:_identify(.) by extension 'ros'
[0.578s] Level 1:colcon.colcon_core.package_identification:_identify(.) by extensions ['cmake', 'python']
[0.579s] Level 1:colcon.colcon_core.package_identification:_identify(.) by extension 'cmake'
[0.579s] Level 1:colcon.colcon_core.package_identification:_identify(.) by extension 'python'
[0.579s] Level 1:colcon.colcon_core.package_identification:_identify(.) by extensions ['python_setup_py']
[0.579s] Level 1:colcon.colcon_core.package_identification:_identify(.) by extension 'python_setup_py'
[0.579s] Level 1:colcon.colcon_core.package_identification:_identify(build) by extensions ['ignore', 'ignore_ament_install']
[0.579s] Level 1:colcon.colcon_core.package_identification:_identify(build) by extension 'ignore'
[0.579s] Level 1:colcon.colcon_core.package_identification:_identify(build) ignored
[0.580s] Level 1:colcon.colcon_core.package_identification:_identify(docs) by extensions ['ignore', 'ignore_ament_install']
[0.580s] Level 1:colcon.colcon_core.package_identification:_identify(docs) by extension 'ignore'
[0.580s] Level 1:colcon.colcon_core.package_identification:_identify(docs) by extension 'ignore_ament_install'
[0.580s] Level 1:colcon.colcon_core.package_identification:_identify(docs) by extensions ['colcon_pkg']
[0.580s] Level 1:colcon.colcon_core.package_identification:_identify(docs) by extension 'colcon_pkg'
[0.580s] Level 1:colcon.colcon_core.package_identification:_identify(docs) by extensions ['colcon_meta']
[0.580s] Level 1:colcon.colcon_core.package_identification:_identify(docs) by extension 'colcon_meta'
[0.580s] Level 1:colcon.colcon_core.package_identification:_identify(docs) by extensions ['ros']
[0.580s] Level 1:colcon.colcon_core.package_identification:_identify(docs) by extension 'ros'
[0.580s] Level 1:colcon.colcon_core.package_identification:_identify(docs) by extensions ['cmake', 'python']
[0.580s] Level 1:colcon.colcon_core.package_identification:_identify(docs) by extension 'cmake'
[0.580s] Level 1:colcon.colcon_core.package_identification:_identify(docs) by extension 'python'
[0.580s] Level 1:colcon.colcon_core.package_identification:_identify(docs) by extensions ['python_setup_py']
[0.580s] Level 1:colcon.colcon_core.package_identification:_identify(docs) by extension 'python_setup_py'
[0.580s] Level 1:colcon.colcon_core.package_identification:_identify(install) by extensions ['ignore', 'ignore_ament_install']
[0.580s] Level 1:colcon.colcon_core.package_identification:_identify(install) by extension 'ignore'
[0.580s] Level 1:colcon.colcon_core.package_identification:_identify(install) ignored
[0.581s] Level 1:colcon.colcon_core.package_identification:_identify(log) by extensions ['ignore', 'ignore_ament_install']
[0.581s] Level 1:colcon.colcon_core.package_identification:_identify(log) by extension 'ignore'
[0.581s] Level 1:colcon.colcon_core.package_identification:_identify(log) ignored
[0.581s] Level 1:colcon.colcon_core.package_identification:_identify(src) by extensions ['ignore', 'ignore_ament_install']
[0.581s] Level 1:colcon.colcon_core.package_identification:_identify(src) by extension 'ignore'
[0.581s] Level 1:colcon.colcon_core.package_identification:_identify(src) by extension 'ignore_ament_install'
[0.581s] Level 1:colcon.colcon_core.package_identification:_identify(src) by extensions ['colcon_pkg']
[0.581s] Level 1:colcon.colcon_core.package_identification:_identify(src) by extension 'colcon_pkg'
[0.581s] Level 1:colcon.colcon_core.package_identification:_identify(src) by extensions ['colcon_meta']
[0.581s] Level 1:colcon.colcon_core.package_identification:_identify(src) by extension 'colcon_meta'
[0.581s] Level 1:colcon.colcon_core.package_identification:_identify(src) by extensions ['ros']
[0.581s] Level 1:colcon.colcon_core.package_identification:_identify(src) by extension 'ros'
[0.581s] Level 1:colcon.colcon_core.package_identification:_identify(src) by extensions ['cmake', 'python']
[0.581s] Level 1:colcon.colcon_core.package_identification:_identify(src) by extension 'cmake'
[0.581s] Level 1:colcon.colcon_core.package_identification:_identify(src) by extension 'python'
[0.581s] Level 1:colcon.colcon_core.package_identification:_identify(src) by extensions ['python_setup_py']
[0.581s] Level 1:colcon.colcon_core.package_identification:_identify(src) by extension 'python_setup_py'
[0.581s] Level 1:colcon.colcon_core.package_identification:_identify(src/robot_arm_bringup) by extensions ['ignore', 'ignore_ament_install']
[0.582s] Level 1:colcon.colcon_core.package_identification:_identify(src/robot_arm_bringup) by extension 'ignore'
[0.582s] Level 1:colcon.colcon_core.package_identification:_identify(src/robot_arm_bringup) by extension 'ignore_ament_install'
[0.582s] Level 1:colcon.colcon_core.package_identification:_identify(src/robot_arm_bringup) by extensions ['colcon_pkg']
[0.582s] Level 1:colcon.colcon_core.package_identification:_identify(src/robot_arm_bringup) by extension 'colcon_pkg'
[0.582s] Level 1:colcon.colcon_core.package_identification:_identify(src/robot_arm_bringup) by extensions ['colcon_meta']
[0.582s] Level 1:colcon.colcon_core.package_identification:_identify(src/robot_arm_bringup) by extension 'colcon_meta'
[0.582s] Level 1:colcon.colcon_core.package_identification:_identify(src/robot_arm_bringup) by extensions ['ros']
[0.582s] Level 1:colcon.colcon_core.package_identification:_identify(src/robot_arm_bringup) by extension 'ros'
[0.585s] DEBUG:colcon.colcon_core.package_identification:Package 'src/robot_arm_bringup' with type 'ros.ament_cmake' and name 'robot_arm_bringup'
[0.585s] Level 1:colcon.colcon_core.package_identification:_identify(src/robot_arm_control) by extensions ['ignore', 'ignore_ament_install']
[0.585s] Level 1:colcon.colcon_core.package_identification:_identify(src/robot_arm_control) by extension 'ignore'
[0.585s] Level 1:colcon.colcon_core.package_identification:_identify(src/robot_arm_control) by extension 'ignore_ament_install'
[0.585s] Level 1:colcon.colcon_core.package_identification:_identify(src/robot_arm_control) by extensions ['colcon_pkg']
[0.585s] Level 1:colcon.colcon_core.package_identification:_identify(src/robot_arm_control) by extension 'colcon_pkg'
[0.585s] Level 1:colcon.colcon_core.package_identification:_identify(src/robot_arm_control) by extensions ['colcon_meta']
[0.585s] Level 1:colcon.colcon_core.package_identification:_identify(src/robot_arm_control) by extension 'colcon_meta'
[0.585s] Level 1:colcon.colcon_core.package_identification:_identify(src/robot_arm_control) by extensions ['ros']
[0.585s] Level 1:colcon.colcon_core.package_identification:_identify(src/robot_arm_control) by extension 'ros'
[0.586s] DEBUG:colcon.colcon_core.package_identification:Package 'src/robot_arm_control' with type 'ros.ament_cmake' and name 'robot_arm_control'
[0.586s] Level 1:colcon.colcon_core.package_identification:_identify(src/robot_arm_description) by extensions ['ignore', 'ignore_ament_install']
[0.586s] Level 1:colcon.colcon_core.package_identification:_identify(src/robot_arm_description) by extension 'ignore'
[0.586s] Level 1:colcon.colcon_core.package_identification:_identify(src/robot_arm_description) by extension 'ignore_ament_install'
[0.586s] Level 1:colcon.colcon_core.package_identification:_identify(src/robot_arm_description) by extensions ['colcon_pkg']
[0.586s] Level 1:colcon.colcon_core.package_identification:_identify(src/robot_arm_description) by extension 'colcon_pkg'
[0.586s] Level 1:colcon.colcon_core.package_identification:_identify(src/robot_arm_description) by extensions ['colcon_meta']
[0.586s] Level 1:colcon.colcon_core.package_identification:_identify(src/robot_arm_description) by extension 'colcon_meta'
[0.586s] Level 1:colcon.colcon_core.package_identification:_identify(src/robot_arm_description) by extensions ['ros']
[0.586s] Level 1:colcon.colcon_core.package_identification:_identify(src/robot_arm_description) by extension 'ros'
[0.587s] DEBUG:colcon.colcon_core.package_identification:Package 'src/robot_arm_description' with type 'ros.ament_cmake' and name 'robot_arm_description'
[0.587s] Level 1:colcon.colcon_core.package_identification:_identify(src/robot_arm_gazebo) by extensions ['ignore', 'ignore_ament_install']
[0.587s] Level 1:colcon.colcon_core.package_identification:_identify(src/robot_arm_gazebo) by extension 'ignore'
[0.587s] Level 1:colcon.colcon_core.package_identification:_identify(src/robot_arm_gazebo) by extension 'ignore_ament_install'
[0.587s] Level 1:colcon.colcon_core.package_identification:_identify(src/robot_arm_gazebo) by extensions ['colcon_pkg']
[0.587s] Level 1:colcon.colcon_core.package_identification:_identify(src/robot_arm_gazebo) by extension 'colcon_pkg'
[0.587s] Level 1:colcon.colcon_core.package_identification:_identify(src/robot_arm_gazebo) by extensions ['colcon_meta']
[0.587s] Level 1:colcon.colcon_core.package_identification:_identify(src/robot_arm_gazebo) by extension 'colcon_meta'
[0.587s] Level 1:colcon.colcon_core.package_identification:_identify(src/robot_arm_gazebo) by extensions ['ros']
[0.587s] Level 1:colcon.colcon_core.package_identification:_identify(src/robot_arm_gazebo) by extension 'ros'
[0.588s] DEBUG:colcon.colcon_core.package_identification:Package 'src/robot_arm_gazebo' with type 'ros.ament_cmake' and name 'robot_arm_gazebo'
[0.588s] Level 1:colcon.colcon_core.package_discovery:discover_packages(recursive) using defaults
[0.588s] Level 1:colcon.colcon_core.package_discovery:discover_packages(ignore) discover
[0.588s] Level 1:colcon.colcon_core.package_discovery:discover_packages(ignore) using defaults
[0.588s] Level 1:colcon.colcon_core.package_discovery:discover_packages(path) discover
[0.588s] Level 1:colcon.colcon_core.package_discovery:discover_packages(path) using defaults
[0.634s] INFO:colcon.colcon_core.package_selection:Skipping not selected package 'robot_arm_control' in 'src/robot_arm_control'
[0.634s] INFO:colcon.colcon_core.package_selection:Skipping not selected package 'robot_arm_gazebo' in 'src/robot_arm_gazebo'
[0.635s] INFO:colcon.colcon_core.package_selection:Skipping not selected package 'robot_arm_bringup' in 'src/robot_arm_bringup'
[0.635s] Level 1:colcon.colcon_core.package_discovery:discover_packages(prefix_path) check parameters
[0.635s] Level 1:colcon.colcon_core.package_discovery:discover_packages(prefix_path) discover
[0.645s] DEBUG:colcon.colcon_installed_package_information.package_discovery:Found 4 installed packages in /home/mustafacil/Desktop/Digital-Twin/install
[0.654s] DEBUG:colcon.colcon_installed_package_information.package_discovery:Found 347 installed packages in /home/mustafacil/ros2_humble/install
[0.656s] DEBUG:colcon.colcon_installed_package_information.package_discovery:Found 172 installed packages in /opt/ros/humble
[0.661s] Level 1:colcon.colcon_core.package_discovery:discover_packages(prefix_path) using defaults
[0.706s] WARNING:colcon.colcon_core.package_selection:Some selected packages are already built in one or more underlay workspaces:
	'robot_arm_description' is in: /home/mustafacil/Desktop/Digital-Twin/install/robot_arm_description
If a package in a merged underlay workspace is overridden and it installs headers, then all packages in the overlay must sort their include directories by workspace order. Failure to do so may result in build failures or undefined behavior at run time.
If the overridden package is used by another package in any underlay, then the overriding package in the overlay must be API and ABI compatible or undefined behavior at run time may occur.

If you understand the risks and want to override a package anyways, add the following to the command line:
	--allow-overriding robot_arm_description

This may be promoted to an error in a future release of colcon-override-check.
[0.708s] Level 5:colcon.colcon_core.verb:set package 'robot_arm_description' build argument 'cmake_args' from command line to 'None'
[0.708s] Level 5:colcon.colcon_core.verb:set package 'robot_arm_description' build argument 'cmake_target' from command line to 'None'
[0.709s] Level 5:colcon.colcon_core.verb:set package 'robot_arm_description' build argument 'cmake_target_skip_unavailable' from command line to 'False'
[0.709s] Level 5:colcon.colcon_core.verb:set package 'robot_arm_description' build argument 'cmake_clean_cache' from command line to 'False'
[0.709s] Level 5:colcon.colcon_core.verb:set package 'robot_arm_description' build argument 'cmake_clean_first' from command line to 'False'
[0.709s] Level 5:colcon.colcon_core.verb:set package 'robot_arm_description' build argument 'cmake_force_configure' from command line to 'False'
[0.709s] Level 5:colcon.colcon_core.verb:set package 'robot_arm_description' build argument 'ament_cmake_args' from command line to 'None'
[0.709s] Level 5:colcon.colcon_core.verb:set package 'robot_arm_description' build argument 'catkin_cmake_args' from command line to 'None'
[0.709s] Level 5:colcon.colcon_core.verb:set package 'robot_arm_description' build argument 'catkin_skip_building_tests' from command line to 'False'
[0.709s] DEBUG:colcon.colcon_core.verb:Building package 'robot_arm_description' with the following arguments: {'ament_cmake_args': None, 'build_base': '/home/mustafacil/Desktop/Digital-Twin/build/robot_arm_description', 'catkin_cmake_args': None, 'catkin_skip_building_tests': False, 'cmake_args': None, 'cmake_clean_cache': False, 'cmake_clean_first': False, 'cmake_force_configure': False, 'cmake_target': None, 'cmake_target_skip_unavailable': False, 'install_base': '/home/mustafacil/Desktop/Digital-Twin/install/robot_arm_description', 'merge_install': False, 'path': '/home/mustafacil/Desktop/Digital-Twin/src/robot_arm_description', 'symlink_install': True, 'test_result_base': None}
[0.709s] INFO:colcon.colcon_core.executor:Executing jobs using 'parallel' executor
[0.711s] DEBUG:colcon.colcon_parallel_executor.executor.parallel:run_until_complete
[0.711s] INFO:colcon.colcon_ros.task.ament_cmake.build:Building ROS package in '/home/mustafacil/Desktop/Digital-Twin/src/robot_arm_description' with build type 'ament_cmake'
[0.711s] INFO:colcon.colcon_cmake.task.cmake.build:Building CMake package in '/home/mustafacil/Desktop/Digital-Twin/src/robot_arm_description'
[0.718s] INFO:colcon.colcon_core.plugin_system:Skipping extension 'colcon_core.shell.bat': Not used on non-Windows systems
[0.719s] INFO:colcon.colcon_core.shell:Skip shell extension 'powershell' for command environment: Not usable outside of PowerShell
[0.719s] DEBUG:colcon.colcon_core.shell:Skip shell extension 'dsv' for command environment
[0.775s] DEBUG:colcon.colcon_core.event_handler.log_command:Invoking command in '/home/mustafacil/Desktop/Digital-Twin/build/robot_arm_description': CMAKE_PREFIX_PATH=${CMAKE_PREFIX_PATH}:/home/mustafacil/ros2_humble/install/rqt_bag_plugins:/home/mustafacil/ros2_humble/install/rqt_bag:/home/mustafacil/ros2_humble/install/launch_testing_examples:/home/mustafacil/ros2_humble/install/ros2bag:/home/mustafacil/ros2_humble/install/tracetools_test:/home/mustafacil/ros2_humble/install/tracetools_launch:/home/mustafacil/ros2_humble/install/topic_monitor:/home/mustafacil/ros2_humble/install/tf2_tools:/home/mustafacil/ros2_humble/install/examples_tf2_py:/home/mustafacil/ros2_humble/install/tf2_ros_py:/home/mustafacil/ros2_humble/install/sros2:/home/mustafacil/ros2_humble/install/rqt_topic:/home/mustafacil/ros2_humble/install/rqt_srv:/home/mustafacil/ros2_humble/install/rqt_shell:/home/mustafacil/ros2_humble/install/rqt_service_caller:/home/mustafacil/ros2_humble/install/rqt_reconfigure:/home/mustafacil/ros2_humble/install/rqt_py_console:/home/mustafacil/ros2_humble/install/rqt_publisher:/home/mustafacil/ros2_humble/install/rqt_plot:/home/mustafacil/ros2_humble/install/rqt_action:/home/mustafacil/ros2_humble/install/rqt_msg:/home/mustafacil/ros2_humble/install/rqt_console:/home/mustafacil/ros2_humble/install/rqt:/home/mustafacil/ros2_humble/install/rqt_graph:/home/mustafacil/ros2_humble/install/rqt_gui_py:/home/mustafacil/ros2_humble/install/rqt_gui:/home/mustafacil/ros2_humble/install/ros2trace:/home/mustafacil/ros2_humble/install/ros2topic:/home/mustafacil/ros2_humble/install/ros2test:/home/mustafacil/ros2_humble/install/ros2component:/home/mustafacil/ros2_humble/install/ros2param:/home/mustafacil/ros2_humble/install/ros2lifecycle:/home/mustafacil/ros2_humble/install/ros2service:/home/mustafacil/ros2_humble/install/ros2run:/home/mustafacil/ros2_humble/install/ros2plugin:/home/mustafacil/ros2_humble/install/ros2launch:/home/mustafacil/ros2_humble/install/ros2pkg:/home/mustafacil/ros2_humble/install/ros2node:/home/mustafacil/ros2_humble/install/ros2multicast:/home/mustafacil/ros2_humble/install/ros2interface:/home/mustafacil/ros2_humble/install/ros2doctor:/home/mustafacil/ros2_humble/install/ros2action:/home/mustafacil/ros2_humble/install/ros2cli:/home/mustafacil/ros2_humble/install/quality_of_service_demo_py:/home/mustafacil/ros2_humble/install/lifecycle_py:/home/mustafacil/ros2_humble/install/launch_testing_ros:/home/mustafacil/ros2_humble/install/launch_ros:/home/mustafacil/ros2_humble/install/examples_rclpy_pointcloud_publisher:/home/mustafacil/ros2_humble/install/examples_rclpy_minimal_subscriber:/home/mustafacil/ros2_humble/install/examples_rclpy_minimal_service:/home/mustafacil/ros2_humble/install/examples_rclpy_minimal_publisher:/home/mustafacil/ros2_humble/install/examples_rclpy_minimal_client:/home/mustafacil/ros2_humble/install/examples_rclpy_minimal_action_server:/home/mustafacil/ros2_humble/install/examples_rclpy_minimal_action_client:/home/mustafacil/ros2_humble/install/examples_rclpy_guard_conditions:/home/mustafacil/ros2_humble/install/examples_rclpy_executors:/home/mustafacil/ros2_humble/install/demo_nodes_py:/home/mustafacil/ros2_humble/install/camera_info_manager_py:/home/mustafacil/ros2_humble/install/action_tutorials_py:/home/mustafacil/ros2_humble/install/ament_uncrustify:/home/mustafacil/ros2_humble/install/tracetools_trace:/home/mustafacil/ros2_humble/install/tracetools_read:/home/mustafacil/ros2_humble/install/test_tracetools_launch:/home/mustafacil/ros2_humble/install/test_launch_ros:/home/mustafacil/ros2_humble/install/sensor_msgs_py:/home/mustafacil/ros2_humble/install/rpyutils:/home/mustafacil/ros2_humble/install/rosidl_runtime_py:/home/mustafacil/ros2_humble/install/rosidl_cli:/home/mustafacil/ros2_humble/install/launch_pytest:/home/mustafacil/ros2_humble/install/launch_testing:/home/mustafacil/ros2_humble/install/launch_yaml:/home/mustafacil/ros2_humble/install/launch_xml:/home/mustafacil/ros2_humble/install/launch:/home/mustafacil/ros2_humble/install/osrf_pycommon:/home/mustafacil/ros2_humble/install/domain_coordinator:/home/mustafacil/ros2_humble/install/ament_xmllint:/home/mustafacil/ros2_humble/install/ament_pyflakes:/home/mustafacil/ros2_humble/install/ament_pycodestyle:/home/mustafacil/ros2_humble/install/ament_pep257:/home/mustafacil/ros2_humble/install/ament_pclint:/home/mustafacil/ros2_humble/install/ament_package:/home/mustafacil/ros2_humble/install/ament_mypy:/home/mustafacil/ros2_humble/install/ament_lint_cmake:/home/mustafacil/ros2_humble/install/ament_flake8:/home/mustafacil/ros2_humble/install/ament_copyright:/home/mustafacil/ros2_humble/install/ament_lint:/home/mustafacil/ros2_humble/install/ament_index_python:/home/mustafacil/ros2_humble/install/ament_cpplint:/home/mustafacil/ros2_humble/install/ament_cppcheck:/home/mustafacil/ros2_humble/install/ament_clang_tidy:/home/mustafacil/ros2_humble/install/ament_clang_format:/opt/ros/humble /usr/bin/cmake --build /home/mustafacil/Desktop/Digital-Twin/build/robot_arm_description -- -j6 -l6
[0.917s] DEBUG:colcon.colcon_core.event_handler.log_command:Invoked command in '/home/mustafacil/Desktop/Digital-Twin/build/robot_arm_description' returned '0': CMAKE_PREFIX_PATH=${CMAKE_PREFIX_PATH}:/home/mustafacil/ros2_humble/install/rqt_bag_plugins:/home/mustafacil/ros2_humble/install/rqt_bag:/home/mustafacil/ros2_humble/install/launch_testing_examples:/home/mustafacil/ros2_humble/install/ros2bag:/home/mustafacil/ros2_humble/install/tracetools_test:/home/mustafacil/ros2_humble/install/tracetools_launch:/home/mustafacil/ros2_humble/install/topic_monitor:/home/mustafacil/ros2_humble/install/tf2_tools:/home/mustafacil/ros2_humble/install/examples_tf2_py:/home/mustafacil/ros2_humble/install/tf2_ros_py:/home/mustafacil/ros2_humble/install/sros2:/home/mustafacil/ros2_humble/install/rqt_topic:/home/mustafacil/ros2_humble/install/rqt_srv:/home/mustafacil/ros2_humble/install/rqt_shell:/home/mustafacil/ros2_humble/install/rqt_service_caller:/home/mustafacil/ros2_humble/install/rqt_reconfigure:/home/mustafacil/ros2_humble/install/rqt_py_console:/home/mustafacil/ros2_humble/install/rqt_publisher:/home/mustafacil/ros2_humble/install/rqt_plot:/home/mustafacil/ros2_humble/install/rqt_action:/home/mustafacil/ros2_humble/install/rqt_msg:/home/mustafacil/ros2_humble/install/rqt_console:/home/mustafacil/ros2_humble/install/rqt:/home/mustafacil/ros2_humble/install/rqt_graph:/home/mustafacil/ros2_humble/install/rqt_gui_py:/home/mustafacil/ros2_humble/install/rqt_gui:/home/mustafacil/ros2_humble/install/ros2trace:/home/mustafacil/ros2_humble/install/ros2topic:/home/mustafacil/ros2_humble/install/ros2test:/home/mustafacil/ros2_humble/install/ros2component:/home/mustafacil/ros2_humble/install/ros2param:/home/mustafacil/ros2_humble/install/ros2lifecycle:/home/mustafacil/ros2_humble/install/ros2service:/home/mustafacil/ros2_humble/install/ros2run:/home/mustafacil/ros2_humble/install/ros2plugin:/home/mustafacil/ros2_humble/install/ros2launch:/home/mustafacil/ros2_humble/install/ros2pkg:/home/mustafacil/ros2_humble/install/ros2node:/home/mustafacil/ros2_humble/install/ros2multicast:/home/mustafacil/ros2_humble/install/ros2interface:/home/mustafacil/ros2_humble/install/ros2doctor:/home/mustafacil/ros2_humble/install/ros2action:/home/mustafacil/ros2_humble/install/ros2cli:/home/mustafacil/ros2_humble/install/quality_of_service_demo_py:/home/mustafacil/ros2_humble/install/lifecycle_py:/home/mustafacil/ros2_humble/install/launch_testing_ros:/home/mustafacil/ros2_humble/install/launch_ros:/home/mustafacil/ros2_humble/install/examples_rclpy_pointcloud_publisher:/home/mustafacil/ros2_humble/install/examples_rclpy_minimal_subscriber:/home/mustafacil/ros2_humble/install/examples_rclpy_minimal_service:/home/mustafacil/ros2_humble/install/examples_rclpy_minimal_publisher:/home/mustafacil/ros2_humble/install/examples_rclpy_minimal_client:/home/mustafacil/ros2_humble/install/examples_rclpy_minimal_action_server:/home/mustafacil/ros2_humble/install/examples_rclpy_minimal_action_client:/home/mustafacil/ros2_humble/install/examples_rclpy_guard_conditions:/home/mustafacil/ros2_humble/install/examples_rclpy_executors:/home/mustafacil/ros2_humble/install/demo_nodes_py:/home/mustafacil/ros2_humble/install/camera_info_manager_py:/home/mustafacil/ros2_humble/install/action_tutorials_py:/home/mustafacil/ros2_humble/install/ament_uncrustify:/home/mustafacil/ros2_humble/install/tracetools_trace:/home/mustafacil/ros2_humble/install/tracetools_read:/home/mustafacil/ros2_humble/install/test_tracetools_launch:/home/mustafacil/ros2_humble/install/test_launch_ros:/home/mustafacil/ros2_humble/install/sensor_msgs_py:/home/mustafacil/ros2_humble/install/rpyutils:/home/mustafacil/ros2_humble/install/rosidl_runtime_py:/home/mustafacil/ros2_humble/install/rosidl_cli:/home/mustafacil/ros2_humble/install/launch_pytest:/home/mustafacil/ros2_humble/install/launch_testing:/home/mustafacil/ros2_humble/install/launch_yaml:/home/mustafacil/ros2_humble/install/launch_xml:/home/mustafacil/ros2_humble/install/launch:/home/mustafacil/ros2_humble/install/osrf_pycommon:/home/mustafacil/ros2_humble/install/domain_coordinator:/home/mustafacil/ros2_humble/install/ament_xmllint:/home/mustafacil/ros2_humble/install/ament_pyflakes:/home/mustafacil/ros2_humble/install/ament_pycodestyle:/home/mustafacil/ros2_humble/install/ament_pep257:/home/mustafacil/ros2_humble/install/ament_pclint:/home/mustafacil/ros2_humble/install/ament_package:/home/mustafacil/ros2_humble/install/ament_mypy:/home/mustafacil/ros2_humble/install/ament_lint_cmake:/home/mustafacil/ros2_humble/install/ament_flake8:/home/mustafacil/ros2_humble/install/ament_copyright:/home/mustafacil/ros2_humble/install/ament_lint:/home/mustafacil/ros2_humble/install/ament_index_python:/home/mustafacil/ros2_humble/install/ament_cpplint:/home/mustafacil/ros2_humble/install/ament_cppcheck:/home/mustafacil/ros2_humble/install/ament_clang_tidy:/home/mustafacil/ros2_humble/install/ament_clang_format:/opt/ros/humble /usr/bin/cmake --build /home/mustafacil/Desktop/Digital-Twin/build/robot_arm_description -- -j6 -l6
[0.950s] DEBUG:colcon.colcon_core.event_handler.log_command:Invoking command in '/home/mustafacil/Desktop/Digital-Twin/build/robot_arm_description': CMAKE_PREFIX_PATH=${CMAKE_PREFIX_PATH}:/home/mustafacil/ros2_humble/install/rqt_bag_plugins:/home/mustafacil/ros2_humble/install/rqt_bag:/home/mustafacil/ros2_humble/install/launch_testing_examples:/home/mustafacil/ros2_humble/install/ros2bag:/home/mustafacil/ros2_humble/install/tracetools_test:/home/mustafacil/ros2_humble/install/tracetools_launch:/home/mustafacil/ros2_humble/install/topic_monitor:/home/mustafacil/ros2_humble/install/tf2_tools:/home/mustafacil/ros2_humble/install/examples_tf2_py:/home/mustafacil/ros2_humble/install/tf2_ros_py:/home/mustafacil/ros2_humble/install/sros2:/home/mustafacil/ros2_humble/install/rqt_topic:/home/mustafacil/ros2_humble/install/rqt_srv:/home/mustafacil/ros2_humble/install/rqt_shell:/home/mustafacil/ros2_humble/install/rqt_service_caller:/home/mustafacil/ros2_humble/install/rqt_reconfigure:/home/mustafacil/ros2_humble/install/rqt_py_console:/home/mustafacil/ros2_humble/install/rqt_publisher:/home/mustafacil/ros2_humble/install/rqt_plot:/home/mustafacil/ros2_humble/install/rqt_action:/home/mustafacil/ros2_humble/install/rqt_msg:/home/mustafacil/ros2_humble/install/rqt_console:/home/mustafacil/ros2_humble/install/rqt:/home/mustafacil/ros2_humble/install/rqt_graph:/home/mustafacil/ros2_humble/install/rqt_gui_py:/home/mustafacil/ros2_humble/install/rqt_gui:/home/mustafacil/ros2_humble/install/ros2trace:/home/mustafacil/ros2_humble/install/ros2topic:/home/mustafacil/ros2_humble/install/ros2test:/home/mustafacil/ros2_humble/install/ros2component:/home/mustafacil/ros2_humble/install/ros2param:/home/mustafacil/ros2_humble/install/ros2lifecycle:/home/mustafacil/ros2_humble/install/ros2service:/home/mustafacil/ros2_humble/install/ros2run:/home/mustafacil/ros2_humble/install/ros2plugin:/home/mustafacil/ros2_humble/install/ros2launch:/home/mustafacil/ros2_humble/install/ros2pkg:/home/mustafacil/ros2_humble/install/ros2node:/home/mustafacil/ros2_humble/install/ros2multicast:/home/mustafacil/ros2_humble/install/ros2interface:/home/mustafacil/ros2_humble/install/ros2doctor:/home/mustafacil/ros2_humble/install/ros2action:/home/mustafacil/ros2_humble/install/ros2cli:/home/mustafacil/ros2_humble/install/quality_of_service_demo_py:/home/mustafacil/ros2_humble/install/lifecycle_py:/home/mustafacil/ros2_humble/install/launch_testing_ros:/home/mustafacil/ros2_humble/install/launch_ros:/home/mustafacil/ros2_humble/install/examples_rclpy_pointcloud_publisher:/home/mustafacil/ros2_humble/install/examples_rclpy_minimal_subscriber:/home/mustafacil/ros2_humble/install/examples_rclpy_minimal_service:/home/mustafacil/ros2_humble/install/examples_rclpy_minimal_publisher:/home/mustafacil/ros2_humble/install/examples_rclpy_minimal_client:/home/mustafacil/ros2_humble/install/examples_rclpy_minimal_action_server:/home/mustafacil/ros2_humble/install/examples_rclpy_minimal_action_client:/home/mustafacil/ros2_humble/install/examples_rclpy_guard_conditions:/home/mustafacil/ros2_humble/install/examples_rclpy_executors:/home/mustafacil/ros2_humble/install/demo_nodes_py:/home/mustafacil/ros2_humble/install/camera_info_manager_py:/home/mustafacil/ros2_humble/install/action_tutorials_py:/home/mustafacil/ros2_humble/install/ament_uncrustify:/home/mustafacil/ros2_humble/install/tracetools_trace:/home/mustafacil/ros2_humble/install/tracetools_read:/home/mustafacil/ros2_humble/install/test_tracetools_launch:/home/mustafacil/ros2_humble/install/test_launch_ros:/home/mustafacil/ros2_humble/install/sensor_msgs_py:/home/mustafacil/ros2_humble/install/rpyutils:/home/mustafacil/ros2_humble/install/rosidl_runtime_py:/home/mustafacil/ros2_humble/install/rosidl_cli:/home/mustafacil/ros2_humble/install/launch_pytest:/home/mustafacil/ros2_humble/install/launch_testing:/home/mustafacil/ros2_humble/install/launch_yaml:/home/mustafacil/ros2_humble/install/launch_xml:/home/mustafacil/ros2_humble/install/launch:/home/mustafacil/ros2_humble/install/osrf_pycommon:/home/mustafacil/ros2_humble/install/domain_coordinator:/home/mustafacil/ros2_humble/install/ament_xmllint:/home/mustafacil/ros2_humble/install/ament_pyflakes:/home/mustafacil/ros2_humble/install/ament_pycodestyle:/home/mustafacil/ros2_humble/install/ament_pep257:/home/mustafacil/ros2_humble/install/ament_pclint:/home/mustafacil/ros2_humble/install/ament_package:/home/mustafacil/ros2_humble/install/ament_mypy:/home/mustafacil/ros2_humble/install/ament_lint_cmake:/home/mustafacil/ros2_humble/install/ament_flake8:/home/mustafacil/ros2_humble/install/ament_copyright:/home/mustafacil/ros2_humble/install/ament_lint:/home/mustafacil/ros2_humble/install/ament_index_python:/home/mustafacil/ros2_humble/install/ament_cpplint:/home/mustafacil/ros2_humble/install/ament_cppcheck:/home/mustafacil/ros2_humble/install/ament_clang_tidy:/home/mustafacil/ros2_humble/install/ament_clang_format:/opt/ros/humble /usr/bin/cmake --install /home/mustafacil/Desktop/Digital-Twin/build/robot_arm_description
[1.040s] Level 1:colcon.colcon_core.environment:create_environment_scripts_only(robot_arm_description)
[1.049s] DEBUG:colcon.colcon_core.event_handler.log_command:Invoked command in '/home/mustafacil/Desktop/Digital-Twin/build/robot_arm_description' returned '0': CMAKE_PREFIX_PATH=${CMAKE_PREFIX_PATH}:/home/mustafacil/ros2_humble/install/rqt_bag_plugins:/home/mustafacil/ros2_humble/install/rqt_bag:/home/mustafacil/ros2_humble/install/launch_testing_examples:/home/mustafacil/ros2_humble/install/ros2bag:/home/mustafacil/ros2_humble/install/tracetools_test:/home/mustafacil/ros2_humble/install/tracetools_launch:/home/mustafacil/ros2_humble/install/topic_monitor:/home/mustafacil/ros2_humble/install/tf2_tools:/home/mustafacil/ros2_humble/install/examples_tf2_py:/home/mustafacil/ros2_humble/install/tf2_ros_py:/home/mustafacil/ros2_humble/install/sros2:/home/mustafacil/ros2_humble/install/rqt_topic:/home/mustafacil/ros2_humble/install/rqt_srv:/home/mustafacil/ros2_humble/install/rqt_shell:/home/mustafacil/ros2_humble/install/rqt_service_caller:/home/mustafacil/ros2_humble/install/rqt_reconfigure:/home/mustafacil/ros2_humble/install/rqt_py_console:/home/mustafacil/ros2_humble/install/rqt_publisher:/home/mustafacil/ros2_humble/install/rqt_plot:/home/mustafacil/ros2_humble/install/rqt_action:/home/mustafacil/ros2_humble/install/rqt_msg:/home/mustafacil/ros2_humble/install/rqt_console:/home/mustafacil/ros2_humble/install/rqt:/home/mustafacil/ros2_humble/install/rqt_graph:/home/mustafacil/ros2_humble/install/rqt_gui_py:/home/mustafacil/ros2_humble/install/rqt_gui:/home/mustafacil/ros2_humble/install/ros2trace:/home/mustafacil/ros2_humble/install/ros2topic:/home/mustafacil/ros2_humble/install/ros2test:/home/mustafacil/ros2_humble/install/ros2component:/home/mustafacil/ros2_humble/install/ros2param:/home/mustafacil/ros2_humble/install/ros2lifecycle:/home/mustafacil/ros2_humble/install/ros2service:/home/mustafacil/ros2_humble/install/ros2run:/home/mustafacil/ros2_humble/install/ros2plugin:/home/mustafacil/ros2_humble/install/ros2launch:/home/mustafacil/ros2_humble/install/ros2pkg:/home/mustafacil/ros2_humble/install/ros2node:/home/mustafacil/ros2_humble/install/ros2multicast:/home/mustafacil/ros2_humble/install/ros2interface:/home/mustafacil/ros2_humble/install/ros2doctor:/home/mustafacil/ros2_humble/install/ros2action:/home/mustafacil/ros2_humble/install/ros2cli:/home/mustafacil/ros2_humble/install/quality_of_service_demo_py:/home/mustafacil/ros2_humble/install/lifecycle_py:/home/mustafacil/ros2_humble/install/launch_testing_ros:/home/mustafacil/ros2_humble/install/launch_ros:/home/mustafacil/ros2_humble/install/examples_rclpy_pointcloud_publisher:/home/mustafacil/ros2_humble/install/examples_rclpy_minimal_subscriber:/home/mustafacil/ros2_humble/install/examples_rclpy_minimal_service:/home/mustafacil/ros2_humble/install/examples_rclpy_minimal_publisher:/home/mustafacil/ros2_humble/install/examples_rclpy_minimal_client:/home/mustafacil/ros2_humble/install/examples_rclpy_minimal_action_server:/home/mustafacil/ros2_humble/install/examples_rclpy_minimal_action_client:/home/mustafacil/ros2_humble/install/examples_rclpy_guard_conditions:/home/mustafacil/ros2_humble/install/examples_rclpy_executors:/home/mustafacil/ros2_humble/install/demo_nodes_py:/home/mustafacil/ros2_humble/install/camera_info_manager_py:/home/mustafacil/ros2_humble/install/action_tutorials_py:/home/mustafacil/ros2_humble/install/ament_uncrustify:/home/mustafacil/ros2_humble/install/tracetools_trace:/home/mustafacil/ros2_humble/install/tracetools_read:/home/mustafacil/ros2_humble/install/test_tracetools_launch:/home/mustafacil/ros2_humble/install/test_launch_ros:/home/mustafacil/ros2_humble/install/sensor_msgs_py:/home/mustafacil/ros2_humble/install/rpyutils:/home/mustafacil/ros2_humble/install/rosidl_runtime_py:/home/mustafacil/ros2_humble/install/rosidl_cli:/home/mustafacil/ros2_humble/install/launch_pytest:/home/mustafacil/ros2_humble/install/launch_testing:/home/mustafacil/ros2_humble/install/launch_yaml:/home/mustafacil/ros2_humble/install/launch_xml:/home/mustafacil/ros2_humble/install/launch:/home/mustafacil/ros2_humble/install/osrf_pycommon:/home/mustafacil/ros2_humble/install/domain_coordinator:/home/mustafacil/ros2_humble/install/ament_xmllint:/home/mustafacil/ros2_humble/install/ament_pyflakes:/home/mustafacil/ros2_humble/install/ament_pycodestyle:/home/mustafacil/ros2_humble/install/ament_pep257:/home/mustafacil/ros2_humble/install/ament_pclint:/home/mustafacil/ros2_humble/install/ament_package:/home/mustafacil/ros2_humble/install/ament_mypy:/home/mustafacil/ros2_humble/install/ament_lint_cmake:/home/mustafacil/ros2_humble/install/ament_flake8:/home/mustafacil/ros2_humble/install/ament_copyright:/home/mustafacil/ros2_humble/install/ament_lint:/home/mustafacil/ros2_humble/install/ament_index_python:/home/mustafacil/ros2_humble/install/ament_cpplint:/home/mustafacil/ros2_humble/install/ament_cppcheck:/home/mustafacil/ros2_humble/install/ament_clang_tidy:/home/mustafacil/ros2_humble/install/ament_clang_format:/opt/ros/humble /usr/bin/cmake --install /home/mustafacil/Desktop/Digital-Twin/build/robot_arm_description
[1.055s] Level 1:colcon.colcon_core.environment:checking '/home/mustafacil/Desktop/Digital-Twin/install/robot_arm_description' for CMake module files
[1.055s] Level 1:colcon.colcon_core.environment:checking '/home/mustafacil/Desktop/Digital-Twin/install/robot_arm_description' for CMake config files
[1.056s] Level 1:colcon.colcon_core.shell:create_environment_hook('robot_arm_description', 'cmake_prefix_path')
[1.056s] INFO:colcon.colcon_core.shell:Creating environment hook '/home/mustafacil/Desktop/Digital-Twin/install/robot_arm_description/share/robot_arm_description/hook/cmake_prefix_path.ps1'
[1.059s] INFO:colcon.colcon_core.shell:Creating environment descriptor '/home/mustafacil/Desktop/Digital-Twin/install/robot_arm_description/share/robot_arm_description/hook/cmake_prefix_path.dsv'
[1.060s] INFO:colcon.colcon_core.shell:Creating environment hook '/home/mustafacil/Desktop/Digital-Twin/install/robot_arm_description/share/robot_arm_description/hook/cmake_prefix_path.sh'
[1.062s] Level 1:colcon.colcon_core.environment:checking '/home/mustafacil/Desktop/Digital-Twin/install/robot_arm_description/bin'
[1.062s] Level 1:colcon.colcon_core.environment:checking '/home/mustafacil/Desktop/Digital-Twin/install/robot_arm_description/lib/pkgconfig/robot_arm_description.pc'
[1.062s] Level 1:colcon.colcon_core.environment:checking '/home/mustafacil/Desktop/Digital-Twin/install/robot_arm_description/lib/python3.10/site-packages'
[1.063s] Level 1:colcon.colcon_core.environment:checking '/home/mustafacil/Desktop/Digital-Twin/install/robot_arm_description/bin'
[1.063s] INFO:colcon.colcon_core.shell:Creating package script '/home/mustafacil/Desktop/Digital-Twin/install/robot_arm_description/share/robot_arm_description/package.ps1'
[1.065s] INFO:colcon.colcon_core.shell:Creating package descriptor '/home/mustafacil/Desktop/Digital-Twin/install/robot_arm_description/share/robot_arm_description/package.dsv'
[1.066s] INFO:colcon.colcon_core.shell:Creating package script '/home/mustafacil/Desktop/Digital-Twin/install/robot_arm_description/share/robot_arm_description/package.sh'
[1.067s] INFO:colcon.colcon_core.shell:Creating package script '/home/mustafacil/Desktop/Digital-Twin/install/robot_arm_description/share/robot_arm_description/package.bash'
[1.069s] INFO:colcon.colcon_core.shell:Creating package script '/home/mustafacil/Desktop/Digital-Twin/install/robot_arm_description/share/robot_arm_description/package.zsh'
[1.070s] Level 1:colcon.colcon_core.environment:create_file_with_runtime_dependencies(/home/mustafacil/Desktop/Digital-Twin/install/robot_arm_description/share/colcon-core/packages/robot_arm_description)
[1.075s] Level 1:colcon.colcon_core.environment:create_environment_scripts_only(robot_arm_description)
[1.077s] Level 1:colcon.colcon_core.environment:checking '/home/mustafacil/Desktop/Digital-Twin/install/robot_arm_description' for CMake module files
[1.078s] Level 1:colcon.colcon_core.environment:checking '/home/mustafacil/Desktop/Digital-Twin/install/robot_arm_description' for CMake config files
[1.078s] Level 1:colcon.colcon_core.shell:create_environment_hook('robot_arm_description', 'cmake_prefix_path')
[1.079s] INFO:colcon.colcon_core.shell:Creating environment hook '/home/mustafacil/Desktop/Digital-Twin/install/robot_arm_description/share/robot_arm_description/hook/cmake_prefix_path.ps1'
[1.081s] INFO:colcon.colcon_core.shell:Creating environment descriptor '/home/mustafacil/Desktop/Digital-Twin/install/robot_arm_description/share/robot_arm_description/hook/cmake_prefix_path.dsv'
[1.082s] INFO:colcon.colcon_core.shell:Creating environment hook '/home/mustafacil/Desktop/Digital-Twin/install/robot_arm_description/share/robot_arm_description/hook/cmake_prefix_path.sh'
[1.083s] Level 1:colcon.colcon_core.environment:checking '/home/mustafacil/Desktop/Digital-Twin/install/robot_arm_description/bin'
[1.084s] Level 1:colcon.colcon_core.environment:checking '/home/mustafacil/Desktop/Digital-Twin/install/robot_arm_description/lib/pkgconfig/robot_arm_description.pc'
[1.084s] Level 1:colcon.colcon_core.environment:checking '/home/mustafacil/Desktop/Digital-Twin/install/robot_arm_description/lib/python3.10/site-packages'
[1.084s] Level 1:colcon.colcon_core.environment:checking '/home/mustafacil/Desktop/Digital-Twin/install/robot_arm_description/bin'
[1.085s] INFO:colcon.colcon_core.shell:Creating package script '/home/mustafacil/Desktop/Digital-Twin/install/robot_arm_description/share/robot_arm_description/package.ps1'
[1.085s] INFO:colcon.colcon_core.shell:Creating package descriptor '/home/mustafacil/Desktop/Digital-Twin/install/robot_arm_description/share/robot_arm_description/package.dsv'
[1.086s] INFO:colcon.colcon_core.shell:Creating package script '/home/mustafacil/Desktop/Digital-Twin/install/robot_arm_description/share/robot_arm_description/package.sh'
[1.087s] INFO:colcon.colcon_core.shell:Creating package script '/home/mustafacil/Desktop/Digital-Twin/install/robot_arm_description/share/robot_arm_description/package.bash'
[1.088s] INFO:colcon.colcon_core.shell:Creating package script '/home/mustafacil/Desktop/Digital-Twin/install/robot_arm_description/share/robot_arm_description/package.zsh'
[1.089s] Level 1:colcon.colcon_core.environment:create_file_with_runtime_dependencies(/home/mustafacil/Desktop/Digital-Twin/install/robot_arm_description/share/colcon-core/packages/robot_arm_description)
[1.090s] DEBUG:colcon.colcon_parallel_executor.executor.parallel:closing loop
[1.090s] DEBUG:colcon.colcon_parallel_executor.executor.parallel:loop closed
[1.090s] DEBUG:colcon.colcon_parallel_executor.executor.parallel:run_until_complete finished with '0'
[1.090s] DEBUG:colcon.colcon_core.event_reactor:joining thread
[1.111s] INFO:colcon.colcon_core.plugin_system:Skipping extension 'colcon_notification.desktop_notification.terminal_notifier': Not used on non-Darwin systems
[1.112s] INFO:colcon.colcon_core.plugin_system:Skipping extension 'colcon_notification.desktop_notification.win32': Not used on non-Windows systems
[1.112s] INFO:colcon.colcon_notification.desktop_notification:Sending desktop notification using 'notify2'
[1.143s] DEBUG:colcon.colcon_core.event_reactor:joined thread
[1.144s] INFO:colcon.colcon_core.shell:Creating prefix script '/home/mustafacil/Desktop/Digital-Twin/install/local_setup.ps1'
[1.145s] INFO:colcon.colcon_core.shell:Creating prefix util module '/home/mustafacil/Desktop/Digital-Twin/install/_local_setup_util_ps1.py'
[1.147s] INFO:colcon.colcon_core.shell:Creating prefix chain script '/home/mustafacil/Desktop/Digital-Twin/install/setup.ps1'
[1.156s] INFO:colcon.colcon_core.shell:Creating prefix script '/home/mustafacil/Desktop/Digital-Twin/install/local_setup.sh'
[1.157s] INFO:colcon.colcon_core.shell:Creating prefix util module '/home/mustafacil/Desktop/Digital-Twin/install/_local_setup_util_sh.py'
[1.158s] INFO:colcon.colcon_core.shell:Creating prefix chain script '/home/mustafacil/Desktop/Digital-Twin/install/setup.sh'
[1.174s] INFO:colcon.colcon_core.shell:Creating prefix script '/home/mustafacil/Desktop/Digital-Twin/install/local_setup.bash'
[1.180s] INFO:colcon.colcon_core.shell:Creating prefix chain script '/home/mustafacil/Desktop/Digital-Twin/install/setup.bash'
[1.195s] INFO:colcon.colcon_core.shell:Creating prefix script '/home/mustafacil/Desktop/Digital-Twin/install/local_setup.zsh'
[1.196s] INFO:colcon.colcon_core.shell:Creating prefix chain script '/home/mustafacil/Desktop/Digital-Twin/install/setup.zsh'
