[INFO] [launch]: All log files can be found below /home/cite/.ros/log/2026-09-03-21-10-19-114971-2d25d96f2560-209
[INFO] [launch]: Default logging verbosity is set to INFO
[INFO] [robot_state_publisher-1]: process started with pid [223]
[INFO] [ros2_control_node-2]: process started with pid [224]
[INFO] [spawner-3]: process started with pid [225]
[INFO] [move_group-4]: process started with pid [226]
[INFO] [skill_server-5]: process started with pid [227]
[robot_state_publisher-1] [INFO] [1788469819.446804175] [cite.cell_a.arm_1.description_publisher]: Robot initialized
[ros2_control_node-2] [INFO] [1788469819.453385835] [cite.cell_a.arm_1.controller_manager]: Using Steady (Monotonic) clock for triggering controller manager cycles.
[ros2_control_node-2] [INFO] [1788469819.456421337] [cite.cell_a.arm_1.controller_manager]: Subscribing to '/cite/cell_a/arm_1/robot_description' topic for robot description.
[ros2_control_node-2] [INFO] [1788469819.457829860] [cite.cell_a.arm_1.controller_manager]: update rate is 150 Hz
[ros2_control_node-2] [INFO] [1788469819.457843198] [cite.cell_a.arm_1.controller_manager]: Overruns handling is : enabled
[ros2_control_node-2] [INFO] [1788469819.457846791] [cite.cell_a.arm_1.controller_manager]: Spawning controller_manager RT thread with scheduler priority: 50
[ros2_control_node-2] [WARN] [1788469819.457888619] [cite.cell_a.arm_1.controller_manager]: Could not enable FIFO RT scheduling policy: with error number <1>(Operation not permitted). See [https://control.ros.org/master/doc/ros2_control/controller_manager/doc/userdoc.html] for details on how to enable realtime scheduling.
[move_group-4] [WARN] [1788469819.467565261] [rcl.logging_rosout]: Publisher already registered for node name: 'move_group'. If this is due to multiple nodes with the same name then all logs for the logger named 'cite.cell_a.arm_1.move_group' will go out over the existing publisher. As soon as any node with that name is destructed it will unregister the publisher, preventing any further logs for that name from being published on the rosout topic.
[move_group-4] [WARN] [1788469819.471456207] [rcl.logging_rosout]: Publisher already registered for node name: 'move_group'. If this is due to multiple nodes with the same name then all logs for the logger named 'cite.cell_a.arm_1.move_group' will go out over the existing publisher. As soon as any node with that name is destructed it will unregister the publisher, preventing any further logs for that name from being published on the rosout topic.
[skill_server-5] [WARN] [1788469819.471999894] [rcl.logging_rosout]: Publisher already registered for node name: 'skill_server'. If this is due to multiple nodes with the same name then all logs for the logger named 'cite.cell_a.arm_1.skill_server' will go out over the existing publisher. As soon as any node with that name is destructed it will unregister the publisher, preventing any further logs for that name from being published on the rosout topic.
[skill_server-5] [INFO] [1788469819.476595155] [cite.cell_a.arm_1.skill_server.moveit.ros.rdf_loader]: Loaded robot model in 0.00246 seconds
[move_group-4] [INFO] [1788469819.476612735] [cite.cell_a.arm_1.move_group.moveit.ros.rdf_loader]: Loaded robot model in 0.00292861 seconds
[move_group-4] [INFO] [1788469819.476668930] [cite.cell_a.arm_1.move_group.moveit.core.robot_model]: Loading robot model 'arm_1'...
[move_group-4] [INFO] [1788469819.476678635] [cite.cell_a.arm_1.move_group.moveit.core.robot_model]: No root/virtual joint specified in SRDF. Assuming fixed joint
[skill_server-5] [INFO] [1788469819.476660748] [cite.cell_a.arm_1.skill_server.moveit.core.robot_model]: Loading robot model 'arm_1'...
[skill_server-5] [INFO] [1788469819.476671514] [cite.cell_a.arm_1.skill_server.moveit.core.robot_model]: No root/virtual joint specified in SRDF. Assuming fixed joint
[move_group-4] [INFO] [1788469819.485840729] [cite.cell_a.arm_1.move_group.moveit.kinematics.kdl_kinematics_plugin]: Joint weights for group 'arm_1_xarm5': 1 1 1 1 1
[skill_server-5] [INFO] [1788469819.485845268] [cite.cell_a.arm_1.skill_server.moveit.kinematics.kdl_kinematics_plugin]: Joint weights for group 'arm_1_xarm5': 1 1 1 1 1
[move_group-4] [INFO] [1788469819.521813898] [cite.cell_a.arm_1.move_group.moveit.ros.planning_scene_monitor]: Publishing maintained planning scene on 'monitored_planning_scene'
[move_group-4] [INFO] [1788469819.521930650] [cite.cell_a.arm_1.move_group.moveit.ros.moveit_cpp]: Listening to 'joint_states' for joint states
[move_group-4] [INFO] [1788469819.522457446] [cite.cell_a.arm_1.move_group.moveit.ros.current_state_monitor]: Listening to joint states on topic 'joint_states'
[move_group-4] [INFO] [1788469819.522773560] [cite.cell_a.arm_1.move_group.moveit.ros.planning_scene_monitor]: Listening to '/cite/cell_a/arm_1/attached_collision_object' for attached collision objects
[move_group-4] [INFO] [1788469819.522784385] [cite.cell_a.arm_1.move_group.moveit.ros.planning_scene_monitor]: Stopping existing planning scene publisher.
[move_group-4] [INFO] [1788469819.522903802] [cite.cell_a.arm_1.move_group.moveit.ros.planning_scene_monitor]: Stopped publishing maintained planning scene.
[move_group-4] [INFO] [1788469819.523075655] [cite.cell_a.arm_1.move_group.moveit.ros.planning_scene_monitor]: Publishing maintained planning scene on 'monitored_planning_scene'
[move_group-4] [INFO] [1788469819.523162669] [cite.cell_a.arm_1.move_group.moveit.ros.planning_scene_monitor]: Starting planning scene monitor
[move_group-4] [INFO] [1788469819.523341889] [cite.cell_a.arm_1.move_group.moveit.ros.planning_scene_monitor]: Listening to '/cite/cell_a/arm_1/planning_scene'
[move_group-4] [INFO] [1788469819.523369075] [cite.cell_a.arm_1.move_group.moveit.ros.planning_scene_monitor]: Starting world geometry update monitor for collision objects, attached objects, octomap updates.
[move_group-4] [INFO] [1788469819.523783894] [cite.cell_a.arm_1.move_group.moveit.ros.planning_scene_monitor]: Listening to 'collision_object'
[move_group-4] [INFO] [1788469819.524031896] [cite.cell_a.arm_1.move_group.moveit.ros.planning_scene_monitor]: Listening to 'planning_scene_world' for planning scene world geometry
[move_group-4] [WARN] [1788469819.524280712] [cite.cell_a.arm_1.move_group.moveit.ros.occupancy_map_monitor]: Resolution not specified for Octomap. Assuming resolution = 0.1 instead
[move_group-4] [ERROR] [1788469819.524290367] [cite.cell_a.arm_1.move_group.moveit.ros.occupancy_map_monitor]: No 3D sensor plugin(s) defined for octomap updates
[move_group-4] [INFO] [1788469819.531671656] [cite.cell_a.arm_1.move_group.moveit.planners.pilz.joint_limits_aggregator]: Reading limits from namespace robot_description_planning
[move_group-4] [INFO] [1788469819.533246839] [cite.cell_a.arm_1.move_group.moveit.planners.pilz.command_planner]: Available plugins: pilz_industrial_motion_planner/PlanningContextLoaderCIRC pilz_industrial_motion_planner/PlanningContextLoaderLIN pilz_industrial_motion_planner/PlanningContextLoaderPTP 
[move_group-4] [INFO] [1788469819.533262568] [cite.cell_a.arm_1.move_group.moveit.planners.pilz.command_planner]: About to load: pilz_industrial_motion_planner/PlanningContextLoaderCIRC
[move_group-4] [INFO] [1788469819.534158520] [cite.cell_a.arm_1.move_group.moveit.planners.pilz.command_planner]: Registered Algorithm [CIRC]
[move_group-4] [INFO] [1788469819.534173961] [cite.cell_a.arm_1.move_group.moveit.planners.pilz.command_planner]: About to load: pilz_industrial_motion_planner/PlanningContextLoaderLIN
[move_group-4] [INFO] [1788469819.534782946] [cite.cell_a.arm_1.move_group.moveit.planners.pilz.command_planner]: Registered Algorithm [LIN]
[move_group-4] [INFO] [1788469819.534801457] [cite.cell_a.arm_1.move_group.moveit.planners.pilz.command_planner]: About to load: pilz_industrial_motion_planner/PlanningContextLoaderPTP
[move_group-4] [INFO] [1788469819.535403736] [cite.cell_a.arm_1.move_group.moveit.planners.pilz.command_planner]: Registered Algorithm [PTP]
[move_group-4] [INFO] [1788469819.535417600] [cite.cell_a.arm_1.move_group.moveit.ros.planning_pipeline]: Successfully loaded planner 'Pilz Industrial Motion Planner'
[move_group-4] [INFO] [1788469819.536494575] [cite.cell_a.arm_1.move_group]: Try loading adapter 'default_planning_request_adapters/ResolveConstraintFrames'
[move_group-4] [INFO] [1788469819.537126550] [cite.cell_a.arm_1.move_group]: Loaded adapter 'default_planning_request_adapters/ResolveConstraintFrames'
[move_group-4] [INFO] [1788469819.537137451] [cite.cell_a.arm_1.move_group]: Try loading adapter 'default_planning_request_adapters/ValidateWorkspaceBounds'
[move_group-4] [INFO] [1788469819.537220042] [cite.cell_a.arm_1.move_group]: Loaded adapter 'default_planning_request_adapters/ValidateWorkspaceBounds'
[move_group-4] [INFO] [1788469819.537224757] [cite.cell_a.arm_1.move_group]: Try loading adapter 'default_planning_request_adapters/CheckStartStateBounds'
[move_group-4] [INFO] [1788469819.537236115] [cite.cell_a.arm_1.move_group]: Loaded adapter 'default_planning_request_adapters/CheckStartStateBounds'
[move_group-4] [INFO] [1788469819.537239762] [cite.cell_a.arm_1.move_group]: Try loading adapter 'default_planning_request_adapters/CheckStartStateCollision'
[move_group-4] [INFO] [1788469819.537249522] [cite.cell_a.arm_1.move_group]: Loaded adapter 'default_planning_request_adapters/CheckStartStateCollision'
[move_group-4] [INFO] [1788469819.538277279] [cite.cell_a.arm_1.move_group]: Try loading adapter 'default_planning_response_adapters/ValidateSolution'
[move_group-4] [INFO] [1788469819.541081487] [cite.cell_a.arm_1.move_group]: Loaded adapter 'default_planning_response_adapters/ValidateSolution'
[move_group-4] [INFO] [1788469819.541092818] [cite.cell_a.arm_1.move_group]: Try loading adapter 'default_planning_response_adapters/DisplayMotionPath'
[move_group-4] [INFO] [1788469819.541436471] [cite.cell_a.arm_1.move_group]: Loaded adapter 'default_planning_response_adapters/DisplayMotionPath'
[move_group-4] [INFO] [1788469819.550578555] [cite.cell_a.arm_1.move_group.moveit.ros.planning_pipeline]: Successfully loaded planner 'OMPL'
[move_group-4] [INFO] [1788469819.551718908] [cite.cell_a.arm_1.move_group]: Try loading adapter 'default_planning_request_adapters/ResolveConstraintFrames'
[move_group-4] [INFO] [1788469819.551830165] [cite.cell_a.arm_1.move_group]: Loaded adapter 'default_planning_request_adapters/ResolveConstraintFrames'
[move_group-4] [INFO] [1788469819.551836170] [cite.cell_a.arm_1.move_group]: Try loading adapter 'default_planning_request_adapters/ValidateWorkspaceBounds'
[move_group-4] [INFO] [1788469819.551945289] [cite.cell_a.arm_1.move_group]: Loaded adapter 'default_planning_request_adapters/ValidateWorkspaceBounds'
[move_group-4] [INFO] [1788469819.551951755] [cite.cell_a.arm_1.move_group]: Try loading adapter 'default_planning_request_adapters/CheckStartStateBounds'
[move_group-4] [INFO] [1788469819.551964722] [cite.cell_a.arm_1.move_group]: Loaded adapter 'default_planning_request_adapters/CheckStartStateBounds'
[move_group-4] [INFO] [1788469819.551984844] [cite.cell_a.arm_1.move_group]: Try loading adapter 'default_planning_request_adapters/CheckStartStateCollision'
[move_group-4] [INFO] [1788469819.551994209] [cite.cell_a.arm_1.move_group]: Loaded adapter 'default_planning_request_adapters/CheckStartStateCollision'
[move_group-4] [INFO] [1788469819.553028132] [cite.cell_a.arm_1.move_group]: Try loading adapter 'default_planning_response_adapters/AddTimeOptimalParameterization'
[move_group-4] [INFO] [1788469819.553286172] [cite.cell_a.arm_1.move_group]: Loaded adapter 'default_planning_response_adapters/AddTimeOptimalParameterization'
[move_group-4] [INFO] [1788469819.553293789] [cite.cell_a.arm_1.move_group]: Try loading adapter 'default_planning_response_adapters/ValidateSolution'
[move_group-4] [INFO] [1788469819.553525012] [cite.cell_a.arm_1.move_group]: Loaded adapter 'default_planning_response_adapters/ValidateSolution'
[move_group-4] [INFO] [1788469819.553535182] [cite.cell_a.arm_1.move_group]: Try loading adapter 'default_planning_response_adapters/DisplayMotionPath'
[move_group-4] [INFO] [1788469819.553718421] [cite.cell_a.arm_1.move_group]: Loaded adapter 'default_planning_response_adapters/DisplayMotionPath'
[move_group-4] [WARN] [1788469819.554881458] [rcl.logging_rosout]: Publisher already registered for node name: 'move_group'. If this is due to multiple nodes with the same name then all logs for the logger named 'cite.cell_a.arm_1.move_group' will go out over the existing publisher. As soon as any node with that name is destructed it will unregister the publisher, preventing any further logs for that name from being published on the rosout topic.
[move_group-4] [INFO] [1788469819.567322500] [cite.cell_a.arm_1.move_group.moveit.plugins.simple_controller_manager]: Added FollowJointTrajectory controller for arm_1_joint_trajectory_controller
[move_group-4] [INFO] [1788469819.567353182] [cite.cell_a.arm_1.move_group.moveit.plugins.simple_controller_manager]: arm_1_gripper_controller will command a max effort of: 0
[move_group-4] [INFO] [1788469819.568702465] [cite.cell_a.arm_1.move_group.moveit.plugins.simple_controller_manager]: Added GripperCommand controller for arm_1_gripper_controller
[move_group-4] [INFO] [1788469819.568817696] [cite.cell_a.arm_1.move_group.moveit.plugins.simple_controller_manager]: Returned 2 controllers in list
[move_group-4] [INFO] [1788469819.568837090] [cite.cell_a.arm_1.move_group.moveit.plugins.simple_controller_manager]: Returned 2 controllers in list
[move_group-4] [INFO] [1788469819.569089114] [cite.cell_a.arm_1.move_group.moveit.ros.trajectory_execution_manager]: Trajectory execution is not managing controllers
[move_group-4] [INFO] [1788469819.569103281] [cite.cell_a.arm_1.move_group]: MoveGroup debug mode is ON
[move_group-4] [INFO] [1788469819.580240829] [cite.cell_a.arm_1.move_group.moveit.ros.move_group.executable]: 
[move_group-4] 
[move_group-4] ********************************************************
[move_group-4] * MoveGroup using: 
[move_group-4] *     - apply_planning_scene_service
[move_group-4] *     - clear_octomap_service
[move_group-4] *     - get_group_urdf
[move_group-4] *     - load_geometry_from_file
[move_group-4] *     - CartesianPathService
[move_group-4] *     - execute_trajectory_action
[move_group-4] *     - get_planning_scene_service
[move_group-4] *     - kinematics_service
[move_group-4] *     - move_action
[move_group-4] *     - motion_plan_service
[move_group-4] *     - query_planners_service
[move_group-4] *     - state_validation_service
[move_group-4] *     - save_geometry_to_file
[move_group-4] ********************************************************
[move_group-4] 
[move_group-4] [INFO] [1788469819.580275743] [cite.cell_a.arm_1.move_group.moveit.ros.move_group.context]: MoveGroup context using pipeline pilz_industrial_motion_planner
[move_group-4] [INFO] [1788469819.580283524] [cite.cell_a.arm_1.move_group.moveit.ros.move_group.context]: MoveGroup context initialization complete
[move_group-4] [96mLoading 'move_group/ApplyPlanningSceneService'...[0m
[move_group-4] [96mLoading 'move_group/ClearOctomapService'...[0m
[move_group-4] [96mLoading 'move_group/GetUrdfService'...[0m
[move_group-4] [96mLoading 'move_group/LoadGeometryFromFileService'...[0m
[move_group-4] [96mLoading 'move_group/MoveGroupCartesianPathService'...[0m
[move_group-4] [96mLoading 'move_group/MoveGroupExecuteTrajectoryAction'...[0m
[move_group-4] [96mLoading 'move_group/MoveGroupGetPlanningSceneService'...[0m
[move_group-4] [96mLoading 'move_group/MoveGroupKinematicsService'...[0m
[move_group-4] [96mLoading 'move_group/MoveGroupMoveAction'...[0m
[move_group-4] [96mLoading 'move_group/MoveGroupPlanService'...[0m
[move_group-4] [96mLoading 'move_group/MoveGroupQueryPlannersService'...[0m
[move_group-4] [96mLoading 'move_group/MoveGroupStateValidationService'...[0m
[move_group-4] [96mLoading 'move_group/SaveGeometryToFileService'...[0m
[move_group-4] 
[move_group-4] [92mYou can start planning now![0m
[move_group-4] 
[ros2_control_node-2] [INFO] [1788469819.630446188] [cite.cell_a.arm_1.controller_manager]: Received robot description from topic.
[ros2_control_node-2] [INFO] [1788469819.634325092] [cite.cell_a.arm_1.controller_manager]: Using JointLimiter for joint 'arm_1_joint5' in hardware 'arm_1_gz_ros2_control/GazeboSimSystem' : '  has position limits: true [-6.28319, 6.28319]
[ros2_control_node-2]   has velocity limits: true [3.14]
[ros2_control_node-2]   has acceleration limits: false [nan]
[ros2_control_node-2]   has deceleration limits: false [nan]
[ros2_control_node-2]   has jerk limits: false [nan]
[ros2_control_node-2]   has effort limits: true [20]
[ros2_control_node-2]   angle wraparound: false'
[ros2_control_node-2] [INFO] [1788469819.634354583] [cite.cell_a.arm_1.controller_manager]: Creating JointSaturationLimiter for joint 'arm_1_joint5' in hardware 'arm_1_gz_ros2_control/GazeboSimSystem'
[ros2_control_node-2] [INFO] [1788469819.634371402] [cite.cell_a.arm_1.controller_manager]: Using JointLimiter for joint 'arm_1_joint4' in hardware 'arm_1_gz_ros2_control/GazeboSimSystem' : '  has position limits: true [-1.69297, 3.14159]
[ros2_control_node-2]   has velocity limits: true [3.14]
[ros2_control_node-2]   has acceleration limits: false [nan]
[ros2_control_node-2]   has deceleration limits: false [nan]
[ros2_control_node-2]   has jerk limits: false [nan]
[ros2_control_node-2]   has effort limits: true [20]
[ros2_control_node-2]   angle wraparound: false'
[ros2_control_node-2] [INFO] [1788469819.634379061] [cite.cell_a.arm_1.controller_manager]: Creating JointSaturationLimiter for joint 'arm_1_joint4' in hardware 'arm_1_gz_ros2_control/GazeboSimSystem'
[ros2_control_node-2] [INFO] [1788469819.634389212] [cite.cell_a.arm_1.controller_manager]: Using JointLimiter for joint 'arm_1_joint2' in hardware 'arm_1_gz_ros2_control/GazeboSimSystem' : '  has position limits: true [-2.059, 2.0944]
[ros2_control_node-2]   has velocity limits: true [3.14]
[ros2_control_node-2]   has acceleration limits: false [nan]
[ros2_control_node-2]   has deceleration limits: false [nan]
[ros2_control_node-2]   has jerk limits: false [nan]
[ros2_control_node-2]   has effort limits: true [50]
[ros2_control_node-2]   angle wraparound: false'
[ros2_control_node-2] [INFO] [1788469819.634396060] [cite.cell_a.arm_1.controller_manager]: Creating JointSaturationLimiter for joint 'arm_1_joint2' in hardware 'arm_1_gz_ros2_control/GazeboSimSystem'
[ros2_control_node-2] [INFO] [1788469819.634405350] [cite.cell_a.arm_1.controller_manager]: Using JointLimiter for joint 'arm_1_joint3' in hardware 'arm_1_gz_ros2_control/GazeboSimSystem' : '  has position limits: true [-3.927, 0.19198]
[ros2_control_node-2]   has velocity limits: true [3.14]
[ros2_control_node-2]   has acceleration limits: false [nan]
[ros2_control_node-2]   has deceleration limits: false [nan]
[ros2_control_node-2]   has jerk limits: false [nan]
[ros2_control_node-2]   has effort limits: true [30]
[ros2_control_node-2]   angle wraparound: false'
[ros2_control_node-2] [INFO] [1788469819.634411667] [cite.cell_a.arm_1.controller_manager]: Creating JointSaturationLimiter for joint 'arm_1_joint3' in hardware 'arm_1_gz_ros2_control/GazeboSimSystem'
[ros2_control_node-2] [INFO] [1788469819.634420608] [cite.cell_a.arm_1.controller_manager]: Using JointLimiter for joint 'arm_1_joint1' in hardware 'arm_1_gz_ros2_control/GazeboSimSystem' : '  has position limits: true [-6.28319, 6.28319]
[ros2_control_node-2]   has velocity limits: true [3.14]
[ros2_control_node-2]   has acceleration limits: false [nan]
[ros2_control_node-2]   has deceleration limits: false [nan]
[ros2_control_node-2]   has jerk limits: false [nan]
[ros2_control_node-2]   has effort limits: true [50]
[ros2_control_node-2]   angle wraparound: false'
[ros2_control_node-2] [INFO] [1788469819.634426643] [cite.cell_a.arm_1.controller_manager]: Creating JointSaturationLimiter for joint 'arm_1_joint1' in hardware 'arm_1_gz_ros2_control/GazeboSimSystem'
[ros2_control_node-2] [INFO] [1788469819.634439644] [cite.cell_a.arm_1.controller_manager]: Using JointLimiter for joint 'arm_1_right_inner_knuckle_joint' in hardware 'arm_1_XArmGripperSystem' : '  has position limits: true [0, 0.85]
[ros2_control_node-2]   has velocity limits: true [2]
[ros2_control_node-2]   has acceleration limits: false [nan]
[ros2_control_node-2]   has deceleration limits: false [nan]
[ros2_control_node-2]   has jerk limits: false [nan]
[ros2_control_node-2]   has effort limits: true [50]
[ros2_control_node-2]   angle wraparound: false'
[ros2_control_node-2] [INFO] [1788469819.634482247] [cite.cell_a.arm_1.controller_manager]: Creating JointSaturationLimiter for joint 'arm_1_right_inner_knuckle_joint' in hardware 'arm_1_XArmGripperSystem'
[ros2_control_node-2] [INFO] [1788469819.634496729] [cite.cell_a.arm_1.controller_manager]: Using JointLimiter for joint 'arm_1_right_finger_joint' in hardware 'arm_1_XArmGripperSystem' : '  has position limits: true [0, 0.85]
[ros2_control_node-2]   has velocity limits: true [2]
[ros2_control_node-2]   has acceleration limits: false [nan]
[ros2_control_node-2]   has deceleration limits: false [nan]
[ros2_control_node-2]   has jerk limits: false [nan]
[ros2_control_node-2]   has effort limits: true [50]
[ros2_control_node-2]   angle wraparound: false'
[ros2_control_node-2] [INFO] [1788469819.634504010] [cite.cell_a.arm_1.controller_manager]: Creating JointSaturationLimiter for joint 'arm_1_right_finger_joint' in hardware 'arm_1_XArmGripperSystem'
[ros2_control_node-2] [INFO] [1788469819.634514876] [cite.cell_a.arm_1.controller_manager]: Using JointLimiter for joint 'arm_1_right_outer_knuckle_joint' in hardware 'arm_1_XArmGripperSystem' : '  has position limits: true [0, 0.85]
[ros2_control_node-2]   has velocity limits: true [2]
[ros2_control_node-2]   has acceleration limits: false [nan]
[ros2_control_node-2]   has deceleration limits: false [nan]
[ros2_control_node-2]   has jerk limits: false [nan]
[ros2_control_node-2]   has effort limits: true [50]
[ros2_control_node-2]   angle wraparound: false'
[ros2_control_node-2] [INFO] [1788469819.634521560] [cite.cell_a.arm_1.controller_manager]: Creating JointSaturationLimiter for joint 'arm_1_right_outer_knuckle_joint' in hardware 'arm_1_XArmGripperSystem'
[ros2_control_node-2] [INFO] [1788469819.634533386] [cite.cell_a.arm_1.controller_manager]: Using JointLimiter for joint 'arm_1_left_inner_knuckle_joint' in hardware 'arm_1_XArmGripperSystem' : '  has position limits: true [0, 0.85]
[ros2_control_node-2]   has velocity limits: true [2]
[ros2_control_node-2]   has acceleration limits: false [nan]
[ros2_control_node-2]   has deceleration limits: false [nan]
[ros2_control_node-2]   has jerk limits: false [nan]
[ros2_control_node-2]   has effort limits: true [50]
[ros2_control_node-2]   angle wraparound: false'
[ros2_control_node-2] [INFO] [1788469819.634540022] [cite.cell_a.arm_1.controller_manager]: Creating JointSaturationLimiter for joint 'arm_1_left_inner_knuckle_joint' in hardware 'arm_1_XArmGripperSystem'
[ros2_control_node-2] [INFO] [1788469819.634550119] [cite.cell_a.arm_1.controller_manager]: Using JointLimiter for joint 'arm_1_left_finger_joint' in hardware 'arm_1_XArmGripperSystem' : '  has position limits: true [0, 0.85]
[ros2_control_node-2]   has velocity limits: true [2]
[ros2_control_node-2]   has acceleration limits: false [nan]
[ros2_control_node-2]   has deceleration limits: false [nan]
[ros2_control_node-2]   has jerk limits: false [nan]
[ros2_control_node-2]   has effort limits: true [50]
[ros2_control_node-2]   angle wraparound: false'
[ros2_control_node-2] [INFO] [1788469819.634556625] [cite.cell_a.arm_1.controller_manager]: Creating JointSaturationLimiter for joint 'arm_1_left_finger_joint' in hardware 'arm_1_XArmGripperSystem'
[ros2_control_node-2] [INFO] [1788469819.634567115] [cite.cell_a.arm_1.controller_manager]: Using JointLimiter for joint 'arm_1_drive_joint' in hardware 'arm_1_XArmGripperSystem' : '  has position limits: true [0, 0.85]
[ros2_control_node-2]   has velocity limits: true [1]
[ros2_control_node-2]   has acceleration limits: false [nan]
[ros2_control_node-2]   has deceleration limits: false [nan]
[ros2_control_node-2]   has jerk limits: false [nan]
[ros2_control_node-2]   has effort limits: true [50]
[ros2_control_node-2]   angle wraparound: false'
[ros2_control_node-2] [INFO] [1788469819.634576610] [cite.cell_a.arm_1.controller_manager]: Creating JointSaturationLimiter for joint 'arm_1_drive_joint' in hardware 'arm_1_XArmGripperSystem'
[ros2_control_node-2] [INFO] [1788469819.634588834] [cite.cell_a.arm_1.controller_manager]: Enforcing command limits is enabled...
[ros2_control_node-2] [INFO] [1788469819.636678562] [cite.cell_a.arm_1.controller_manager]: Loading hardware 'arm_1_gz_ros2_control/GazeboSimSystem' 
[ros2_control_node-2] [INFO] [1788469819.637249464] [cite.cell_a.arm_1.controller_manager]: Loaded hardware 'arm_1_gz_ros2_control/GazeboSimSystem' from plugin 'mock_components/GenericSystem'
[ros2_control_node-2] [INFO] [1788469819.637323136] [cite.cell_a.arm_1.controller_manager]: Initialize hardware 'arm_1_gz_ros2_control/GazeboSimSystem' 
[ros2_control_node-2] [INFO] [1788469819.643302374] [cite.cell_a.arm_1.controller_manager]: Successful initialization of hardware 'arm_1_gz_ros2_control/GazeboSimSystem'
[ros2_control_node-2] [INFO] [1788469819.643499984] [cite.cell_a.arm_1.controller_manager]: Loading hardware 'arm_1_XArmGripperSystem' 
[ros2_control_node-2] [INFO] [1788469819.644071209] [cite.cell_a.arm_1.controller_manager]: Loaded hardware 'arm_1_XArmGripperSystem' from plugin 'cite_test_hardware/JointStopSystem'
[ros2_control_node-2] [INFO] [1788469819.644120401] [cite.cell_a.arm_1.controller_manager]: Initialize hardware 'arm_1_XArmGripperSystem' 
[ros2_control_node-2] [WARN] [1788469819.650023413] [cite.cell_a.arm_1.controller_manager.hardware_component.system.arm_1_XArmGripperSystem]: 'arm_1_XArmGripperSystem' is the ADR-0040 TEST FIXTURE. 'arm_1_drive_joint' has hard stops at [-1.000000, 0.405605] and 6 joint(s) report a differentiated velocity. Nothing about this component describes real hardware.
[ros2_control_node-2] [INFO] [1788469819.650051983] [cite.cell_a.arm_1.controller_manager]: Successful initialization of hardware 'arm_1_XArmGripperSystem'
[ros2_control_node-2] [INFO] [1788469819.650139704] [cite.cell_a.arm_1.controller_manager]: Activating component 'arm_1_XArmGripperSystem'.
[ros2_control_node-2] [INFO] [1788469819.650151813] [resource_manager]: 'configure' hardware 'arm_1_XArmGripperSystem' 
[ros2_control_node-2] [INFO] [1788469819.650163316] [resource_manager]: Successful 'configure' of hardware 'arm_1_XArmGripperSystem'
[ros2_control_node-2] [INFO] [1788469819.650170014] [resource_manager]: 'activate' hardware 'arm_1_XArmGripperSystem' 
[ros2_control_node-2] [INFO] [1788469819.650178557] [resource_manager]: Successful 'activate' of hardware 'arm_1_XArmGripperSystem'
[ros2_control_node-2] [INFO] [1788469819.650235789] [cite.cell_a.arm_1.controller_manager]: Activating component 'arm_1_gz_ros2_control/GazeboSimSystem'.
[ros2_control_node-2] [INFO] [1788469819.650242919] [resource_manager]: 'configure' hardware 'arm_1_gz_ros2_control/GazeboSimSystem' 
[ros2_control_node-2] [INFO] [1788469819.650249609] [resource_manager]: Successful 'configure' of hardware 'arm_1_gz_ros2_control/GazeboSimSystem'
[ros2_control_node-2] [INFO] [1788469819.650254418] [resource_manager]: 'activate' hardware 'arm_1_gz_ros2_control/GazeboSimSystem' 
[ros2_control_node-2] [INFO] [1788469819.650257991] [resource_manager]: Successful 'activate' of hardware 'arm_1_gz_ros2_control/GazeboSimSystem'
[ros2_control_node-2] [INFO] [1788469819.650275688] [cite.cell_a.arm_1.controller_manager]: Registering statistics for : arm_1_XArmGripperSystem
[ros2_control_node-2] [INFO] [1788469819.650340767] [cite.cell_a.arm_1.controller_manager]: Registering statistics for : arm_1_gz_ros2_control/GazeboSimSystem
[ros2_control_node-2] [INFO] [1788469819.650385898] [cite.cell_a.arm_1.controller_manager]: Resource Manager has been successfully initialized. Starting Controller Manager services...
[skill_server-5] [INFO] [1788469819.675868104] [cite.cell_a.arm_1.skill_server.moveit.ros.move_group_interface]: Ready to take commands for planning group arm_1_xarm5.
[skill_server-5] [INFO] [1788469819.675902557] [cite.cell_a.arm_1.skill_server]: planning for group 'arm_1_xarm5' with end effector 'arm_1_link_tcp' (planning frame 'arm_1_mount')
[skill_server-5] [INFO] [1788469819.675907821] [cite.cell_a.arm_1.skill_server]: planner: pilz_industrial_motion_planner/PTP, falling back to ompl (its own default planner) (ADR-0027)
[skill_server-5] [INFO] [1788469819.687744018] [cite.cell_a.arm_1.skill_server]: skills for arm_1 are accepting goals
[spawner-3] [INFO] [1788469819.752022834] [spawn_controllers]: waiting for service /cite/cell_a/arm_1/controller_manager/list_controllers to become available...
[ros2_control_node-2] [INFO] [1788469820.003610606] [cite.cell_a.arm_1.controller_manager]: Loading controller : 'arm_1_joint_state_broadcaster' of type 'joint_state_broadcaster/JointStateBroadcaster'
[ros2_control_node-2] [INFO] [1788469820.003646508] [cite.cell_a.arm_1.controller_manager]: Loading controller 'arm_1_joint_state_broadcaster'
[ros2_control_node-2] [INFO] [1788469820.006255699] [cite.cell_a.arm_1.controller_manager]: Controller 'arm_1_joint_state_broadcaster' node arguments: --ros-args --params-file /workspace/workspace/install/cite_generated/share/cite_generated/control/cell_a_arm_1_controllers.yaml --params-file /tmp/launch_params_ixt7a8me --params-file /tmp/launch_params_rimqyw7n 
[spawner-3] [INFO] [1788469820.019160596] [spawn_controllers]: Loaded arm_1_joint_state_broadcaster
[ros2_control_node-2] [INFO] [1788469820.019866968] [cite.cell_a.arm_1.controller_manager]: Configuring controller: 'arm_1_joint_state_broadcaster'
[ros2_control_node-2] [INFO] [1788469820.019940785] [cite.cell_a.arm_1.arm_1_joint_state_broadcaster]: 'joints' or 'interfaces' parameter is empty. All available state interfaces will be published
[ros2_control_node-2] [INFO] [1788469820.032470844] [cite.cell_a.arm_1.controller_manager]: Activating controllers: [ arm_1_joint_state_broadcaster ]
[ros2_control_node-2] [INFO] [1788469820.038268612] [cite.cell_a.arm_1.controller_manager]: Successfully switched controllers!
[spawner-3] [INFO] [1788469820.045918601] [spawn_controllers]: Configured and activated arm_1_joint_state_broadcaster
[ros2_control_node-2] [INFO] [1788469820.046368119] [cite.cell_a.arm_1.controller_manager]: Loading controller : 'arm_1_gripper_controller' of type 'position_controllers/GripperActionController'
[ros2_control_node-2] [INFO] [1788469820.046384254] [cite.cell_a.arm_1.controller_manager]: Loading controller 'arm_1_gripper_controller'
[ros2_control_node-2] [INFO] [1788469820.047435529] [cite.cell_a.arm_1.controller_manager]: Controller 'arm_1_gripper_controller' node arguments: --ros-args --params-file /workspace/workspace/install/cite_generated/share/cite_generated/control/cell_a_arm_1_controllers.yaml --params-file /tmp/launch_params_ixt7a8me --params-file /tmp/launch_params_rimqyw7n 
[ros2_control_node-2] [WARN] [1788469820.053288263] [cite.cell_a.arm_1.arm_1_gripper_controller]: [Deprecated]: the `position_controllers/GripperActionController` and `effort_controllers::GripperActionController` controllers are replaced by 'parallel_gripper_controllers/GripperActionController' controller
[spawner-3] [INFO] [1788469820.059048302] [spawn_controllers]: Loaded arm_1_gripper_controller
[ros2_control_node-2] [INFO] [1788469820.059221156] [cite.cell_a.arm_1.controller_manager]: Configuring controller: 'arm_1_gripper_controller'
[ros2_control_node-2] [INFO] [1788469820.059260951] [cite.cell_a.arm_1.arm_1_gripper_controller]: Action status changes will be monitored at 20.000000 Hz.
[ros2_control_node-2] [INFO] [1788469820.065515148] [cite.cell_a.arm_1.controller_manager]: Activating controllers: [ arm_1_gripper_controller ]
[ros2_control_node-2] [INFO] [1788469820.076166097] [cite.cell_a.arm_1.controller_manager]: Successfully switched controllers!
[spawner-3] [INFO] [1788469820.079037763] [spawn_controllers]: Configured and activated arm_1_gripper_controller
[ros2_control_node-2] [INFO] [1788469820.079586032] [cite.cell_a.arm_1.controller_manager]: Loading controller : 'arm_1_joint_trajectory_controller' of type 'joint_trajectory_controller/JointTrajectoryController'
[ros2_control_node-2] [INFO] [1788469820.079611343] [cite.cell_a.arm_1.controller_manager]: Loading controller 'arm_1_joint_trajectory_controller'
[ros2_control_node-2] [INFO] [1788469820.081048617] [cite.cell_a.arm_1.controller_manager]: Controller 'arm_1_joint_trajectory_controller' node arguments: --ros-args --params-file /workspace/workspace/install/cite_generated/share/cite_generated/control/cell_a_arm_1_controllers.yaml --params-file /tmp/launch_params_ixt7a8me --params-file /tmp/launch_params_rimqyw7n 
[spawner-3] [INFO] [1788469820.092288063] [spawn_controllers]: Loaded arm_1_joint_trajectory_controller
[ros2_control_node-2] [INFO] [1788469820.092503429] [cite.cell_a.arm_1.controller_manager]: Configuring controller: 'arm_1_joint_trajectory_controller'
[ros2_control_node-2] [INFO] [1788469820.092635813] [cite.cell_a.arm_1.arm_1_joint_trajectory_controller]: No specific joint names are used for command interfaces. Using 'joints' parameter.
[ros2_control_node-2] [INFO] [1788469820.092655049] [cite.cell_a.arm_1.arm_1_joint_trajectory_controller]: Command interfaces are [position] and state interfaces are [position velocity].
[ros2_control_node-2] [INFO] [1788469820.092671923] [cite.cell_a.arm_1.arm_1_joint_trajectory_controller]: Using 'splines' interpolation method.
[ros2_control_node-2] [INFO] [1788469820.094247120] [cite.cell_a.arm_1.arm_1_joint_trajectory_controller]: Action status changes will be monitored at 20.00 Hz.
[ros2_control_node-2] [INFO] [1788469820.097442863] [cite.cell_a.arm_1.arm_1_joint_trajectory_controller]: Setting initial scaling factor to 1.000000
[ros2_control_node-2] [INFO] [1788469820.097459303] [cite.cell_a.arm_1.arm_1_joint_trajectory_controller]: No scaling interface set. This controller will not read speed scaling from the hardware.
[ros2_control_node-2] [INFO] [1788469820.098637874] [cite.cell_a.arm_1.controller_manager]: Activating controllers: [ arm_1_joint_trajectory_controller ]
[ros2_control_node-2] [INFO] [1788469820.105010263] [cite.cell_a.arm_1.controller_manager]: Successfully switched controllers!
[spawner-3] [INFO] [1788469820.112349351] [spawn_controllers]: Configured and activated arm_1_joint_trajectory_controller
[INFO] [spawner-3]: process has finished cleanly [pid 225]
[ros2_control_node-2] [INFO] [1788469821.469140897] [cite.cell_a.arm_1.arm_1_gripper_controller]: Received & accepted new action goal
[ros2_control_node-2] [ERROR] [1788469821.471492136] [cite.cell_a.arm_1.controller_manager]: Command of at least one joint is out of limits (throttled log). Joint: 'arm_1_drive_joint', (actual: [Joint: 'arm_1_drive_joint', position: 0.000000, velocity: 0.000000], command: [Joint: 'arm_1_drive_joint', position: 0.452793], limited: [Joint: 'arm_1_drive_joint', position: 0.006667]) with desired period : 0.006667 sec.
[ros2_control_node-2] [WARN] [1788469821.878125737] [cite.cell_a.arm_1.controller_manager.hardware_component.system.arm_1_XArmGripperSystem]: 'arm_1_drive_joint/position' has reached a declared stop at 0.405605 and is being held there while the trajectory advances without it.
[skill_server-5] [INFO] [1788469822.219920155] [cite.cell_a.arm_1.skill_server]: gripper: commanded 45.0 mm, reached 50.0 mm, stalled=true, reached_goal=false, effort=60.0 -> holding
[ros2_control_node-2] [INFO] [1788469822.220674015] [cite.cell_a.arm_1.arm_1_gripper_controller]: Received & accepted new action goal
[WARNING] [launch]: user interrupted with ctrl-c (SIGINT)
[INFO] [skill_server-5]: sending signal 'SIGINT' to process[skill_server-5]
[INFO] [move_group-4]: sending signal 'SIGINT' to process[move_group-4]
[INFO] [ros2_control_node-2]: sending signal 'SIGINT' to process[ros2_control_node-2]
[INFO] [robot_state_publisher-1]: sending signal 'SIGINT' to process[robot_state_publisher-1]
[skill_server-5] [INFO] [1788469822.571754252] [rclcpp]: signal_handler(SIGINT/SIGTERM)
[robot_state_publisher-1] [INFO] [1788469822.571750445] [rclcpp]: signal_handler(SIGINT/SIGTERM)
[move_group-4] [INFO] [1788469822.571755425] [rclcpp]: signal_handler(SIGINT/SIGTERM)
[ros2_control_node-2] [INFO] [1788469822.571772759] [rclcpp]: signal_handler(SIGINT/SIGTERM)
[ros2_control_node-2] [INFO] [1788469822.571830427] [cite.cell_a.arm_1.controller_manager]: Shutdown request received....
[ros2_control_node-2] [INFO] [1788469822.571849142] [cite.cell_a.arm_1.controller_manager]: Shutting down all controllers in the controller manager.
[ros2_control_node-2] [INFO] [1788469822.571866022] [cite.cell_a.arm_1.controller_manager]: Deactivating controller 'arm_1_joint_trajectory_controller'
[ros2_control_node-2] [INFO] [1788469822.571933992] [cite.cell_a.arm_1.controller_manager]: Shutting down controller 'arm_1_joint_trajectory_controller'
[ros2_control_node-2] [INFO] [1788469822.572059649] [cite.cell_a.arm_1.controller_manager]: Deactivating controller 'arm_1_gripper_controller'
[ros2_control_node-2] [INFO] [1788469822.572078840] [cite.cell_a.arm_1.controller_manager]: Shutting down controller 'arm_1_gripper_controller'
[ros2_control_node-2] [INFO] [1788469822.572114679] [cite.cell_a.arm_1.controller_manager]: Deactivating controller 'arm_1_joint_state_broadcaster'
[ros2_control_node-2] [INFO] [1788469822.572131736] [cite.cell_a.arm_1.controller_manager]: Shutting down controller 'arm_1_joint_state_broadcaster'
[ros2_control_node-2] [INFO] [1788469822.572165499] [resource_manager]: 'deactivate' hardware 'arm_1_XArmGripperSystem' 
[ros2_control_node-2] [INFO] [1788469822.572179325] [resource_manager]: Successful 'deactivate' of hardware 'arm_1_XArmGripperSystem'
[ros2_control_node-2] [INFO] [1788469822.572182331] [resource_manager]: 'shutdown' hardware 'arm_1_XArmGripperSystem' 
[ros2_control_node-2] [INFO] [1788469822.572184643] [resource_manager]: Successful 'shutdown' of hardware 'arm_1_XArmGripperSystem'
[ros2_control_node-2] [INFO] [1788469822.572206049] [resource_manager]: 'deactivate' hardware 'arm_1_gz_ros2_control/GazeboSimSystem' 
[ros2_control_node-2] [INFO] [1788469822.572208265] [resource_manager]: Successful 'deactivate' of hardware 'arm_1_gz_ros2_control/GazeboSimSystem'
[ros2_control_node-2] [INFO] [1788469822.572209751] [resource_manager]: 'shutdown' hardware 'arm_1_gz_ros2_control/GazeboSimSystem' 
[ros2_control_node-2] [INFO] [1788469822.572211466] [resource_manager]: Successful 'shutdown' of hardware 'arm_1_gz_ros2_control/GazeboSimSystem'
[ros2_control_node-2] [INFO] [1788469822.572219097] [cite.cell_a.arm_1.controller_manager]: Shutting down the controller manager.
[ros2_control_node-2] [ERROR] [1788469822.572288959] [cite.cell_a.arm_1.controller_manager.pal_statistics]: Exception in publisher thread: context cannot be slept with because it's invalid!. Aborting!
[skill_server-5] Warning: class_loader.ClassLoader: SEVERE WARNING!!! Attempting to unload library while objects created by this loader exist in the heap! You should delete your objects before attempting to unload the library or destroying the ClassLoader. The library will NOT be unloaded.
[skill_server-5]          at line 127 in ./src/class_loader.cpp
[robot_state_publisher-1] [INFO] [1788469822.574765485] [rclcpp]: signal_handler(SIGINT/SIGTERM)
[ros2_control_node-2] [INFO] [1788469822.575346341] [rclcpp]: signal_handler(SIGINT/SIGTERM)
[ERROR] [skill_server-5]: process has died [pid 227, exit code -2, cmd '/workspace/workspace/install/cite_skills/lib/cite_skills/skill_server --ros-args -r __node:=skill_server -r __ns:=/cite/cell_a/arm_1 --params-file /tmp/launch_params_bw9_46ih --params-file /tmp/launch_params_xpza7oli --params-file /tmp/launch_params_2mks17bn --params-file /tmp/launch_params_juy8cd36 --params-file /tmp/launch_params_tuknd16r -r /tf:=/tf -r /tf_static:=/tf_static'].
[ros2_control_node-2] [INFO] [1788469822.578234382] [cite.cell_a.arm_1.controller_manager.pal_statistics]: Async messages lost 0
[ros2_control_node-2] [INFO] [1788469822.578242664] [cite.cell_a.arm_1.controller_manager.pal_statistics]: publish_async_failures_ 0
[ERROR] [move_group-4]: process has died [pid 226, exit code -2, cmd '/opt/ros/jazzy/lib/moveit_ros_move_group/move_group --ros-args -r __node:=move_group -r __ns:=/cite/cell_a/arm_1 --params-file /tmp/launch_params_ptvij3ke --params-file /tmp/launch_params_jb7kff4i --params-file /tmp/launch_params_sr3z4x02 --params-file /tmp/launch_params_6mjtuqc9 --params-file /tmp/launch_params_d52lkhj_ --params-file /tmp/launch_params_4dn51wc4 -r /tf:=/tf -r /tf_static:=/tf_static'].
[ros2_control_node-2] [INFO] [1788469822.579134114] [cite.cell_a.arm_1.controller_manager.pal_statistics]: Async messages lost 0
[ros2_control_node-2] [INFO] [1788469822.579140153] [cite.cell_a.arm_1.controller_manager.pal_statistics]: publish_async_failures_ 0
[INFO] [robot_state_publisher-1]: process has finished cleanly [pid 223]
[INFO] [ros2_control_node-2]: process has finished cleanly [pid 224]
