-- The CXX compiler identification is GNU 11.4.0
-- Detecting CXX compiler ABI info
-- Detecting CXX compiler ABI info - done
-- Check for working CXX compiler: /usr/bin/c++ - skipped
-- Detecting CXX compile features
-- Detecting CXX compile features - done
-- Found ament_cmake: 1.3.12 (/home/mustafacil/ros2_humble/install/ament_cmake/share/ament_cmake/cmake)
-- Found Python3: /usr/bin/python3 (found version "3.10.12") found components: Interpreter 
-- Override CMake install command with custom implementation using symlinks instead of copying resources
-- Found ament_index_cpp: 1.4.0 (/home/mustafacil/ros2_humble/install/ament_index_cpp/share/ament_index_cpp/cmake)
-- Found controller_interface: 2.52.2 (/home/mustafacil/Desktop/Digital-Twin/install/controller_interface/share/controller_interface/cmake)
-- Found rosidl_generator_c: 3.1.7 (/home/mustafacil/ros2_humble/install/rosidl_generator_c/share/rosidl_generator_c/cmake)
-- Found rosidl_adapter: 3.1.7 (/home/mustafacil/ros2_humble/install/rosidl_adapter/share/rosidl_adapter/cmake)
-- Found rosidl_generator_cpp: 3.1.7 (/home/mustafacil/ros2_humble/install/rosidl_generator_cpp/share/rosidl_generator_cpp/cmake)
-- Using all available rosidl_typesupport_c: rosidl_typesupport_introspection_c;rosidl_typesupport_fastrtps_c
-- Using all available rosidl_typesupport_cpp: rosidl_typesupport_introspection_cpp;rosidl_typesupport_fastrtps_cpp
-- Found rmw_implementation_cmake: 6.1.2 (/home/mustafacil/ros2_humble/install/rmw_implementation_cmake/share/rmw_implementation_cmake/cmake)
-- Found rmw_fastrtps_cpp: 6.2.9 (/home/mustafacil/ros2_humble/install/rmw_fastrtps_cpp/share/rmw_fastrtps_cpp/cmake)
-- Found TinyXML2 via Config file: TinyXML2_DIR-NOTFOUND
-- Found OpenSSL: /usr/lib/x86_64-linux-gnu/libcrypto.so (found version "3.0.2")  
-- Found TinyXML2 via Config file: TinyXML2_DIR-NOTFOUND
-- Found FastRTPS: /home/mustafacil/ros2_humble/install/fastrtps/include  
-- Found TinyXML2 via Config file: TinyXML2_DIR-NOTFOUND
-- Found TinyXML2 via Config file: TinyXML2_DIR-NOTFOUND
-- Using RMW implementation 'rmw_fastrtps_cpp' as default
-- Looking for C++ include pthread.h
-- Looking for C++ include pthread.h - found
-- Performing Test CMAKE_HAVE_LIBC_PTHREAD
-- Performing Test CMAKE_HAVE_LIBC_PTHREAD - Success
-- Found Threads: TRUE  
-- Found controller_manager_msgs: 2.52.2 (/home/mustafacil/Desktop/Digital-Twin/install/controller_manager_msgs/share/controller_manager_msgs/cmake)
-- Found realtime_tools: 2.14.1 (/opt/ros/humble/share/realtime_tools/cmake)
-- Found ament_cmake_gmock: 1.3.12 (/home/mustafacil/ros2_humble/install/ament_cmake_gmock/share/ament_cmake_gmock/cmake)
-- Found ros2_control_test_assets: 2.52.2 (/home/mustafacil/Desktop/Digital-Twin/install/ros2_control_test_assets/share/ros2_control_test_assets/cmake)
-- Found gmock sources under '/home/mustafacil/ros2_humble/install/gmock_vendor/src/gmock_vendor': C++ tests using 'Google Mock' will be built
-- The C compiler identification is GNU 11.4.0
-- Detecting C compiler ABI info
-- Detecting C compiler ABI info - done
-- Check for working C compiler: /usr/bin/cc - skipped
-- Detecting C compile features
-- Detecting C compile features - done
-- Found ament_cmake_gtest: 1.3.12 (/home/mustafacil/ros2_humble/install/ament_cmake_gtest/share/ament_cmake_gtest/cmake)
-- Found gtest sources under '/home/mustafacil/ros2_humble/install/gtest_vendor/src/gtest_vendor': C++ tests using 'Google Test' will be built
-- Found ament_cmake_pytest: 1.3.12 (/home/mustafacil/ros2_humble/install/ament_cmake_pytest/share/ament_cmake_pytest/cmake)
-- Configuring done
-- Generating done
-- Build files have been written to: /home/mustafacil/Desktop/Digital-Twin/build/controller_manager
[  2%] Generating controller_manager/version.h
[  2%] Built target ament_generate_version_header__controller_manager
[  2%] Built target ament_cmake_python_symlink_controller_manager
[  5%] Building CXX object CMakeFiles/controller_manager.dir/src/controller_manager.cpp.o
[  7%] Linking CXX shared library libcontroller_manager.so
[  7%] Built target controller_manager
[  7%] Built target ament_cmake_python_symlink_controller_manager_setup
[ 10%] Building CXX object CMakeFiles/test_controller_failed_init.dir/test/test_controller_failed_init/test_controller_failed_init.cpp.o
[ 12%] Linking CXX shared library libtest_controller_failed_init.so
[ 12%] Built target test_controller_failed_init
[ 15%] Building CXX object CMakeFiles/test_chainable_controller.dir/test/test_chainable_controller/test_chainable_controller.cpp.o
[ 17%] Building CXX object CMakeFiles/test_controller_with_interfaces.dir/test/test_controller_with_interfaces/test_controller_with_interfaces.cpp.o
[ 20%] Building CXX object CMakeFiles/test_controller.dir/test/test_controller/test_controller.cpp.o
[ 22%] Building CXX object CMakeFiles/ros2_control_node.dir/src/ros2_control_node.cpp.o
[ 25%] Building CXX object gmock/CMakeFiles/gmock.dir/home/mustafacil/ros2_humble/install/gtest_vendor/src/gtest_vendor/src/gtest-all.cc.o
[ 27%] Linking CXX shared library libtest_controller_with_interfaces.so
[ 27%] Built target test_controller_with_interfaces
[ 30%] Building CXX object gmock/CMakeFiles/gmock_main.dir/src/gmock_main.cc.o
[ 32%] Building CXX object CMakeFiles/test_controller_failed_activate.dir/test/test_controller_failed_activate/test_controller_failed_activate.cpp.o
[ 35%] Linking CXX shared library libtest_controller.so
[ 37%] Linking CXX static library libgmock_main.a
[ 37%] Built target gmock_main
running egg_info
creating controller_manager.egg-info
writing controller_manager.egg-info/PKG-INFO
writing dependency_links to controller_manager.egg-info/dependency_links.txt
writing top-level names to controller_manager.egg-info/top_level.txt
writing manifest file 'controller_manager.egg-info/SOURCES.txt'
reading manifest file 'controller_manager.egg-info/SOURCES.txt'
writing manifest file 'controller_manager.egg-info/SOURCES.txt'
[ 37%] Built target test_controller
[ 40%] Building CXX object gmock/CMakeFiles/gmock.dir/src/gmock-all.cc.o
[ 40%] Built target ament_cmake_python_build_controller_manager_egg
running install_scripts
running egg_info
writing controller_manager.egg-info/PKG-INFO
writing dependency_links to controller_manager.egg-info/dependency_links.txt
writing top-level names to controller_manager.egg-info/top_level.txt
reading manifest file 'controller_manager.egg-info/SOURCES.txt'
writing manifest file 'controller_manager.egg-info/SOURCES.txt'
[ 40%] Built target ament_cmake_python_build_controller_manager_scripts
[ 42%] Linking CXX shared library libtest_chainable_controller.so
[ 42%] Built target test_chainable_controller
[ 45%] Linking CXX static library libgmock.a
[ 47%] Linking CXX executable ros2_control_node
[ 47%] Built target gmock
[ 50%] Linking CXX shared library libtest_controller_failed_activate.so
[ 50%] Built target test_controller_failed_activate
[ 50%] Built target ros2_control_node
