[0.359s] DEBUG:colcon:Command line arguments: ['/usr/bin/colcon', 'build', '--symlink-install', '--packages-select', 'gazebo_ros2_control']
[0.359s] DEBUG:colcon:Parsed command line arguments: Namespace(log_base=None, log_level=None, verb_name='build', build_base='build', install_base='install', merge_install=False, symlink_install=True, test_result_base=None, continue_on_error=False, executor='parallel', parallel_workers=6, event_handlers=None, ignore_user_meta=False, metas=['./colcon.meta'], base_paths=['.'], packages_ignore=None, packages_ignore_regex=None, paths=None, packages_up_to=None, packages_up_to_regex=None, packages_above=None, packages_above_and_dependencies=None, packages_above_depth=None, packages_select_by_dep=None, packages_skip_by_dep=None, packages_skip_up_to=None, packages_select_build_failed=False, packages_skip_build_finished=False, packages_select_test_failures=False, packages_skip_test_passed=False, packages_select=['gazebo_ros2_control'], packages_skip=None, packages_select_regex=None, packages_skip_regex=None, packages_start=None, packages_end=None, allow_overriding=[], cmake_args=None, cmake_target=None, cmake_target_skip_unavailable=False, cmake_clean_cache=False, cmake_clean_first=False, cmake_force_configure=False, ament_cmake_args=None, catkin_cmake_args=None, catkin_skip_building_tests=False, mixin_files=None, mixin=None, verb_parser=<colcon_mixin.mixin.mixin_argument.MixinArgumentDecorator object at 0x76ae1c27b580>, verb_extension=<colcon_core.verb.build.BuildVerb object at 0x76ae1c27b0d0>, main=<bound method BuildVerb.main of <colcon_core.verb.build.BuildVerb object at 0x76ae1c27b0d0>>, mixin_verb=('build',))
[0.642s] Level 1:colcon.colcon_core.package_discovery:discover_packages(colcon_meta) check parameters
[0.643s] Level 1:colcon.colcon_core.package_discovery:discover_packages(recursive) check parameters
[0.643s] Level 1:colcon.colcon_core.package_discovery:discover_packages(ignore) check parameters
[0.643s] Level 1:colcon.colcon_core.package_discovery:discover_packages(path) check parameters
[0.643s] Level 1:colcon.colcon_core.package_discovery:discover_packages(colcon_meta) discover
[0.643s] Level 1:colcon.colcon_core.package_discovery:discover_packages(recursive) discover
[0.644s] INFO:colcon.colcon_core.package_discovery:Crawling recursively for packages in '/home/mustafacil/Desktop/Digital-Twin'
[0.644s] Level 1:colcon.colcon_core.package_identification:_identify(.) by extensions ['ignore', 'ignore_ament_install']
[0.644s] Level 1:colcon.colcon_core.package_identification:_identify(.) by extension 'ignore'
[0.644s] Level 1:colcon.colcon_core.package_identification:_identify(.) by extension 'ignore_ament_install'
[0.645s] Level 1:colcon.colcon_core.package_identification:_identify(.) by extensions ['colcon_pkg']
[0.645s] Level 1:colcon.colcon_core.package_identification:_identify(.) by extension 'colcon_pkg'
[0.645s] Level 1:colcon.colcon_core.package_identification:_identify(.) by extensions ['colcon_meta']
[0.645s] Level 1:colcon.colcon_core.package_identification:_identify(.) by extension 'colcon_meta'
[0.645s] Level 1:colcon.colcon_core.package_identification:_identify(.) by extensions ['ros']
[0.645s] Level 1:colcon.colcon_core.package_identification:_identify(.) by extension 'ros'
[0.659s] Level 1:colcon.colcon_core.package_identification:_identify(.) by extensions ['cmake', 'python']
[0.660s] Level 1:colcon.colcon_core.package_identification:_identify(.) by extension 'cmake'
[0.660s] Level 1:colcon.colcon_core.package_identification:_identify(.) by extension 'python'
[0.660s] Level 1:colcon.colcon_core.package_identification:_identify(.) by extensions ['python_setup_py']
[0.660s] Level 1:colcon.colcon_core.package_identification:_identify(.) by extension 'python_setup_py'
[0.661s] Level 1:colcon.colcon_core.package_identification:_identify(build) by extensions ['ignore', 'ignore_ament_install']
[0.661s] Level 1:colcon.colcon_core.package_identification:_identify(build) by extension 'ignore'
[0.661s] Level 1:colcon.colcon_core.package_identification:_identify(build) ignored
[0.661s] Level 1:colcon.colcon_core.package_identification:_identify(docs) by extensions ['ignore', 'ignore_ament_install']
[0.661s] Level 1:colcon.colcon_core.package_identification:_identify(docs) by extension 'ignore'
[0.665s] Level 1:colcon.colcon_core.package_identification:_identify(docs) by extension 'ignore_ament_install'
[0.665s] Level 1:colcon.colcon_core.package_identification:_identify(docs) by extensions ['colcon_pkg']
[0.665s] Level 1:colcon.colcon_core.package_identification:_identify(docs) by extension 'colcon_pkg'
[0.665s] Level 1:colcon.colcon_core.package_identification:_identify(docs) by extensions ['colcon_meta']
[0.665s] Level 1:colcon.colcon_core.package_identification:_identify(docs) by extension 'colcon_meta'
[0.665s] Level 1:colcon.colcon_core.package_identification:_identify(docs) by extensions ['ros']
[0.665s] Level 1:colcon.colcon_core.package_identification:_identify(docs) by extension 'ros'
[0.665s] Level 1:colcon.colcon_core.package_identification:_identify(docs) by extensions ['cmake', 'python']
[0.665s] Level 1:colcon.colcon_core.package_identification:_identify(docs) by extension 'cmake'
[0.665s] Level 1:colcon.colcon_core.package_identification:_identify(docs) by extension 'python'
[0.666s] Level 1:colcon.colcon_core.package_identification:_identify(docs) by extensions ['python_setup_py']
[0.666s] Level 1:colcon.colcon_core.package_identification:_identify(docs) by extension 'python_setup_py'
[0.666s] Level 1:colcon.colcon_core.package_identification:_identify(install) by extensions ['ignore', 'ignore_ament_install']
[0.666s] Level 1:colcon.colcon_core.package_identification:_identify(install) by extension 'ignore'
[0.666s] Level 1:colcon.colcon_core.package_identification:_identify(install) ignored
[0.666s] Level 1:colcon.colcon_core.package_identification:_identify(log) by extensions ['ignore', 'ignore_ament_install']
[0.666s] Level 1:colcon.colcon_core.package_identification:_identify(log) by extension 'ignore'
[0.666s] Level 1:colcon.colcon_core.package_identification:_identify(log) ignored
[0.666s] Level 1:colcon.colcon_core.package_identification:_identify(src) by extensions ['ignore', 'ignore_ament_install']
[0.666s] Level 1:colcon.colcon_core.package_identification:_identify(src) by extension 'ignore'
[0.666s] Level 1:colcon.colcon_core.package_identification:_identify(src) by extension 'ignore_ament_install'
[0.666s] Level 1:colcon.colcon_core.package_identification:_identify(src) by extensions ['colcon_pkg']
[0.666s] Level 1:colcon.colcon_core.package_identification:_identify(src) by extension 'colcon_pkg'
[0.666s] Level 1:colcon.colcon_core.package_identification:_identify(src) by extensions ['colcon_meta']
[0.666s] Level 1:colcon.colcon_core.package_identification:_identify(src) by extension 'colcon_meta'
[0.666s] Level 1:colcon.colcon_core.package_identification:_identify(src) by extensions ['ros']
[0.666s] Level 1:colcon.colcon_core.package_identification:_identify(src) by extension 'ros'
[0.666s] Level 1:colcon.colcon_core.package_identification:_identify(src) by extensions ['cmake', 'python']
[0.666s] Level 1:colcon.colcon_core.package_identification:_identify(src) by extension 'cmake'
[0.666s] Level 1:colcon.colcon_core.package_identification:_identify(src) by extension 'python'
[0.666s] Level 1:colcon.colcon_core.package_identification:_identify(src) by extensions ['python_setup_py']
[0.666s] Level 1:colcon.colcon_core.package_identification:_identify(src) by extension 'python_setup_py'
[0.666s] Level 1:colcon.colcon_core.package_identification:_identify(src/gazebo_ros2_control) by extensions ['ignore', 'ignore_ament_install']
[0.666s] Level 1:colcon.colcon_core.package_identification:_identify(src/gazebo_ros2_control) by extension 'ignore'
[0.666s] Level 1:colcon.colcon_core.package_identification:_identify(src/gazebo_ros2_control) by extension 'ignore_ament_install'
[0.666s] Level 1:colcon.colcon_core.package_identification:_identify(src/gazebo_ros2_control) by extensions ['colcon_pkg']
[0.666s] Level 1:colcon.colcon_core.package_identification:_identify(src/gazebo_ros2_control) by extension 'colcon_pkg'
[0.667s] Level 1:colcon.colcon_core.package_identification:_identify(src/gazebo_ros2_control) by extensions ['colcon_meta']
[0.667s] Level 1:colcon.colcon_core.package_identification:_identify(src/gazebo_ros2_control) by extension 'colcon_meta'
[0.667s] Level 1:colcon.colcon_core.package_identification:_identify(src/gazebo_ros2_control) by extensions ['ros']
[0.667s] Level 1:colcon.colcon_core.package_identification:_identify(src/gazebo_ros2_control) by extension 'ros'
[0.667s] Level 1:colcon.colcon_core.package_identification:_identify(src/gazebo_ros2_control) by extensions ['cmake', 'python']
[0.667s] Level 1:colcon.colcon_core.package_identification:_identify(src/gazebo_ros2_control) by extension 'cmake'
[0.667s] Level 1:colcon.colcon_core.package_identification:_identify(src/gazebo_ros2_control) by extension 'python'
[0.667s] Level 1:colcon.colcon_core.package_identification:_identify(src/gazebo_ros2_control) by extensions ['python_setup_py']
[0.667s] Level 1:colcon.colcon_core.package_identification:_identify(src/gazebo_ros2_control) by extension 'python_setup_py'
[0.667s] Level 1:colcon.colcon_core.package_identification:_identify(src/gazebo_ros2_control/Docker) by extensions ['ignore', 'ignore_ament_install']
[0.667s] Level 1:colcon.colcon_core.package_identification:_identify(src/gazebo_ros2_control/Docker) by extension 'ignore'
[0.667s] Level 1:colcon.colcon_core.package_identification:_identify(src/gazebo_ros2_control/Docker) by extension 'ignore_ament_install'
[0.667s] Level 1:colcon.colcon_core.package_identification:_identify(src/gazebo_ros2_control/Docker) by extensions ['colcon_pkg']
[0.667s] Level 1:colcon.colcon_core.package_identification:_identify(src/gazebo_ros2_control/Docker) by extension 'colcon_pkg'
[0.667s] Level 1:colcon.colcon_core.package_identification:_identify(src/gazebo_ros2_control/Docker) by extensions ['colcon_meta']
[0.667s] Level 1:colcon.colcon_core.package_identification:_identify(src/gazebo_ros2_control/Docker) by extension 'colcon_meta'
[0.667s] Level 1:colcon.colcon_core.package_identification:_identify(src/gazebo_ros2_control/Docker) by extensions ['ros']
[0.667s] Level 1:colcon.colcon_core.package_identification:_identify(src/gazebo_ros2_control/Docker) by extension 'ros'
[0.667s] Level 1:colcon.colcon_core.package_identification:_identify(src/gazebo_ros2_control/Docker) by extensions ['cmake', 'python']
[0.667s] Level 1:colcon.colcon_core.package_identification:_identify(src/gazebo_ros2_control/Docker) by extension 'cmake'
[0.667s] Level 1:colcon.colcon_core.package_identification:_identify(src/gazebo_ros2_control/Docker) by extension 'python'
[0.667s] Level 1:colcon.colcon_core.package_identification:_identify(src/gazebo_ros2_control/Docker) by extensions ['python_setup_py']
[0.667s] Level 1:colcon.colcon_core.package_identification:_identify(src/gazebo_ros2_control/Docker) by extension 'python_setup_py'
[0.667s] Level 1:colcon.colcon_core.package_identification:_identify(src/gazebo_ros2_control/doc) by extensions ['ignore', 'ignore_ament_install']
[0.667s] Level 1:colcon.colcon_core.package_identification:_identify(src/gazebo_ros2_control/doc) by extension 'ignore'
[0.667s] Level 1:colcon.colcon_core.package_identification:_identify(src/gazebo_ros2_control/doc) by extension 'ignore_ament_install'
[0.667s] Level 1:colcon.colcon_core.package_identification:_identify(src/gazebo_ros2_control/doc) by extensions ['colcon_pkg']
[0.667s] Level 1:colcon.colcon_core.package_identification:_identify(src/gazebo_ros2_control/doc) by extension 'colcon_pkg'
[0.667s] Level 1:colcon.colcon_core.package_identification:_identify(src/gazebo_ros2_control/doc) by extensions ['colcon_meta']
[0.667s] Level 1:colcon.colcon_core.package_identification:_identify(src/gazebo_ros2_control/doc) by extension 'colcon_meta'
[0.667s] Level 1:colcon.colcon_core.package_identification:_identify(src/gazebo_ros2_control/doc) by extensions ['ros']
[0.667s] Level 1:colcon.colcon_core.package_identification:_identify(src/gazebo_ros2_control/doc) by extension 'ros'
[0.668s] Level 1:colcon.colcon_core.package_identification:_identify(src/gazebo_ros2_control/doc) by extensions ['cmake', 'python']
[0.668s] Level 1:colcon.colcon_core.package_identification:_identify(src/gazebo_ros2_control/doc) by extension 'cmake'
[0.668s] Level 1:colcon.colcon_core.package_identification:_identify(src/gazebo_ros2_control/doc) by extension 'python'
[0.668s] Level 1:colcon.colcon_core.package_identification:_identify(src/gazebo_ros2_control/doc) by extensions ['python_setup_py']
[0.668s] Level 1:colcon.colcon_core.package_identification:_identify(src/gazebo_ros2_control/doc) by extension 'python_setup_py'
[0.668s] Level 1:colcon.colcon_core.package_identification:_identify(src/gazebo_ros2_control/doc/img) by extensions ['ignore', 'ignore_ament_install']
[0.668s] Level 1:colcon.colcon_core.package_identification:_identify(src/gazebo_ros2_control/doc/img) by extension 'ignore'
[0.668s] Level 1:colcon.colcon_core.package_identification:_identify(src/gazebo_ros2_control/doc/img) by extension 'ignore_ament_install'
[0.668s] Level 1:colcon.colcon_core.package_identification:_identify(src/gazebo_ros2_control/doc/img) by extensions ['colcon_pkg']
[0.668s] Level 1:colcon.colcon_core.package_identification:_identify(src/gazebo_ros2_control/doc/img) by extension 'colcon_pkg'
[0.668s] Level 1:colcon.colcon_core.package_identification:_identify(src/gazebo_ros2_control/doc/img) by extensions ['colcon_meta']
[0.668s] Level 1:colcon.colcon_core.package_identification:_identify(src/gazebo_ros2_control/doc/img) by extension 'colcon_meta'
[0.668s] Level 1:colcon.colcon_core.package_identification:_identify(src/gazebo_ros2_control/doc/img) by extensions ['ros']
[0.668s] Level 1:colcon.colcon_core.package_identification:_identify(src/gazebo_ros2_control/doc/img) by extension 'ros'
[0.668s] Level 1:colcon.colcon_core.package_identification:_identify(src/gazebo_ros2_control/doc/img) by extensions ['cmake', 'python']
[0.668s] Level 1:colcon.colcon_core.package_identification:_identify(src/gazebo_ros2_control/doc/img) by extension 'cmake'
[0.668s] Level 1:colcon.colcon_core.package_identification:_identify(src/gazebo_ros2_control/doc/img) by extension 'python'
[0.668s] Level 1:colcon.colcon_core.package_identification:_identify(src/gazebo_ros2_control/doc/img) by extensions ['python_setup_py']
[0.668s] Level 1:colcon.colcon_core.package_identification:_identify(src/gazebo_ros2_control/doc/img) by extension 'python_setup_py'
[0.668s] Level 1:colcon.colcon_core.package_identification:_identify(src/gazebo_ros2_control/gazebo_ros2_control) by extensions ['ignore', 'ignore_ament_install']
[0.668s] Level 1:colcon.colcon_core.package_identification:_identify(src/gazebo_ros2_control/gazebo_ros2_control) by extension 'ignore'
[0.668s] Level 1:colcon.colcon_core.package_identification:_identify(src/gazebo_ros2_control/gazebo_ros2_control) by extension 'ignore_ament_install'
[0.668s] Level 1:colcon.colcon_core.package_identification:_identify(src/gazebo_ros2_control/gazebo_ros2_control) by extensions ['colcon_pkg']
[0.668s] Level 1:colcon.colcon_core.package_identification:_identify(src/gazebo_ros2_control/gazebo_ros2_control) by extension 'colcon_pkg'
[0.668s] Level 1:colcon.colcon_core.package_identification:_identify(src/gazebo_ros2_control/gazebo_ros2_control) by extensions ['colcon_meta']
[0.668s] Level 1:colcon.colcon_core.package_identification:_identify(src/gazebo_ros2_control/gazebo_ros2_control) by extension 'colcon_meta'
[0.668s] Level 1:colcon.colcon_core.package_identification:_identify(src/gazebo_ros2_control/gazebo_ros2_control) by extensions ['ros']
[0.668s] Level 1:colcon.colcon_core.package_identification:_identify(src/gazebo_ros2_control/gazebo_ros2_control) by extension 'ros'
[0.672s] DEBUG:colcon.colcon_core.package_identification:Package 'src/gazebo_ros2_control/gazebo_ros2_control' with type 'ros.ament_cmake' and name 'gazebo_ros2_control'
[0.673s] Level 1:colcon.colcon_core.package_identification:_identify(src/gazebo_ros2_control/gazebo_ros2_control_demos) by extensions ['ignore', 'ignore_ament_install']
[0.673s] Level 1:colcon.colcon_core.package_identification:_identify(src/gazebo_ros2_control/gazebo_ros2_control_demos) by extension 'ignore'
[0.673s] Level 1:colcon.colcon_core.package_identification:_identify(src/gazebo_ros2_control/gazebo_ros2_control_demos) by extension 'ignore_ament_install'
[0.673s] Level 1:colcon.colcon_core.package_identification:_identify(src/gazebo_ros2_control/gazebo_ros2_control_demos) by extensions ['colcon_pkg']
[0.673s] Level 1:colcon.colcon_core.package_identification:_identify(src/gazebo_ros2_control/gazebo_ros2_control_demos) by extension 'colcon_pkg'
[0.673s] Level 1:colcon.colcon_core.package_identification:_identify(src/gazebo_ros2_control/gazebo_ros2_control_demos) by extensions ['colcon_meta']
[0.673s] Level 1:colcon.colcon_core.package_identification:_identify(src/gazebo_ros2_control/gazebo_ros2_control_demos) by extension 'colcon_meta'
[0.673s] Level 1:colcon.colcon_core.package_identification:_identify(src/gazebo_ros2_control/gazebo_ros2_control_demos) by extensions ['ros']
[0.673s] Level 1:colcon.colcon_core.package_identification:_identify(src/gazebo_ros2_control/gazebo_ros2_control_demos) by extension 'ros'
[0.674s] DEBUG:colcon.colcon_core.package_identification:Package 'src/gazebo_ros2_control/gazebo_ros2_control_demos' with type 'ros.ament_cmake' and name 'gazebo_ros2_control_demos'
[0.674s] Level 1:colcon.colcon_core.package_identification:_identify(src/robot_arm_bringup) by extensions ['ignore', 'ignore_ament_install']
[0.674s] Level 1:colcon.colcon_core.package_identification:_identify(src/robot_arm_bringup) by extension 'ignore'
[0.674s] Level 1:colcon.colcon_core.package_identification:_identify(src/robot_arm_bringup) by extension 'ignore_ament_install'
[0.674s] Level 1:colcon.colcon_core.package_identification:_identify(src/robot_arm_bringup) by extensions ['colcon_pkg']
[0.674s] Level 1:colcon.colcon_core.package_identification:_identify(src/robot_arm_bringup) by extension 'colcon_pkg'
[0.674s] Level 1:colcon.colcon_core.package_identification:_identify(src/robot_arm_bringup) by extensions ['colcon_meta']
[0.674s] Level 1:colcon.colcon_core.package_identification:_identify(src/robot_arm_bringup) by extension 'colcon_meta'
[0.674s] Level 1:colcon.colcon_core.package_identification:_identify(src/robot_arm_bringup) by extensions ['ros']
[0.674s] Level 1:colcon.colcon_core.package_identification:_identify(src/robot_arm_bringup) by extension 'ros'
[0.675s] DEBUG:colcon.colcon_core.package_identification:Package 'src/robot_arm_bringup' with type 'ros.ament_cmake' and name 'robot_arm_bringup'
[0.675s] Level 1:colcon.colcon_core.package_identification:_identify(src/robot_arm_control) by extensions ['ignore', 'ignore_ament_install']
[0.675s] Level 1:colcon.colcon_core.package_identification:_identify(src/robot_arm_control) by extension 'ignore'
[0.675s] Level 1:colcon.colcon_core.package_identification:_identify(src/robot_arm_control) by extension 'ignore_ament_install'
[0.675s] Level 1:colcon.colcon_core.package_identification:_identify(src/robot_arm_control) by extensions ['colcon_pkg']
[0.675s] Level 1:colcon.colcon_core.package_identification:_identify(src/robot_arm_control) by extension 'colcon_pkg'
[0.676s] Level 1:colcon.colcon_core.package_identification:_identify(src/robot_arm_control) by extensions ['colcon_meta']
[0.676s] Level 1:colcon.colcon_core.package_identification:_identify(src/robot_arm_control) by extension 'colcon_meta'
[0.676s] Level 1:colcon.colcon_core.package_identification:_identify(src/robot_arm_control) by extensions ['ros']
[0.676s] Level 1:colcon.colcon_core.package_identification:_identify(src/robot_arm_control) by extension 'ros'
[0.677s] DEBUG:colcon.colcon_core.package_identification:Package 'src/robot_arm_control' with type 'ros.ament_cmake' and name 'robot_arm_control'
[0.677s] Level 1:colcon.colcon_core.package_identification:_identify(src/robot_arm_description) by extensions ['ignore', 'ignore_ament_install']
[0.677s] Level 1:colcon.colcon_core.package_identification:_identify(src/robot_arm_description) by extension 'ignore'
[0.677s] Level 1:colcon.colcon_core.package_identification:_identify(src/robot_arm_description) by extension 'ignore_ament_install'
[0.678s] Level 1:colcon.colcon_core.package_identification:_identify(src/robot_arm_description) by extensions ['colcon_pkg']
[0.678s] Level 1:colcon.colcon_core.package_identification:_identify(src/robot_arm_description) by extension 'colcon_pkg'
[0.678s] Level 1:colcon.colcon_core.package_identification:_identify(src/robot_arm_description) by extensions ['colcon_meta']
[0.678s] Level 1:colcon.colcon_core.package_identification:_identify(src/robot_arm_description) by extension 'colcon_meta'
[0.678s] Level 1:colcon.colcon_core.package_identification:_identify(src/robot_arm_description) by extensions ['ros']
[0.678s] Level 1:colcon.colcon_core.package_identification:_identify(src/robot_arm_description) by extension 'ros'
[0.679s] DEBUG:colcon.colcon_core.package_identification:Package 'src/robot_arm_description' with type 'ros.ament_cmake' and name 'robot_arm_description'
[0.680s] Level 1:colcon.colcon_core.package_identification:_identify(src/robot_arm_gazebo) by extensions ['ignore', 'ignore_ament_install']
[0.680s] Level 1:colcon.colcon_core.package_identification:_identify(src/robot_arm_gazebo) by extension 'ignore'
[0.680s] Level 1:colcon.colcon_core.package_identification:_identify(src/robot_arm_gazebo) by extension 'ignore_ament_install'
[0.680s] Level 1:colcon.colcon_core.package_identification:_identify(src/robot_arm_gazebo) by extensions ['colcon_pkg']
[0.680s] Level 1:colcon.colcon_core.package_identification:_identify(src/robot_arm_gazebo) by extension 'colcon_pkg'
[0.680s] Level 1:colcon.colcon_core.package_identification:_identify(src/robot_arm_gazebo) by extensions ['colcon_meta']
[0.680s] Level 1:colcon.colcon_core.package_identification:_identify(src/robot_arm_gazebo) by extension 'colcon_meta'
[0.680s] Level 1:colcon.colcon_core.package_identification:_identify(src/robot_arm_gazebo) by extensions ['ros']
[0.680s] Level 1:colcon.colcon_core.package_identification:_identify(src/robot_arm_gazebo) by extension 'ros'
[0.681s] DEBUG:colcon.colcon_core.package_identification:Package 'src/robot_arm_gazebo' with type 'ros.ament_cmake' and name 'robot_arm_gazebo'
[0.681s] Level 1:colcon.colcon_core.package_discovery:discover_packages(recursive) using defaults
[0.681s] Level 1:colcon.colcon_core.package_discovery:discover_packages(ignore) discover
[0.681s] Level 1:colcon.colcon_core.package_discovery:discover_packages(ignore) using defaults
[0.681s] Level 1:colcon.colcon_core.package_discovery:discover_packages(path) discover
[0.681s] Level 1:colcon.colcon_core.package_discovery:discover_packages(path) using defaults
[0.744s] INFO:colcon.colcon_core.package_selection:Skipping not selected package 'robot_arm_control' in 'src/robot_arm_control'
[0.744s] INFO:colcon.colcon_core.package_selection:Skipping not selected package 'robot_arm_description' in 'src/robot_arm_description'
[0.744s] INFO:colcon.colcon_core.package_selection:Skipping not selected package 'gazebo_ros2_control_demos' in 'src/gazebo_ros2_control/gazebo_ros2_control_demos'
[0.744s] INFO:colcon.colcon_core.package_selection:Skipping not selected package 'robot_arm_gazebo' in 'src/robot_arm_gazebo'
[0.744s] INFO:colcon.colcon_core.package_selection:Skipping not selected package 'robot_arm_bringup' in 'src/robot_arm_bringup'
[0.745s] Level 1:colcon.colcon_core.package_discovery:discover_packages(prefix_path) check parameters
[0.745s] Level 1:colcon.colcon_core.package_discovery:discover_packages(prefix_path) discover
[0.762s] DEBUG:colcon.colcon_installed_package_information.package_discovery:Found 347 installed packages in /home/mustafacil/ros2_humble/install
[0.765s] DEBUG:colcon.colcon_installed_package_information.package_discovery:Found 172 installed packages in /opt/ros/humble
[0.769s] Level 1:colcon.colcon_core.package_discovery:discover_packages(prefix_path) using defaults
[0.813s] Level 5:colcon.colcon_core.verb:set package 'gazebo_ros2_control' build argument 'cmake_args' from command line to 'None'
[0.814s] Level 5:colcon.colcon_core.verb:set package 'gazebo_ros2_control' build argument 'cmake_target' from command line to 'None'
[0.814s] Level 5:colcon.colcon_core.verb:set package 'gazebo_ros2_control' build argument 'cmake_target_skip_unavailable' from command line to 'False'
[0.814s] Level 5:colcon.colcon_core.verb:set package 'gazebo_ros2_control' build argument 'cmake_clean_cache' from command line to 'False'
[0.814s] Level 5:colcon.colcon_core.verb:set package 'gazebo_ros2_control' build argument 'cmake_clean_first' from command line to 'False'
[0.814s] Level 5:colcon.colcon_core.verb:set package 'gazebo_ros2_control' build argument 'cmake_force_configure' from command line to 'False'
[0.814s] Level 5:colcon.colcon_core.verb:set package 'gazebo_ros2_control' build argument 'ament_cmake_args' from command line to 'None'
[0.814s] Level 5:colcon.colcon_core.verb:set package 'gazebo_ros2_control' build argument 'catkin_cmake_args' from command line to 'None'
[0.815s] Level 5:colcon.colcon_core.verb:set package 'gazebo_ros2_control' build argument 'catkin_skip_building_tests' from command line to 'False'
[0.815s] DEBUG:colcon.colcon_core.verb:Building package 'gazebo_ros2_control' with the following arguments: {'ament_cmake_args': None, 'build_base': '/home/mustafacil/Desktop/Digital-Twin/build/gazebo_ros2_control', 'catkin_cmake_args': None, 'catkin_skip_building_tests': False, 'cmake_args': None, 'cmake_clean_cache': False, 'cmake_clean_first': False, 'cmake_force_configure': False, 'cmake_target': None, 'cmake_target_skip_unavailable': False, 'install_base': '/home/mustafacil/Desktop/Digital-Twin/install/gazebo_ros2_control', 'merge_install': False, 'path': '/home/mustafacil/Desktop/Digital-Twin/src/gazebo_ros2_control/gazebo_ros2_control', 'symlink_install': True, 'test_result_base': None}
[0.815s] INFO:colcon.colcon_core.executor:Executing jobs using 'parallel' executor
[0.817s] DEBUG:colcon.colcon_parallel_executor.executor.parallel:run_until_complete
[0.818s] INFO:colcon.colcon_ros.task.ament_cmake.build:Building ROS package in '/home/mustafacil/Desktop/Digital-Twin/src/gazebo_ros2_control/gazebo_ros2_control' with build type 'ament_cmake'
[0.818s] INFO:colcon.colcon_cmake.task.cmake.build:Building CMake package in '/home/mustafacil/Desktop/Digital-Twin/src/gazebo_ros2_control/gazebo_ros2_control'
[0.825s] INFO:colcon.colcon_core.plugin_system:Skipping extension 'colcon_core.shell.bat': Not used on non-Windows systems
[0.826s] INFO:colcon.colcon_core.shell:Skip shell extension 'powershell' for command environment: Not usable outside of PowerShell
[0.826s] DEBUG:colcon.colcon_core.shell:Skip shell extension 'dsv' for command environment
[0.878s] DEBUG:colcon.colcon_core.event_handler.log_command:Invoking command in '/home/mustafacil/Desktop/Digital-Twin/build/gazebo_ros2_control': CMAKE_PREFIX_PATH=${CMAKE_PREFIX_PATH}:/home/mustafacil/ros2_humble/install/rqt_bag_plugins:/home/mustafacil/ros2_humble/install/rqt_bag:/home/mustafacil/ros2_humble/install/launch_testing_examples:/home/mustafacil/ros2_humble/install/ros2bag:/home/mustafacil/ros2_humble/install/tracetools_test:/home/mustafacil/ros2_humble/install/tracetools_launch:/home/mustafacil/ros2_humble/install/topic_monitor:/home/mustafacil/ros2_humble/install/tf2_tools:/home/mustafacil/ros2_humble/install/examples_tf2_py:/home/mustafacil/ros2_humble/install/tf2_ros_py:/home/mustafacil/ros2_humble/install/sros2:/home/mustafacil/ros2_humble/install/rqt_topic:/home/mustafacil/ros2_humble/install/rqt_srv:/home/mustafacil/ros2_humble/install/rqt_shell:/home/mustafacil/ros2_humble/install/rqt_service_caller:/home/mustafacil/ros2_humble/install/rqt_reconfigure:/home/mustafacil/ros2_humble/install/rqt_py_console:/home/mustafacil/ros2_humble/install/rqt_publisher:/home/mustafacil/ros2_humble/install/rqt_plot:/home/mustafacil/ros2_humble/install/rqt_action:/home/mustafacil/ros2_humble/install/rqt_msg:/home/mustafacil/ros2_humble/install/rqt_console:/home/mustafacil/ros2_humble/install/rqt:/home/mustafacil/ros2_humble/install/rqt_graph:/home/mustafacil/ros2_humble/install/rqt_gui_py:/home/mustafacil/ros2_humble/install/rqt_gui:/home/mustafacil/ros2_humble/install/ros2trace:/home/mustafacil/ros2_humble/install/ros2topic:/home/mustafacil/ros2_humble/install/ros2test:/home/mustafacil/ros2_humble/install/ros2component:/home/mustafacil/ros2_humble/install/ros2param:/home/mustafacil/ros2_humble/install/ros2lifecycle:/home/mustafacil/ros2_humble/install/ros2service:/home/mustafacil/ros2_humble/install/ros2run:/home/mustafacil/ros2_humble/install/ros2plugin:/home/mustafacil/ros2_humble/install/ros2launch:/home/mustafacil/ros2_humble/install/ros2pkg:/home/mustafacil/ros2_humble/install/ros2node:/home/mustafacil/ros2_humble/install/ros2multicast:/home/mustafacil/ros2_humble/install/ros2interface:/home/mustafacil/ros2_humble/install/ros2doctor:/home/mustafacil/ros2_humble/install/ros2action:/home/mustafacil/ros2_humble/install/ros2cli:/home/mustafacil/ros2_humble/install/quality_of_service_demo_py:/home/mustafacil/ros2_humble/install/lifecycle_py:/home/mustafacil/ros2_humble/install/launch_testing_ros:/home/mustafacil/ros2_humble/install/launch_ros:/home/mustafacil/ros2_humble/install/examples_rclpy_pointcloud_publisher:/home/mustafacil/ros2_humble/install/examples_rclpy_minimal_subscriber:/home/mustafacil/ros2_humble/install/examples_rclpy_minimal_service:/home/mustafacil/ros2_humble/install/examples_rclpy_minimal_publisher:/home/mustafacil/ros2_humble/install/examples_rclpy_minimal_client:/home/mustafacil/ros2_humble/install/examples_rclpy_minimal_action_server:/home/mustafacil/ros2_humble/install/examples_rclpy_minimal_action_client:/home/mustafacil/ros2_humble/install/examples_rclpy_guard_conditions:/home/mustafacil/ros2_humble/install/examples_rclpy_executors:/home/mustafacil/ros2_humble/install/demo_nodes_py:/home/mustafacil/ros2_humble/install/camera_info_manager_py:/home/mustafacil/ros2_humble/install/action_tutorials_py:/home/mustafacil/ros2_humble/install/ament_uncrustify:/home/mustafacil/ros2_humble/install/tracetools_trace:/home/mustafacil/ros2_humble/install/tracetools_read:/home/mustafacil/ros2_humble/install/test_tracetools_launch:/home/mustafacil/ros2_humble/install/test_launch_ros:/home/mustafacil/ros2_humble/install/sensor_msgs_py:/home/mustafacil/ros2_humble/install/rpyutils:/home/mustafacil/ros2_humble/install/rosidl_runtime_py:/home/mustafacil/ros2_humble/install/rosidl_cli:/home/mustafacil/ros2_humble/install/launch_pytest:/home/mustafacil/ros2_humble/install/launch_testing:/home/mustafacil/ros2_humble/install/launch_yaml:/home/mustafacil/ros2_humble/install/launch_xml:/home/mustafacil/ros2_humble/install/launch:/home/mustafacil/ros2_humble/install/osrf_pycommon:/home/mustafacil/ros2_humble/install/domain_coordinator:/home/mustafacil/ros2_humble/install/ament_xmllint:/home/mustafacil/ros2_humble/install/ament_pyflakes:/home/mustafacil/ros2_humble/install/ament_pycodestyle:/home/mustafacil/ros2_humble/install/ament_pep257:/home/mustafacil/ros2_humble/install/ament_pclint:/home/mustafacil/ros2_humble/install/ament_package:/home/mustafacil/ros2_humble/install/ament_mypy:/home/mustafacil/ros2_humble/install/ament_lint_cmake:/home/mustafacil/ros2_humble/install/ament_flake8:/home/mustafacil/ros2_humble/install/ament_copyright:/home/mustafacil/ros2_humble/install/ament_lint:/home/mustafacil/ros2_humble/install/ament_index_python:/home/mustafacil/ros2_humble/install/ament_cpplint:/home/mustafacil/ros2_humble/install/ament_cppcheck:/home/mustafacil/ros2_humble/install/ament_clang_tidy:/home/mustafacil/ros2_humble/install/ament_clang_format:/opt/ros/humble /usr/bin/cmake --build /home/mustafacil/Desktop/Digital-Twin/build/gazebo_ros2_control -- -j6 -l6
[18.599s] DEBUG:colcon.colcon_core.event_handler.log_command:Invoked command in '/home/mustafacil/Desktop/Digital-Twin/build/gazebo_ros2_control' returned '0': CMAKE_PREFIX_PATH=${CMAKE_PREFIX_PATH}:/home/mustafacil/ros2_humble/install/rqt_bag_plugins:/home/mustafacil/ros2_humble/install/rqt_bag:/home/mustafacil/ros2_humble/install/launch_testing_examples:/home/mustafacil/ros2_humble/install/ros2bag:/home/mustafacil/ros2_humble/install/tracetools_test:/home/mustafacil/ros2_humble/install/tracetools_launch:/home/mustafacil/ros2_humble/install/topic_monitor:/home/mustafacil/ros2_humble/install/tf2_tools:/home/mustafacil/ros2_humble/install/examples_tf2_py:/home/mustafacil/ros2_humble/install/tf2_ros_py:/home/mustafacil/ros2_humble/install/sros2:/home/mustafacil/ros2_humble/install/rqt_topic:/home/mustafacil/ros2_humble/install/rqt_srv:/home/mustafacil/ros2_humble/install/rqt_shell:/home/mustafacil/ros2_humble/install/rqt_service_caller:/home/mustafacil/ros2_humble/install/rqt_reconfigure:/home/mustafacil/ros2_humble/install/rqt_py_console:/home/mustafacil/ros2_humble/install/rqt_publisher:/home/mustafacil/ros2_humble/install/rqt_plot:/home/mustafacil/ros2_humble/install/rqt_action:/home/mustafacil/ros2_humble/install/rqt_msg:/home/mustafacil/ros2_humble/install/rqt_console:/home/mustafacil/ros2_humble/install/rqt:/home/mustafacil/ros2_humble/install/rqt_graph:/home/mustafacil/ros2_humble/install/rqt_gui_py:/home/mustafacil/ros2_humble/install/rqt_gui:/home/mustafacil/ros2_humble/install/ros2trace:/home/mustafacil/ros2_humble/install/ros2topic:/home/mustafacil/ros2_humble/install/ros2test:/home/mustafacil/ros2_humble/install/ros2component:/home/mustafacil/ros2_humble/install/ros2param:/home/mustafacil/ros2_humble/install/ros2lifecycle:/home/mustafacil/ros2_humble/install/ros2service:/home/mustafacil/ros2_humble/install/ros2run:/home/mustafacil/ros2_humble/install/ros2plugin:/home/mustafacil/ros2_humble/install/ros2launch:/home/mustafacil/ros2_humble/install/ros2pkg:/home/mustafacil/ros2_humble/install/ros2node:/home/mustafacil/ros2_humble/install/ros2multicast:/home/mustafacil/ros2_humble/install/ros2interface:/home/mustafacil/ros2_humble/install/ros2doctor:/home/mustafacil/ros2_humble/install/ros2action:/home/mustafacil/ros2_humble/install/ros2cli:/home/mustafacil/ros2_humble/install/quality_of_service_demo_py:/home/mustafacil/ros2_humble/install/lifecycle_py:/home/mustafacil/ros2_humble/install/launch_testing_ros:/home/mustafacil/ros2_humble/install/launch_ros:/home/mustafacil/ros2_humble/install/examples_rclpy_pointcloud_publisher:/home/mustafacil/ros2_humble/install/examples_rclpy_minimal_subscriber:/home/mustafacil/ros2_humble/install/examples_rclpy_minimal_service:/home/mustafacil/ros2_humble/install/examples_rclpy_minimal_publisher:/home/mustafacil/ros2_humble/install/examples_rclpy_minimal_client:/home/mustafacil/ros2_humble/install/examples_rclpy_minimal_action_server:/home/mustafacil/ros2_humble/install/examples_rclpy_minimal_action_client:/home/mustafacil/ros2_humble/install/examples_rclpy_guard_conditions:/home/mustafacil/ros2_humble/install/examples_rclpy_executors:/home/mustafacil/ros2_humble/install/demo_nodes_py:/home/mustafacil/ros2_humble/install/camera_info_manager_py:/home/mustafacil/ros2_humble/install/action_tutorials_py:/home/mustafacil/ros2_humble/install/ament_uncrustify:/home/mustafacil/ros2_humble/install/tracetools_trace:/home/mustafacil/ros2_humble/install/tracetools_read:/home/mustafacil/ros2_humble/install/test_tracetools_launch:/home/mustafacil/ros2_humble/install/test_launch_ros:/home/mustafacil/ros2_humble/install/sensor_msgs_py:/home/mustafacil/ros2_humble/install/rpyutils:/home/mustafacil/ros2_humble/install/rosidl_runtime_py:/home/mustafacil/ros2_humble/install/rosidl_cli:/home/mustafacil/ros2_humble/install/launch_pytest:/home/mustafacil/ros2_humble/install/launch_testing:/home/mustafacil/ros2_humble/install/launch_yaml:/home/mustafacil/ros2_humble/install/launch_xml:/home/mustafacil/ros2_humble/install/launch:/home/mustafacil/ros2_humble/install/osrf_pycommon:/home/mustafacil/ros2_humble/install/domain_coordinator:/home/mustafacil/ros2_humble/install/ament_xmllint:/home/mustafacil/ros2_humble/install/ament_pyflakes:/home/mustafacil/ros2_humble/install/ament_pycodestyle:/home/mustafacil/ros2_humble/install/ament_pep257:/home/mustafacil/ros2_humble/install/ament_pclint:/home/mustafacil/ros2_humble/install/ament_package:/home/mustafacil/ros2_humble/install/ament_mypy:/home/mustafacil/ros2_humble/install/ament_lint_cmake:/home/mustafacil/ros2_humble/install/ament_flake8:/home/mustafacil/ros2_humble/install/ament_copyright:/home/mustafacil/ros2_humble/install/ament_lint:/home/mustafacil/ros2_humble/install/ament_index_python:/home/mustafacil/ros2_humble/install/ament_cpplint:/home/mustafacil/ros2_humble/install/ament_cppcheck:/home/mustafacil/ros2_humble/install/ament_clang_tidy:/home/mustafacil/ros2_humble/install/ament_clang_format:/opt/ros/humble /usr/bin/cmake --build /home/mustafacil/Desktop/Digital-Twin/build/gazebo_ros2_control -- -j6 -l6
[18.627s] DEBUG:colcon.colcon_core.event_handler.log_command:Invoking command in '/home/mustafacil/Desktop/Digital-Twin/build/gazebo_ros2_control': CMAKE_PREFIX_PATH=${CMAKE_PREFIX_PATH}:/home/mustafacil/ros2_humble/install/rqt_bag_plugins:/home/mustafacil/ros2_humble/install/rqt_bag:/home/mustafacil/ros2_humble/install/launch_testing_examples:/home/mustafacil/ros2_humble/install/ros2bag:/home/mustafacil/ros2_humble/install/tracetools_test:/home/mustafacil/ros2_humble/install/tracetools_launch:/home/mustafacil/ros2_humble/install/topic_monitor:/home/mustafacil/ros2_humble/install/tf2_tools:/home/mustafacil/ros2_humble/install/examples_tf2_py:/home/mustafacil/ros2_humble/install/tf2_ros_py:/home/mustafacil/ros2_humble/install/sros2:/home/mustafacil/ros2_humble/install/rqt_topic:/home/mustafacil/ros2_humble/install/rqt_srv:/home/mustafacil/ros2_humble/install/rqt_shell:/home/mustafacil/ros2_humble/install/rqt_service_caller:/home/mustafacil/ros2_humble/install/rqt_reconfigure:/home/mustafacil/ros2_humble/install/rqt_py_console:/home/mustafacil/ros2_humble/install/rqt_publisher:/home/mustafacil/ros2_humble/install/rqt_plot:/home/mustafacil/ros2_humble/install/rqt_action:/home/mustafacil/ros2_humble/install/rqt_msg:/home/mustafacil/ros2_humble/install/rqt_console:/home/mustafacil/ros2_humble/install/rqt:/home/mustafacil/ros2_humble/install/rqt_graph:/home/mustafacil/ros2_humble/install/rqt_gui_py:/home/mustafacil/ros2_humble/install/rqt_gui:/home/mustafacil/ros2_humble/install/ros2trace:/home/mustafacil/ros2_humble/install/ros2topic:/home/mustafacil/ros2_humble/install/ros2test:/home/mustafacil/ros2_humble/install/ros2component:/home/mustafacil/ros2_humble/install/ros2param:/home/mustafacil/ros2_humble/install/ros2lifecycle:/home/mustafacil/ros2_humble/install/ros2service:/home/mustafacil/ros2_humble/install/ros2run:/home/mustafacil/ros2_humble/install/ros2plugin:/home/mustafacil/ros2_humble/install/ros2launch:/home/mustafacil/ros2_humble/install/ros2pkg:/home/mustafacil/ros2_humble/install/ros2node:/home/mustafacil/ros2_humble/install/ros2multicast:/home/mustafacil/ros2_humble/install/ros2interface:/home/mustafacil/ros2_humble/install/ros2doctor:/home/mustafacil/ros2_humble/install/ros2action:/home/mustafacil/ros2_humble/install/ros2cli:/home/mustafacil/ros2_humble/install/quality_of_service_demo_py:/home/mustafacil/ros2_humble/install/lifecycle_py:/home/mustafacil/ros2_humble/install/launch_testing_ros:/home/mustafacil/ros2_humble/install/launch_ros:/home/mustafacil/ros2_humble/install/examples_rclpy_pointcloud_publisher:/home/mustafacil/ros2_humble/install/examples_rclpy_minimal_subscriber:/home/mustafacil/ros2_humble/install/examples_rclpy_minimal_service:/home/mustafacil/ros2_humble/install/examples_rclpy_minimal_publisher:/home/mustafacil/ros2_humble/install/examples_rclpy_minimal_client:/home/mustafacil/ros2_humble/install/examples_rclpy_minimal_action_server:/home/mustafacil/ros2_humble/install/examples_rclpy_minimal_action_client:/home/mustafacil/ros2_humble/install/examples_rclpy_guard_conditions:/home/mustafacil/ros2_humble/install/examples_rclpy_executors:/home/mustafacil/ros2_humble/install/demo_nodes_py:/home/mustafacil/ros2_humble/install/camera_info_manager_py:/home/mustafacil/ros2_humble/install/action_tutorials_py:/home/mustafacil/ros2_humble/install/ament_uncrustify:/home/mustafacil/ros2_humble/install/tracetools_trace:/home/mustafacil/ros2_humble/install/tracetools_read:/home/mustafacil/ros2_humble/install/test_tracetools_launch:/home/mustafacil/ros2_humble/install/test_launch_ros:/home/mustafacil/ros2_humble/install/sensor_msgs_py:/home/mustafacil/ros2_humble/install/rpyutils:/home/mustafacil/ros2_humble/install/rosidl_runtime_py:/home/mustafacil/ros2_humble/install/rosidl_cli:/home/mustafacil/ros2_humble/install/launch_pytest:/home/mustafacil/ros2_humble/install/launch_testing:/home/mustafacil/ros2_humble/install/launch_yaml:/home/mustafacil/ros2_humble/install/launch_xml:/home/mustafacil/ros2_humble/install/launch:/home/mustafacil/ros2_humble/install/osrf_pycommon:/home/mustafacil/ros2_humble/install/domain_coordinator:/home/mustafacil/ros2_humble/install/ament_xmllint:/home/mustafacil/ros2_humble/install/ament_pyflakes:/home/mustafacil/ros2_humble/install/ament_pycodestyle:/home/mustafacil/ros2_humble/install/ament_pep257:/home/mustafacil/ros2_humble/install/ament_pclint:/home/mustafacil/ros2_humble/install/ament_package:/home/mustafacil/ros2_humble/install/ament_mypy:/home/mustafacil/ros2_humble/install/ament_lint_cmake:/home/mustafacil/ros2_humble/install/ament_flake8:/home/mustafacil/ros2_humble/install/ament_copyright:/home/mustafacil/ros2_humble/install/ament_lint:/home/mustafacil/ros2_humble/install/ament_index_python:/home/mustafacil/ros2_humble/install/ament_cpplint:/home/mustafacil/ros2_humble/install/ament_cppcheck:/home/mustafacil/ros2_humble/install/ament_clang_tidy:/home/mustafacil/ros2_humble/install/ament_clang_format:/opt/ros/humble /usr/bin/cmake --install /home/mustafacil/Desktop/Digital-Twin/build/gazebo_ros2_control
[18.696s] Level 1:colcon.colcon_core.environment:create_environment_scripts_only(gazebo_ros2_control)
[18.705s] DEBUG:colcon.colcon_core.event_handler.log_command:Invoked command in '/home/mustafacil/Desktop/Digital-Twin/build/gazebo_ros2_control' returned '0': CMAKE_PREFIX_PATH=${CMAKE_PREFIX_PATH}:/home/mustafacil/ros2_humble/install/rqt_bag_plugins:/home/mustafacil/ros2_humble/install/rqt_bag:/home/mustafacil/ros2_humble/install/launch_testing_examples:/home/mustafacil/ros2_humble/install/ros2bag:/home/mustafacil/ros2_humble/install/tracetools_test:/home/mustafacil/ros2_humble/install/tracetools_launch:/home/mustafacil/ros2_humble/install/topic_monitor:/home/mustafacil/ros2_humble/install/tf2_tools:/home/mustafacil/ros2_humble/install/examples_tf2_py:/home/mustafacil/ros2_humble/install/tf2_ros_py:/home/mustafacil/ros2_humble/install/sros2:/home/mustafacil/ros2_humble/install/rqt_topic:/home/mustafacil/ros2_humble/install/rqt_srv:/home/mustafacil/ros2_humble/install/rqt_shell:/home/mustafacil/ros2_humble/install/rqt_service_caller:/home/mustafacil/ros2_humble/install/rqt_reconfigure:/home/mustafacil/ros2_humble/install/rqt_py_console:/home/mustafacil/ros2_humble/install/rqt_publisher:/home/mustafacil/ros2_humble/install/rqt_plot:/home/mustafacil/ros2_humble/install/rqt_action:/home/mustafacil/ros2_humble/install/rqt_msg:/home/mustafacil/ros2_humble/install/rqt_console:/home/mustafacil/ros2_humble/install/rqt:/home/mustafacil/ros2_humble/install/rqt_graph:/home/mustafacil/ros2_humble/install/rqt_gui_py:/home/mustafacil/ros2_humble/install/rqt_gui:/home/mustafacil/ros2_humble/install/ros2trace:/home/mustafacil/ros2_humble/install/ros2topic:/home/mustafacil/ros2_humble/install/ros2test:/home/mustafacil/ros2_humble/install/ros2component:/home/mustafacil/ros2_humble/install/ros2param:/home/mustafacil/ros2_humble/install/ros2lifecycle:/home/mustafacil/ros2_humble/install/ros2service:/home/mustafacil/ros2_humble/install/ros2run:/home/mustafacil/ros2_humble/install/ros2plugin:/home/mustafacil/ros2_humble/install/ros2launch:/home/mustafacil/ros2_humble/install/ros2pkg:/home/mustafacil/ros2_humble/install/ros2node:/home/mustafacil/ros2_humble/install/ros2multicast:/home/mustafacil/ros2_humble/install/ros2interface:/home/mustafacil/ros2_humble/install/ros2doctor:/home/mustafacil/ros2_humble/install/ros2action:/home/mustafacil/ros2_humble/install/ros2cli:/home/mustafacil/ros2_humble/install/quality_of_service_demo_py:/home/mustafacil/ros2_humble/install/lifecycle_py:/home/mustafacil/ros2_humble/install/launch_testing_ros:/home/mustafacil/ros2_humble/install/launch_ros:/home/mustafacil/ros2_humble/install/examples_rclpy_pointcloud_publisher:/home/mustafacil/ros2_humble/install/examples_rclpy_minimal_subscriber:/home/mustafacil/ros2_humble/install/examples_rclpy_minimal_service:/home/mustafacil/ros2_humble/install/examples_rclpy_minimal_publisher:/home/mustafacil/ros2_humble/install/examples_rclpy_minimal_client:/home/mustafacil/ros2_humble/install/examples_rclpy_minimal_action_server:/home/mustafacil/ros2_humble/install/examples_rclpy_minimal_action_client:/home/mustafacil/ros2_humble/install/examples_rclpy_guard_conditions:/home/mustafacil/ros2_humble/install/examples_rclpy_executors:/home/mustafacil/ros2_humble/install/demo_nodes_py:/home/mustafacil/ros2_humble/install/camera_info_manager_py:/home/mustafacil/ros2_humble/install/action_tutorials_py:/home/mustafacil/ros2_humble/install/ament_uncrustify:/home/mustafacil/ros2_humble/install/tracetools_trace:/home/mustafacil/ros2_humble/install/tracetools_read:/home/mustafacil/ros2_humble/install/test_tracetools_launch:/home/mustafacil/ros2_humble/install/test_launch_ros:/home/mustafacil/ros2_humble/install/sensor_msgs_py:/home/mustafacil/ros2_humble/install/rpyutils:/home/mustafacil/ros2_humble/install/rosidl_runtime_py:/home/mustafacil/ros2_humble/install/rosidl_cli:/home/mustafacil/ros2_humble/install/launch_pytest:/home/mustafacil/ros2_humble/install/launch_testing:/home/mustafacil/ros2_humble/install/launch_yaml:/home/mustafacil/ros2_humble/install/launch_xml:/home/mustafacil/ros2_humble/install/launch:/home/mustafacil/ros2_humble/install/osrf_pycommon:/home/mustafacil/ros2_humble/install/domain_coordinator:/home/mustafacil/ros2_humble/install/ament_xmllint:/home/mustafacil/ros2_humble/install/ament_pyflakes:/home/mustafacil/ros2_humble/install/ament_pycodestyle:/home/mustafacil/ros2_humble/install/ament_pep257:/home/mustafacil/ros2_humble/install/ament_pclint:/home/mustafacil/ros2_humble/install/ament_package:/home/mustafacil/ros2_humble/install/ament_mypy:/home/mustafacil/ros2_humble/install/ament_lint_cmake:/home/mustafacil/ros2_humble/install/ament_flake8:/home/mustafacil/ros2_humble/install/ament_copyright:/home/mustafacil/ros2_humble/install/ament_lint:/home/mustafacil/ros2_humble/install/ament_index_python:/home/mustafacil/ros2_humble/install/ament_cpplint:/home/mustafacil/ros2_humble/install/ament_cppcheck:/home/mustafacil/ros2_humble/install/ament_clang_tidy:/home/mustafacil/ros2_humble/install/ament_clang_format:/opt/ros/humble /usr/bin/cmake --install /home/mustafacil/Desktop/Digital-Twin/build/gazebo_ros2_control
[18.710s] Level 1:colcon.colcon_core.environment:checking '/home/mustafacil/Desktop/Digital-Twin/install/gazebo_ros2_control' for CMake module files
[18.710s] Level 1:colcon.colcon_core.environment:checking '/home/mustafacil/Desktop/Digital-Twin/install/gazebo_ros2_control' for CMake config files
[18.711s] Level 1:colcon.colcon_core.shell:create_environment_hook('gazebo_ros2_control', 'cmake_prefix_path')
[18.711s] INFO:colcon.colcon_core.shell:Creating environment hook '/home/mustafacil/Desktop/Digital-Twin/install/gazebo_ros2_control/share/gazebo_ros2_control/hook/cmake_prefix_path.ps1'
[18.712s] INFO:colcon.colcon_core.shell:Creating environment descriptor '/home/mustafacil/Desktop/Digital-Twin/install/gazebo_ros2_control/share/gazebo_ros2_control/hook/cmake_prefix_path.dsv'
[18.713s] INFO:colcon.colcon_core.shell:Creating environment hook '/home/mustafacil/Desktop/Digital-Twin/install/gazebo_ros2_control/share/gazebo_ros2_control/hook/cmake_prefix_path.sh'
[18.714s] Level 1:colcon.colcon_core.environment:checking '/home/mustafacil/Desktop/Digital-Twin/install/gazebo_ros2_control/lib'
[18.714s] Level 1:colcon.colcon_core.shell:create_environment_hook('gazebo_ros2_control', 'ld_library_path_lib')
[18.715s] INFO:colcon.colcon_core.shell:Creating environment hook '/home/mustafacil/Desktop/Digital-Twin/install/gazebo_ros2_control/share/gazebo_ros2_control/hook/ld_library_path_lib.ps1'
[18.716s] INFO:colcon.colcon_core.shell:Creating environment descriptor '/home/mustafacil/Desktop/Digital-Twin/install/gazebo_ros2_control/share/gazebo_ros2_control/hook/ld_library_path_lib.dsv'
[18.717s] INFO:colcon.colcon_core.shell:Creating environment hook '/home/mustafacil/Desktop/Digital-Twin/install/gazebo_ros2_control/share/gazebo_ros2_control/hook/ld_library_path_lib.sh'
[18.717s] Level 1:colcon.colcon_core.environment:checking '/home/mustafacil/Desktop/Digital-Twin/install/gazebo_ros2_control/bin'
[18.717s] Level 1:colcon.colcon_core.environment:checking '/home/mustafacil/Desktop/Digital-Twin/install/gazebo_ros2_control/lib/pkgconfig/gazebo_ros2_control.pc'
[18.717s] Level 1:colcon.colcon_core.environment:checking '/home/mustafacil/Desktop/Digital-Twin/install/gazebo_ros2_control/lib/python3.10/site-packages'
[18.722s] Level 1:colcon.colcon_core.environment:checking '/home/mustafacil/Desktop/Digital-Twin/install/gazebo_ros2_control/bin'
[18.723s] INFO:colcon.colcon_core.shell:Creating package script '/home/mustafacil/Desktop/Digital-Twin/install/gazebo_ros2_control/share/gazebo_ros2_control/package.ps1'
[18.725s] INFO:colcon.colcon_core.shell:Creating package descriptor '/home/mustafacil/Desktop/Digital-Twin/install/gazebo_ros2_control/share/gazebo_ros2_control/package.dsv'
[18.726s] INFO:colcon.colcon_core.shell:Creating package script '/home/mustafacil/Desktop/Digital-Twin/install/gazebo_ros2_control/share/gazebo_ros2_control/package.sh'
[18.727s] INFO:colcon.colcon_core.shell:Creating package script '/home/mustafacil/Desktop/Digital-Twin/install/gazebo_ros2_control/share/gazebo_ros2_control/package.bash'
[18.728s] INFO:colcon.colcon_core.shell:Creating package script '/home/mustafacil/Desktop/Digital-Twin/install/gazebo_ros2_control/share/gazebo_ros2_control/package.zsh'
[18.729s] Level 1:colcon.colcon_core.environment:create_file_with_runtime_dependencies(/home/mustafacil/Desktop/Digital-Twin/install/gazebo_ros2_control/share/colcon-core/packages/gazebo_ros2_control)
[18.730s] Level 1:colcon.colcon_core.environment:create_environment_scripts_only(gazebo_ros2_control)
[18.730s] Level 1:colcon.colcon_core.environment:checking '/home/mustafacil/Desktop/Digital-Twin/install/gazebo_ros2_control' for CMake module files
[18.731s] Level 1:colcon.colcon_core.environment:checking '/home/mustafacil/Desktop/Digital-Twin/install/gazebo_ros2_control' for CMake config files
[18.734s] Level 1:colcon.colcon_core.shell:create_environment_hook('gazebo_ros2_control', 'cmake_prefix_path')
[18.735s] INFO:colcon.colcon_core.shell:Creating environment hook '/home/mustafacil/Desktop/Digital-Twin/install/gazebo_ros2_control/share/gazebo_ros2_control/hook/cmake_prefix_path.ps1'
[18.737s] INFO:colcon.colcon_core.shell:Creating environment descriptor '/home/mustafacil/Desktop/Digital-Twin/install/gazebo_ros2_control/share/gazebo_ros2_control/hook/cmake_prefix_path.dsv'
[18.739s] INFO:colcon.colcon_core.shell:Creating environment hook '/home/mustafacil/Desktop/Digital-Twin/install/gazebo_ros2_control/share/gazebo_ros2_control/hook/cmake_prefix_path.sh'
[18.741s] Level 1:colcon.colcon_core.environment:checking '/home/mustafacil/Desktop/Digital-Twin/install/gazebo_ros2_control/lib'
[18.741s] Level 1:colcon.colcon_core.shell:create_environment_hook('gazebo_ros2_control', 'ld_library_path_lib')
[18.741s] INFO:colcon.colcon_core.shell:Creating environment hook '/home/mustafacil/Desktop/Digital-Twin/install/gazebo_ros2_control/share/gazebo_ros2_control/hook/ld_library_path_lib.ps1'
[18.742s] INFO:colcon.colcon_core.shell:Creating environment descriptor '/home/mustafacil/Desktop/Digital-Twin/install/gazebo_ros2_control/share/gazebo_ros2_control/hook/ld_library_path_lib.dsv'
[18.742s] INFO:colcon.colcon_core.shell:Creating environment hook '/home/mustafacil/Desktop/Digital-Twin/install/gazebo_ros2_control/share/gazebo_ros2_control/hook/ld_library_path_lib.sh'
[18.743s] Level 1:colcon.colcon_core.environment:checking '/home/mustafacil/Desktop/Digital-Twin/install/gazebo_ros2_control/bin'
[18.743s] Level 1:colcon.colcon_core.environment:checking '/home/mustafacil/Desktop/Digital-Twin/install/gazebo_ros2_control/lib/pkgconfig/gazebo_ros2_control.pc'
[18.743s] Level 1:colcon.colcon_core.environment:checking '/home/mustafacil/Desktop/Digital-Twin/install/gazebo_ros2_control/lib/python3.10/site-packages'
[18.744s] Level 1:colcon.colcon_core.environment:checking '/home/mustafacil/Desktop/Digital-Twin/install/gazebo_ros2_control/bin'
[18.744s] INFO:colcon.colcon_core.shell:Creating package script '/home/mustafacil/Desktop/Digital-Twin/install/gazebo_ros2_control/share/gazebo_ros2_control/package.ps1'
[18.745s] INFO:colcon.colcon_core.shell:Creating package descriptor '/home/mustafacil/Desktop/Digital-Twin/install/gazebo_ros2_control/share/gazebo_ros2_control/package.dsv'
[18.746s] INFO:colcon.colcon_core.shell:Creating package script '/home/mustafacil/Desktop/Digital-Twin/install/gazebo_ros2_control/share/gazebo_ros2_control/package.sh'
[18.747s] INFO:colcon.colcon_core.shell:Creating package script '/home/mustafacil/Desktop/Digital-Twin/install/gazebo_ros2_control/share/gazebo_ros2_control/package.bash'
[18.747s] INFO:colcon.colcon_core.shell:Creating package script '/home/mustafacil/Desktop/Digital-Twin/install/gazebo_ros2_control/share/gazebo_ros2_control/package.zsh'
[18.748s] Level 1:colcon.colcon_core.environment:create_file_with_runtime_dependencies(/home/mustafacil/Desktop/Digital-Twin/install/gazebo_ros2_control/share/colcon-core/packages/gazebo_ros2_control)
[18.749s] DEBUG:colcon.colcon_parallel_executor.executor.parallel:closing loop
[18.749s] DEBUG:colcon.colcon_parallel_executor.executor.parallel:loop closed
[18.749s] DEBUG:colcon.colcon_parallel_executor.executor.parallel:run_until_complete finished with '0'
[18.749s] DEBUG:colcon.colcon_core.event_reactor:joining thread
[18.770s] INFO:colcon.colcon_core.plugin_system:Skipping extension 'colcon_notification.desktop_notification.terminal_notifier': Not used on non-Darwin systems
[18.770s] INFO:colcon.colcon_core.plugin_system:Skipping extension 'colcon_notification.desktop_notification.win32': Not used on non-Windows systems
[18.770s] INFO:colcon.colcon_notification.desktop_notification:Sending desktop notification using 'notify2'
[18.798s] DEBUG:colcon.colcon_core.event_reactor:joined thread
[18.798s] INFO:colcon.colcon_core.shell:Creating prefix script '/home/mustafacil/Desktop/Digital-Twin/install/local_setup.ps1'
[18.804s] INFO:colcon.colcon_core.shell:Creating prefix util module '/home/mustafacil/Desktop/Digital-Twin/install/_local_setup_util_ps1.py'
[18.808s] INFO:colcon.colcon_core.shell:Creating prefix chain script '/home/mustafacil/Desktop/Digital-Twin/install/setup.ps1'
[18.824s] INFO:colcon.colcon_core.shell:Creating prefix script '/home/mustafacil/Desktop/Digital-Twin/install/local_setup.sh'
[18.825s] INFO:colcon.colcon_core.shell:Creating prefix util module '/home/mustafacil/Desktop/Digital-Twin/install/_local_setup_util_sh.py'
[18.828s] INFO:colcon.colcon_core.shell:Creating prefix chain script '/home/mustafacil/Desktop/Digital-Twin/install/setup.sh'
[18.846s] INFO:colcon.colcon_core.shell:Creating prefix script '/home/mustafacil/Desktop/Digital-Twin/install/local_setup.bash'
[18.847s] INFO:colcon.colcon_core.shell:Creating prefix chain script '/home/mustafacil/Desktop/Digital-Twin/install/setup.bash'
[18.864s] INFO:colcon.colcon_core.shell:Creating prefix script '/home/mustafacil/Desktop/Digital-Twin/install/local_setup.zsh'
[18.866s] INFO:colcon.colcon_core.shell:Creating prefix chain script '/home/mustafacil/Desktop/Digital-Twin/install/setup.zsh'
