-- The CXX compiler identification is GNU 11.4.0
-- Detecting CXX compiler ABI info
-- Detecting CXX compiler ABI info - done
-- Check for working CXX compiler: /usr/bin/c++ - skipped
-- Detecting CXX compile features
-- Detecting CXX compile features - done
-- Found ament_cmake: 1.3.12 (/home/mustafacil/ros2_humble/install/ament_cmake/share/ament_cmake/cmake)
-- Found Python3: /usr/bin/python3 (found version "3.10.12") found components: Interpreter 
-- Override CMake install command with custom implementation using symlinks instead of copying resources
-- Found hardware_interface: 2.52.2 (/home/mustafacil/Desktop/Digital-Twin/install/hardware_interface/share/hardware_interface/cmake)
-- Found rosidl_generator_c: 3.1.7 (/home/mustafacil/ros2_humble/install/rosidl_generator_c/share/rosidl_generator_c/cmake)
-- Found rosidl_adapter: 3.1.7 (/home/mustafacil/ros2_humble/install/rosidl_adapter/share/rosidl_adapter/cmake)
-- Found rosidl_generator_cpp: 3.1.7 (/home/mustafacil/ros2_humble/install/rosidl_generator_cpp/share/rosidl_generator_cpp/cmake)
-- Using all available rosidl_typesupport_c: rosidl_typesupport_introspection_c;rosidl_typesupport_fastrtps_c
-- Using all available rosidl_typesupport_cpp: rosidl_typesupport_introspection_cpp;rosidl_typesupport_fastrtps_cpp
-- Found rmw_implementation_cmake: 6.1.2 (/home/mustafacil/ros2_humble/install/rmw_implementation_cmake/share/rmw_implementation_cmake/cmake)
-- Found rmw_fastrtps_cpp: 6.2.9 (/home/mustafacil/ros2_humble/install/rmw_fastrtps_cpp/share/rmw_fastrtps_cpp/cmake)
-- Found TinyXML2 via Config file: TinyXML2_DIR-NOTFOUND
-- Found OpenSSL: /usr/lib/x86_64-linux-gnu/libcrypto.so (found version "3.0.2")  
-- Found TinyXML2 via Config file: TinyXML2_DIR-NOTFOUND
-- Found FastRTPS: /home/mustafacil/ros2_humble/install/fastrtps/include  
-- Found TinyXML2 via Config file: TinyXML2_DIR-NOTFOUND
-- Found TinyXML2 via Config file: TinyXML2_DIR-NOTFOUND
-- Using RMW implementation 'rmw_fastrtps_cpp' as default
-- Looking for C++ include pthread.h
-- Looking for C++ include pthread.h - found
-- Performing Test CMAKE_HAVE_LIBC_PTHREAD
-- Performing Test CMAKE_HAVE_LIBC_PTHREAD - Success
-- Found Threads: TRUE  
-- Found ament_cmake_gmock: 1.3.12 (/home/mustafacil/ros2_humble/install/ament_cmake_gmock/share/ament_cmake_gmock/cmake)
-- Found gmock sources under '/home/mustafacil/ros2_humble/install/gmock_vendor/src/gmock_vendor': C++ tests using 'Google Mock' will be built
-- The C compiler identification is GNU 11.4.0
-- Detecting C compiler ABI info
-- Detecting C compiler ABI info - done
-- Check for working C compiler: /usr/bin/cc - skipped
-- Detecting C compile features
-- Detecting C compile features - done
-- Found ament_cmake_gtest: 1.3.12 (/home/mustafacil/ros2_humble/install/ament_cmake_gtest/share/ament_cmake_gtest/cmake)
-- Found gtest sources under '/home/mustafacil/ros2_humble/install/gtest_vendor/src/gtest_vendor': C++ tests using 'Google Test' will be built
-- Configuring done
-- Generating done
-- Build files have been written to: /home/mustafacil/Desktop/Digital-Twin/build/controller_interface
[  4%] Generating controller_interface/version.h
[  4%] Built target ament_generate_version_header__controller_interface
[  8%] Building CXX object gmock/CMakeFiles/gmock.dir/home/mustafacil/ros2_humble/install/gtest_vendor/src/gtest_vendor/src/gtest-all.cc.o
[ 12%] Building CXX object gmock/CMakeFiles/gmock.dir/src/gmock-all.cc.o
[ 16%] Linking CXX static library libgmock.a
[ 16%] Built target gmock
[ 20%] Building CXX object CMakeFiles/controller_interface.dir/src/controller_interface_base.cpp.o
[ 25%] Building CXX object CMakeFiles/controller_interface.dir/src/chainable_controller_interface.cpp.o
[ 29%] Building CXX object CMakeFiles/controller_interface.dir/src/controller_interface.cpp.o
[ 33%] Linking CXX shared library libcontroller_interface.so
[ 33%] Built target controller_interface
[ 37%] Building CXX object gmock/CMakeFiles/gmock_main.dir/src/gmock_main.cc.o
[ 41%] Linking CXX static library libgmock_main.a
[ 41%] Built target gmock_main
[ 45%] Building CXX object CMakeFiles/test_controller_interface.dir/test/test_controller_interface.cpp.o
[ 50%] Linking CXX executable test_controller_interface
[ 50%] Built target test_controller_interface
[ 54%] Building CXX object CMakeFiles/test_imu_sensor.dir/test/test_imu_sensor.cpp.o
[ 58%] Linking CXX executable test_imu_sensor
[ 58%] Built target test_imu_sensor
[ 62%] Building CXX object CMakeFiles/test_pose_sensor.dir/test/test_pose_sensor.cpp.o
[ 66%] Linking CXX executable test_pose_sensor
[ 66%] Built target test_pose_sensor
[ 70%] Building CXX object CMakeFiles/test_force_torque_sensor.dir/test/test_force_torque_sensor.cpp.o
[ 75%] Linking CXX executable test_force_torque_sensor
[ 75%] Built target test_force_torque_sensor
[ 79%] Building CXX object CMakeFiles/test_semantic_component_interface.dir/test/test_semantic_component_interface.cpp.o
[ 83%] Linking CXX executable test_semantic_component_interface
[ 83%] Built target test_semantic_component_interface
[ 87%] Building CXX object CMakeFiles/test_chainable_controller_interface.dir/test/test_chainable_controller_interface.cpp.o
[ 91%] Linking CXX executable test_chainable_controller_interface
[ 91%] Built target test_chainable_controller_interface
[ 95%] Building CXX object CMakeFiles/test_controller_with_options.dir/test/test_controller_with_options.cpp.o
[100%] Linking CXX executable test_controller_with_options
[100%] Built target test_controller_with_options
-- Install configuration: ""
-- Execute custom install script
-- Symlinking: /home/mustafacil/Desktop/Digital-Twin/install/controller_interface/include/controller_interface/controller_interface/chainable_controller_interface.hpp
-- Symlinking: /home/mustafacil/Desktop/Digital-Twin/install/controller_interface/include/controller_interface/controller_interface/controller_interface.hpp
-- Symlinking: /home/mustafacil/Desktop/Digital-Twin/install/controller_interface/include/controller_interface/controller_interface/controller_interface_base.hpp
-- Symlinking: /home/mustafacil/Desktop/Digital-Twin/install/controller_interface/include/controller_interface/controller_interface/helpers.hpp
-- Symlinking: /home/mustafacil/Desktop/Digital-Twin/install/controller_interface/include/controller_interface/controller_interface/visibility_control.h
-- Symlinking: /home/mustafacil/Desktop/Digital-Twin/install/controller_interface/include/controller_interface/semantic_components/force_torque_sensor.hpp
-- Symlinking: /home/mustafacil/Desktop/Digital-Twin/install/controller_interface/include/controller_interface/semantic_components/imu_sensor.hpp
-- Symlinking: /home/mustafacil/Desktop/Digital-Twin/install/controller_interface/include/controller_interface/semantic_components/pose_sensor.hpp
-- Symlinking: /home/mustafacil/Desktop/Digital-Twin/install/controller_interface/include/controller_interface/semantic_components/range_sensor.hpp
-- Symlinking: /home/mustafacil/Desktop/Digital-Twin/install/controller_interface/include/controller_interface/semantic_components/semantic_component_interface.hpp
-- Symlinking: /home/mustafacil/Desktop/Digital-Twin/install/controller_interface/share/controller_interface/environment/library_path.sh
-- Symlinking: /home/mustafacil/Desktop/Digital-Twin/install/controller_interface/share/controller_interface/environment/library_path.dsv
-- Symlinking: /home/mustafacil/Desktop/Digital-Twin/install/controller_interface/share/ament_index/resource_index/package_run_dependencies/controller_interface
-- Symlinking: /home/mustafacil/Desktop/Digital-Twin/install/controller_interface/share/ament_index/resource_index/parent_prefix_path/controller_interface
-- Symlinking: /home/mustafacil/Desktop/Digital-Twin/install/controller_interface/share/controller_interface/environment/ament_prefix_path.sh
-- Symlinking: /home/mustafacil/Desktop/Digital-Twin/install/controller_interface/share/controller_interface/environment/ament_prefix_path.dsv
-- Symlinking: /home/mustafacil/Desktop/Digital-Twin/install/controller_interface/share/controller_interface/environment/path.sh
-- Symlinking: /home/mustafacil/Desktop/Digital-Twin/install/controller_interface/share/controller_interface/environment/path.dsv
-- Symlinking: /home/mustafacil/Desktop/Digital-Twin/install/controller_interface/share/controller_interface/local_setup.bash
-- Symlinking: /home/mustafacil/Desktop/Digital-Twin/install/controller_interface/share/controller_interface/local_setup.sh
-- Symlinking: /home/mustafacil/Desktop/Digital-Twin/install/controller_interface/share/controller_interface/local_setup.zsh
-- Symlinking: /home/mustafacil/Desktop/Digital-Twin/install/controller_interface/share/controller_interface/local_setup.dsv
-- Symlinking: /home/mustafacil/Desktop/Digital-Twin/install/controller_interface/share/controller_interface/package.dsv
-- Symlinking: /home/mustafacil/Desktop/Digital-Twin/install/controller_interface/share/ament_index/resource_index/packages/controller_interface
-- Symlinking: /home/mustafacil/Desktop/Digital-Twin/install/controller_interface/share/controller_interface/cmake/ament_cmake_export_targets-extras.cmake
-- Symlinking: /home/mustafacil/Desktop/Digital-Twin/install/controller_interface/share/controller_interface/cmake/ament_cmake_export_dependencies-extras.cmake
-- Symlinking: /home/mustafacil/Desktop/Digital-Twin/install/controller_interface/share/controller_interface/cmake/controller_interfaceConfig.cmake
-- Symlinking: /home/mustafacil/Desktop/Digital-Twin/install/controller_interface/share/controller_interface/cmake/controller_interfaceConfig-version.cmake
-- Symlinking: /home/mustafacil/Desktop/Digital-Twin/install/controller_interface/share/controller_interface/package.xml
-- Symlinking: /home/mustafacil/Desktop/Digital-Twin/install/controller_interface/include/controller_interface/controller_interface/version.h
-- Installing: /home/mustafacil/Desktop/Digital-Twin/install/controller_interface/lib/libcontroller_interface.so
-- Set runtime path of "/home/mustafacil/Desktop/Digital-Twin/install/controller_interface/lib/libcontroller_interface.so" to ""
-- Installing: /home/mustafacil/Desktop/Digital-Twin/install/controller_interface/share/controller_interface/cmake/export_controller_interfaceExport.cmake
-- Installing: /home/mustafacil/Desktop/Digital-Twin/install/controller_interface/share/controller_interface/cmake/export_controller_interfaceExport-noconfig.cmake
