-- Found ament_cmake: 1.3.12 (/home/mustafacil/ros2_humble/install/ament_cmake/share/ament_cmake/cmake)
-- Override CMake install command with custom implementation using symlinks instead of copying resources
-- Found ament_lint_auto: 0.12.14 (/home/mustafacil/ros2_humble/install/ament_lint_auto/share/ament_lint_auto/cmake)
-- Added test 'flake8' to check Python code syntax and style conventions
-- Added test 'lint_cmake' to check CMake code style
-- Added test 'pep257' to check Python code against some of the docstring style conventions in PEP 257
-- Added test 'xmllint' to check XML markup files
-- Configuring done
-- Generating done
-- Build files have been written to: /home/mustafacil/Desktop/Digital-Twin/build/robot_arm_gazebo
-- Install configuration: ""
-- Execute custom install script
-- Up-to-date symlink: /home/mustafacil/Desktop/Digital-Twin/install/robot_arm_gazebo/share/robot_arm_gazebo/worlds/empty_world.world
-- Up-to-date symlink: /home/mustafacil/Desktop/Digital-Twin/install/robot_arm_gazebo/share/robot_arm_gazebo/launch/gazebo.launch.py
-- Up-to-date symlink: /home/mustafacil/Desktop/Digital-Twin/install/robot_arm_gazebo/share/ament_index/resource_index/package_run_dependencies/robot_arm_gazebo
-- Up-to-date symlink: /home/mustafacil/Desktop/Digital-Twin/install/robot_arm_gazebo/share/ament_index/resource_index/parent_prefix_path/robot_arm_gazebo
-- Up-to-date symlink: /home/mustafacil/Desktop/Digital-Twin/install/robot_arm_gazebo/share/robot_arm_gazebo/environment/ament_prefix_path.sh
-- Up-to-date symlink: /home/mustafacil/Desktop/Digital-Twin/install/robot_arm_gazebo/share/robot_arm_gazebo/environment/ament_prefix_path.dsv
-- Up-to-date symlink: /home/mustafacil/Desktop/Digital-Twin/install/robot_arm_gazebo/share/robot_arm_gazebo/environment/path.sh
-- Up-to-date symlink: /home/mustafacil/Desktop/Digital-Twin/install/robot_arm_gazebo/share/robot_arm_gazebo/environment/path.dsv
-- Up-to-date symlink: /home/mustafacil/Desktop/Digital-Twin/install/robot_arm_gazebo/share/robot_arm_gazebo/local_setup.bash
-- Up-to-date symlink: /home/mustafacil/Desktop/Digital-Twin/install/robot_arm_gazebo/share/robot_arm_gazebo/local_setup.sh
-- Up-to-date symlink: /home/mustafacil/Desktop/Digital-Twin/install/robot_arm_gazebo/share/robot_arm_gazebo/local_setup.zsh
-- Up-to-date symlink: /home/mustafacil/Desktop/Digital-Twin/install/robot_arm_gazebo/share/robot_arm_gazebo/local_setup.dsv
-- Symlinking: /home/mustafacil/Desktop/Digital-Twin/install/robot_arm_gazebo/share/robot_arm_gazebo/package.dsv
-- Up-to-date symlink: /home/mustafacil/Desktop/Digital-Twin/install/robot_arm_gazebo/share/ament_index/resource_index/packages/robot_arm_gazebo
-- Up-to-date symlink: /home/mustafacil/Desktop/Digital-Twin/install/robot_arm_gazebo/share/robot_arm_gazebo/cmake/robot_arm_gazeboConfig.cmake
-- Up-to-date symlink: /home/mustafacil/Desktop/Digital-Twin/install/robot_arm_gazebo/share/robot_arm_gazebo/cmake/robot_arm_gazeboConfig-version.cmake
-- Up-to-date symlink: /home/mustafacil/Desktop/Digital-Twin/install/robot_arm_gazebo/share/robot_arm_gazebo/package.xml
