msg/ConsoleState.msg
  uint8 NOT_STARTED=0
  uint8 STARTING=1
  uint8 READY=2
  uint8 HOMING=3
  uint8 AWAITING_OPERATOR=4
  uint8 RUNNING=5
  uint8 STOPPING=6
  uint8 FAULT=7
  uint8 TWIN_MODE_UNKNOWN=255
  uint8 TARGET_SIM=1
  uint8 TARGET_REAL=2
  uint8 TARGET_TWIN=3
  builtin_interfaces/Time stamp
  uint8 state
  bool robot_started
  bool busy
  bool plant_at_start
  bool counterpart_at_start
  uint8[] available_targets
  string step
  string prompt
  string last_error
  uint8 twin_mode
  string[] physical_sides
  float64 speed_scale
  float64 minimum_speed_scale
msg/DeadmanState.msg
  uint8 STATE_INACTIVE=0
  uint8 STATE_AWAITING=1
  uint8 STATE_HEALTHY=2
  uint8 STATE_TRIPPED=3
  std_msgs/Header header
  string asset_id
  uint8 state
  float64 timeout_s
  uint64 last_sequence
  string detail
  bool arm_enabled
msg/DivergenceMetrics.msg
  string TOPIC="/cite/twin/divergence"
  std_msgs/Header header
  string asset_id
  bool valid
  float64 joint_error_rms_rad
  float64 joint_error_max_rad
  float64 tcp_position_error_m
  float64 tcp_orientation_error_rad
  float64 cycle_time_deviation_s
  float64 event_timing_deviation_s
  string model_version
  float64 plant_sample_age_s
  float64 counterpart_sample_age_s
  float64 plant_clock_deficit_s
  float64 counterpart_clock_deficit_s
  float64 window_s
  bool far_side_physical
  bool counterpart_observed
msg/ModelVersion.msg
  std_msgs/Header header
  string asset_id
  string model_hash
  string generator_version
  string[] zones
msg/ResultCode.msg
  uint8 SUCCESS=0
  uint8 PLANNING_FAILED=1
  uint8 EXECUTION_FAILED=2
  uint8 CANCELLED=3
  uint8 SAFETY_BLOCKED=4
  uint8 PRECONDITION_FAILED=5
  uint8 TIMEOUT=6
  uint8 HARDWARE_FAULT=7
  uint8 NOT_IMPLEMENTED=8
  uint8 UNREACHABLE=9
  uint8 MOTION_INTERRUPTED=10
  uint8 code
  string detail
msg/RobotState.msg
  std_msgs/Header header
  string asset_id
  uint8 STATE_UNKNOWN=0
  uint8 STATE_IDLE=1
  uint8 STATE_MOVING=2
  uint8 STATE_HOLDING=3
  uint8 STATE_FAULTED=4
  uint8 state
  geometry_msgs/Pose tool_pose
  float64[] joint_positions_rad
  float64[] joint_velocities_rad_s
  bool gripper_holding
  string held_workpiece_id
  string active_skill
msg/SafetyState.msg
  std_msgs/Header header
  string asset_id
  bool estop_active
  bool limits_enforced
  bool workspace_bounds_ok
  bool keep_out_zones_ok
  uint8 SOURCE_NONE=0
  uint8 SOURCE_OPERATOR=1
  uint8 SOURCE_WATCHDOG=2
  uint8 SOURCE_LIMIT_VIOLATION=3
  uint8 SOURCE_COLLISION=4
  uint8 SOURCE_HARDWARE=5
  uint8 estop_source
  builtin_interfaces/Time estop_asserted_at
  string detail
msg/TwinHeartbeat.msg
  string TOPIC="/cite/twin/heartbeat"
  std_msgs/Header header
  string zone
  string boundary_id
  uint64 sequence
msg/TwinMode.msg
  string TOPIC="/cite/twin/mode"
  uint8 MODE_SIM=0
  uint8 MODE_REAL=1
  uint8 MODE_SHADOW=2
  uint8 MODE_VALIDATED=3
  uint8 MODE_CLOSED_LOOP=4
  uint8 MODE_VIRTUAL_LEAD=5
  std_msgs/Header header
  string asset_id
  uint8 mode
  uint8 requested_mode
  bool transition_in_progress
  string reason
msg/TwinSides.msg
  string TOPIC="/cite/twin/sides"
  builtin_interfaces/Time stamp
  string[] running
  string[] physical
  string[] commandable
  string detail
srv/ConfirmOperator.srv
  ---
  bool success
  string detail
srv/GetModelVersion.srv
  ---
  ModelVersion version
srv/InitializeAsset.srv
  ---
  bool success
  string detail
srv/JointsAt.srv
  string SERVICE="/cite/twin/joints_at"
  string[] joints
  float64[] positions
  float64 tolerance
  string[] sides
  ---
  uint8 AT=0
  uint8 AWAY=1
  uint8 UNHEARD=2
  uint8 MALFORMED=3
  bool at
  uint8 reason
  string detail
srv/SetMode.srv
  string SERVICE="/cite/twin/set_mode"
  uint8 mode
  string reason
  bool force
  bool homing
  ---
  bool accepted
  ResultCode result
  uint8 current_mode
srv/StartRobot.srv
  ---
  bool success
  string detail
srv/StopCell.srv
  ---
  bool success
  string detail
srv/TrackArrived.srv
  string SERVICE="/cite/twin/track_arrived"
  string joint
  float64 position_m
  float64 tolerance_m
  string[] sides
  ---
  uint8 ARRIVED=0
  uint8 AWAY=1
  uint8 UNHEARD=2
  uint8 NOT_A_TRACK=3
  bool arrived
  uint8 reason
  bool routed
  string detail
action/Grasp.action
  float64 width_m
  float64 max_effort_n
  bool expect_object
  ---
  ResultCode result
  float64 reached_width_m
  float64 measured_effort_n
  bool holding
  ---
  float64 current_width_m
  float64 current_effort_n
action/HomeRobot.action
  float64 speed_scale
  uint8 target
  ---
  bool success
  string detail
  ---
  string step
action/MoveTo.action
  geometry_msgs/PoseStamped target
  string named_configuration
  float64 velocity_scaling
  float64 acceleration_scaling
  bool cartesian_path
  ---
  ResultCode result
  geometry_msgs/PoseStamped reached
  float64 position_error_m
  builtin_interfaces/Duration duration
  ---
  float64 fraction_complete
  geometry_msgs/PoseStamped current
  float64 distance_remaining_m
action/Pick.action
  geometry_msgs/PoseStamped object_pose
  string workpiece_id
  float64 approach_distance_m
  float64 retreat_distance_m
  float64 grasp_width_m
  ---
  ResultCode result
  bool holding
  geometry_msgs/PoseStamped grasp_pose
  builtin_interfaces/Duration duration
  ---
  uint8 PHASE_PLANNING=0
  uint8 PHASE_APPROACHING=1
  uint8 PHASE_GRASPING=2
  uint8 PHASE_RETREATING=3
  uint8 phase
  float64 fraction_complete
action/Place.action
  geometry_msgs/PoseStamped target_pose
  float64 approach_distance_m
  float64 retreat_distance_m
  bool require_holding
  ---
  ResultCode result
  geometry_msgs/PoseStamped release_pose
  builtin_interfaces/Duration duration
  bool still_holding
  ---
  uint8 PHASE_PLANNING=0
  uint8 PHASE_APPROACHING=1
  uint8 PHASE_RELEASING=2
  uint8 PHASE_RETREATING=3
  uint8 phase
  float64 fraction_complete
action/RunProgram.action
  float64 speed_scale
  uint8 target
  uint32 cycles
  ---
  bool success
  string detail
  uint32 cycles_completed
  ---
  uint32 cycle
  uint32 step_index
  uint32 step_count
  string step
action/Transfer.action
  geometry_msgs/PoseStamped handoff_pose
  string rendezvous_token
  string workpiece_id
  builtin_interfaces/Duration hold_timeout
  ---
  ResultCode result
  bool still_holding
  builtin_interfaces/Duration duration
  ---
  uint8 PHASE_PLANNING=0
  uint8 PHASE_APPROACHING=1
  uint8 PHASE_WAITING_FOR_PEER=2
  uint8 PHASE_RELEASING=3
  uint8 PHASE_RETREATING=4
  uint8 phase
  builtin_interfaces/Duration waited
