-- The CXX compiler identification is GNU 11.4.0
-- Detecting CXX compiler ABI info
-- Detecting CXX compiler ABI info - done
-- Check for working CXX compiler: /usr/bin/c++ - skipped
-- Detecting CXX compile features
-- Detecting CXX compile features - done
-- Found ament_cmake: 1.3.12 (/home/mustafacil/ros2_humble/install/ament_cmake/share/ament_cmake/cmake)
-- Found Python3: /usr/bin/python3 (found version "3.10.12") found components: Interpreter 
-- Override CMake install command with custom implementation using symlinks instead of copying resources
-- Found control_msgs: 4.8.0 (/opt/ros/humble/share/control_msgs/cmake)
-- Found rosidl_generator_c: 3.1.7 (/home/mustafacil/ros2_humble/install/rosidl_generator_c/share/rosidl_generator_c/cmake)
-- Found rosidl_adapter: 3.1.7 (/home/mustafacil/ros2_humble/install/rosidl_adapter/share/rosidl_adapter/cmake)
-- Found rosidl_generator_cpp: 3.1.7 (/home/mustafacil/ros2_humble/install/rosidl_generator_cpp/share/rosidl_generator_cpp/cmake)
-- Using all available rosidl_typesupport_c: rosidl_typesupport_introspection_c;rosidl_typesupport_fastrtps_c
-- Using all available rosidl_typesupport_cpp: rosidl_typesupport_introspection_cpp;rosidl_typesupport_fastrtps_cpp
-- Found lifecycle_msgs: 1.2.2 (/home/mustafacil/ros2_humble/install/lifecycle_msgs/share/lifecycle_msgs/cmake)
-- Found pluginlib: 5.1.2 (/home/mustafacil/ros2_humble/install/pluginlib/share/pluginlib/cmake)
-- Found rclcpp_lifecycle: 16.0.15 (/home/mustafacil/ros2_humble/install/rclcpp_lifecycle/share/rclcpp_lifecycle/cmake)
-- Found rmw_implementation_cmake: 6.1.2 (/home/mustafacil/ros2_humble/install/rmw_implementation_cmake/share/rmw_implementation_cmake/cmake)
-- Found rmw_fastrtps_cpp: 6.2.9 (/home/mustafacil/ros2_humble/install/rmw_fastrtps_cpp/share/rmw_fastrtps_cpp/cmake)
-- Found TinyXML2 via Config file: TinyXML2_DIR-NOTFOUND
-- Found OpenSSL: /usr/lib/x86_64-linux-gnu/libcrypto.so (found version "3.0.2")  
-- Found TinyXML2 via Config file: TinyXML2_DIR-NOTFOUND
-- Found FastRTPS: /home/mustafacil/ros2_humble/install/fastrtps/include  
-- Found TinyXML2 via Config file: TinyXML2_DIR-NOTFOUND
-- Found TinyXML2 via Config file: TinyXML2_DIR-NOTFOUND
-- Using RMW implementation 'rmw_fastrtps_cpp' as default
-- Looking for C++ include pthread.h
-- Looking for C++ include pthread.h - found
-- Performing Test CMAKE_HAVE_LIBC_PTHREAD
-- Performing Test CMAKE_HAVE_LIBC_PTHREAD - Success
-- Found Threads: TRUE  
-- Found TinyXML2 via Config file: TinyXML2_DIR-NOTFOUND
-- Found ament_cmake_gmock: 1.3.12 (/home/mustafacil/ros2_humble/install/ament_cmake_gmock/share/ament_cmake_gmock/cmake)
-- Found ros2_control_test_assets: 2.52.2 (/home/mustafacil/Desktop/Digital-Twin/install/ros2_control_test_assets/share/ros2_control_test_assets/cmake)
-- Found gmock sources under '/home/mustafacil/ros2_humble/install/gmock_vendor/src/gmock_vendor': C++ tests using 'Google Mock' will be built
-- The C compiler identification is GNU 11.4.0
-- Detecting C compiler ABI info
-- Detecting C compiler ABI info - done
-- Check for working C compiler: /usr/bin/cc - skipped
-- Detecting C compile features
-- Detecting C compile features - done
-- Found ament_cmake_gtest: 1.3.12 (/home/mustafacil/ros2_humble/install/ament_cmake_gtest/share/ament_cmake_gtest/cmake)
-- Found gtest sources under '/home/mustafacil/ros2_humble/install/gtest_vendor/src/gtest_vendor': C++ tests using 'Google Test' will be built
-- Configuring done
-- Generating done
-- Build files have been written to: /home/mustafacil/Desktop/Digital-Twin/build/hardware_interface
[  2%] Generating hardware_interface/version.h
[  5%] Building CXX object gmock/CMakeFiles/gmock_main.dir/src/gmock_main.cc.o
[  8%] Building CXX object CMakeFiles/mock_components.dir/src/mock_components/generic_system.cpp.o
[ 11%] Building CXX object gmock/CMakeFiles/gmock.dir/home/mustafacil/ros2_humble/install/gtest_vendor/src/gtest_vendor/src/gtest-all.cc.o
[ 14%] Building CXX object gmock/CMakeFiles/gmock.dir/src/gmock-all.cc.o
[ 17%] Building CXX object CMakeFiles/fake_components.dir/src/mock_components/generic_system.cpp.o
[ 17%] Built target ament_generate_version_header__hardware_interface
[ 20%] Building CXX object CMakeFiles/hardware_interface.dir/src/actuator.cpp.o
[ 22%] Building CXX object CMakeFiles/hardware_interface.dir/src/component_parser.cpp.o
[ 25%] Linking CXX shared library libmock_components.so
[ 28%] Building CXX object CMakeFiles/fake_components.dir/src/mock_components/fake_generic_system.cpp.o
[ 28%] Built target mock_components
[ 31%] Building CXX object CMakeFiles/hardware_interface.dir/src/resource_manager.cpp.o
[ 34%] Linking CXX static library libgmock_main.a
[ 34%] Built target gmock_main
[ 37%] Building CXX object CMakeFiles/hardware_interface.dir/src/sensor.cpp.o
[ 40%] Building CXX object CMakeFiles/hardware_interface.dir/src/system.cpp.o
[ 42%] Building CXX object CMakeFiles/hardware_interface.dir/src/lexical_casts.cpp.o
[ 45%] Linking CXX shared library libfake_components.so
[ 48%] Linking CXX static library libgmock.a
[ 48%] Built target gmock
[ 51%] Building CXX object CMakeFiles/test_macros.dir/test/test_macros.cpp.o
[ 51%] Built target fake_components
[ 54%] Linking CXX executable test_macros
[ 54%] Built target test_macros
[ 57%] Linking CXX shared library libhardware_interface.so
[ 57%] Built target hardware_interface
[ 60%] Building CXX object CMakeFiles/test_inst_hardwares.dir/test/test_inst_hardwares.cpp.o
[ 62%] Building CXX object CMakeFiles/test_hardware_components.dir/test/test_hardware_components/test_single_joint_actuator.cpp.o
[ 65%] Building CXX object CMakeFiles/test_component_parser.dir/test/test_component_parser.cpp.o
[ 68%] Building CXX object CMakeFiles/test_component_interfaces.dir/test/test_component_interfaces.cpp.o
[ 71%] Building CXX object CMakeFiles/test_joint_handle.dir/test/test_handle.cpp.o
[ 74%] Building CXX object CMakeFiles/test_hardware_components.dir/test/test_hardware_components/test_force_torque_sensor.cpp.o
[ 77%] Linking CXX executable test_joint_handle
[ 80%] Linking CXX executable test_inst_hardwares
[ 80%] Built target test_joint_handle
[ 82%] Building CXX object CMakeFiles/test_hardware_components.dir/test/test_hardware_components/test_two_joint_system.cpp.o
[ 85%] Building CXX object CMakeFiles/test_generic_system.dir/test/mock_components/test_generic_system.cpp.o
[ 85%] Built target test_inst_hardwares
[ 88%] Building CXX object CMakeFiles/test_hardware_components.dir/test/test_hardware_components/test_system_with_command_modes.cpp.o
[ 91%] Linking CXX executable test_component_interfaces
[ 94%] Linking CXX executable test_component_parser
[ 97%] Linking CXX shared library libtest_hardware_components.so
[ 97%] Built target test_component_parser
[ 97%] Built target test_component_interfaces
[ 97%] Built target test_hardware_components
[100%] Linking CXX executable test_generic_system
[100%] Built target test_generic_system
-- Install configuration: ""
-- Execute custom install script
-- Symlinking: /home/mustafacil/Desktop/Digital-Twin/install/hardware_interface/share/hardware_interface//mock_components_plugin_description.xml
-- Symlinking: /home/mustafacil/Desktop/Digital-Twin/install/hardware_interface/share/hardware_interface//fake_components_plugin_description.xml
-- Symlinking: /home/mustafacil/Desktop/Digital-Twin/install/hardware_interface/lib/libtest_hardware_components.so
-- Symlinking: /home/mustafacil/Desktop/Digital-Twin/install/hardware_interface/share/hardware_interface/test/test_hardware_components/test_hardware_components.xml
-- Symlinking: /home/mustafacil/Desktop/Digital-Twin/install/hardware_interface/include/hardware_interface/fake_components/generic_system.hpp
-- Symlinking: /home/mustafacil/Desktop/Digital-Twin/install/hardware_interface/include/hardware_interface/fake_components/visibility_control.h
-- Symlinking: /home/mustafacil/Desktop/Digital-Twin/install/hardware_interface/include/hardware_interface/hardware_interface/actuator.hpp
-- Symlinking: /home/mustafacil/Desktop/Digital-Twin/install/hardware_interface/include/hardware_interface/hardware_interface/actuator_interface.hpp
-- Symlinking: /home/mustafacil/Desktop/Digital-Twin/install/hardware_interface/include/hardware_interface/hardware_interface/component_parser.hpp
-- Symlinking: /home/mustafacil/Desktop/Digital-Twin/install/hardware_interface/include/hardware_interface/hardware_interface/controller_info.hpp
-- Symlinking: /home/mustafacil/Desktop/Digital-Twin/install/hardware_interface/include/hardware_interface/hardware_interface/handle.hpp
-- Symlinking: /home/mustafacil/Desktop/Digital-Twin/install/hardware_interface/include/hardware_interface/hardware_interface/hardware_component_info.hpp
-- Symlinking: /home/mustafacil/Desktop/Digital-Twin/install/hardware_interface/include/hardware_interface/hardware_interface/hardware_info.hpp
-- Symlinking: /home/mustafacil/Desktop/Digital-Twin/install/hardware_interface/include/hardware_interface/hardware_interface/lexical_casts.hpp
-- Symlinking: /home/mustafacil/Desktop/Digital-Twin/install/hardware_interface/include/hardware_interface/hardware_interface/loaned_command_interface.hpp
-- Symlinking: /home/mustafacil/Desktop/Digital-Twin/install/hardware_interface/include/hardware_interface/hardware_interface/loaned_state_interface.hpp
-- Symlinking: /home/mustafacil/Desktop/Digital-Twin/install/hardware_interface/include/hardware_interface/hardware_interface/macros.hpp
-- Symlinking: /home/mustafacil/Desktop/Digital-Twin/install/hardware_interface/include/hardware_interface/hardware_interface/resource_manager.hpp
-- Symlinking: /home/mustafacil/Desktop/Digital-Twin/install/hardware_interface/include/hardware_interface/hardware_interface/sensor.hpp
-- Symlinking: /home/mustafacil/Desktop/Digital-Twin/install/hardware_interface/include/hardware_interface/hardware_interface/sensor_interface.hpp
-- Symlinking: /home/mustafacil/Desktop/Digital-Twin/install/hardware_interface/include/hardware_interface/hardware_interface/system.hpp
-- Symlinking: /home/mustafacil/Desktop/Digital-Twin/install/hardware_interface/include/hardware_interface/hardware_interface/system_interface.hpp
-- Symlinking: /home/mustafacil/Desktop/Digital-Twin/install/hardware_interface/include/hardware_interface/hardware_interface/types/hardware_interface_return_values.hpp
-- Symlinking: /home/mustafacil/Desktop/Digital-Twin/install/hardware_interface/include/hardware_interface/hardware_interface/types/hardware_interface_type_values.hpp
-- Symlinking: /home/mustafacil/Desktop/Digital-Twin/install/hardware_interface/include/hardware_interface/hardware_interface/types/lifecycle_state_names.hpp
-- Symlinking: /home/mustafacil/Desktop/Digital-Twin/install/hardware_interface/include/hardware_interface/hardware_interface/visibility_control.h
-- Symlinking: /home/mustafacil/Desktop/Digital-Twin/install/hardware_interface/include/hardware_interface/mock_components/generic_system.hpp
-- Symlinking: /home/mustafacil/Desktop/Digital-Twin/install/hardware_interface/include/hardware_interface/mock_components/visibility_control.h
-- Symlinking: /home/mustafacil/Desktop/Digital-Twin/install/hardware_interface/share/hardware_interface/environment/library_path.sh
-- Symlinking: /home/mustafacil/Desktop/Digital-Twin/install/hardware_interface/share/hardware_interface/environment/library_path.dsv
-- Symlinking: /home/mustafacil/Desktop/Digital-Twin/install/hardware_interface/share/ament_index/resource_index/package_run_dependencies/hardware_interface
-- Symlinking: /home/mustafacil/Desktop/Digital-Twin/install/hardware_interface/share/ament_index/resource_index/parent_prefix_path/hardware_interface
-- Symlinking: /home/mustafacil/Desktop/Digital-Twin/install/hardware_interface/share/hardware_interface/environment/ament_prefix_path.sh
-- Symlinking: /home/mustafacil/Desktop/Digital-Twin/install/hardware_interface/share/hardware_interface/environment/ament_prefix_path.dsv
-- Symlinking: /home/mustafacil/Desktop/Digital-Twin/install/hardware_interface/share/hardware_interface/environment/path.sh
-- Symlinking: /home/mustafacil/Desktop/Digital-Twin/install/hardware_interface/share/hardware_interface/environment/path.dsv
-- Symlinking: /home/mustafacil/Desktop/Digital-Twin/install/hardware_interface/share/hardware_interface/local_setup.bash
-- Symlinking: /home/mustafacil/Desktop/Digital-Twin/install/hardware_interface/share/hardware_interface/local_setup.sh
-- Symlinking: /home/mustafacil/Desktop/Digital-Twin/install/hardware_interface/share/hardware_interface/local_setup.zsh
-- Symlinking: /home/mustafacil/Desktop/Digital-Twin/install/hardware_interface/share/hardware_interface/local_setup.dsv
-- Symlinking: /home/mustafacil/Desktop/Digital-Twin/install/hardware_interface/share/hardware_interface/package.dsv
-- Symlinking: /home/mustafacil/Desktop/Digital-Twin/install/hardware_interface/share/ament_index/resource_index/packages/hardware_interface
-- Symlinking: /home/mustafacil/Desktop/Digital-Twin/install/hardware_interface/share/ament_index/resource_index/hardware_interface__pluginlib__plugin/hardware_interface
-- Symlinking: /home/mustafacil/Desktop/Digital-Twin/install/hardware_interface/share/hardware_interface/cmake/ament_cmake_export_targets-extras.cmake
-- Symlinking: /home/mustafacil/Desktop/Digital-Twin/install/hardware_interface/share/hardware_interface/cmake/ament_cmake_export_dependencies-extras.cmake
-- Symlinking: /home/mustafacil/Desktop/Digital-Twin/install/hardware_interface/share/hardware_interface/cmake/hardware_interfaceConfig.cmake
-- Symlinking: /home/mustafacil/Desktop/Digital-Twin/install/hardware_interface/share/hardware_interface/cmake/hardware_interfaceConfig-version.cmake
-- Symlinking: /home/mustafacil/Desktop/Digital-Twin/install/hardware_interface/share/hardware_interface/package.xml
-- Symlinking: /home/mustafacil/Desktop/Digital-Twin/install/hardware_interface/include/hardware_interface/hardware_interface/version.h
-- Installing: /home/mustafacil/Desktop/Digital-Twin/install/hardware_interface/lib/libfake_components.so
-- Set runtime path of "/home/mustafacil/Desktop/Digital-Twin/install/hardware_interface/lib/libfake_components.so" to ""
-- Installing: /home/mustafacil/Desktop/Digital-Twin/install/hardware_interface/lib/libmock_components.so
-- Set runtime path of "/home/mustafacil/Desktop/Digital-Twin/install/hardware_interface/lib/libmock_components.so" to ""
-- Installing: /home/mustafacil/Desktop/Digital-Twin/install/hardware_interface/lib/libhardware_interface.so
-- Set runtime path of "/home/mustafacil/Desktop/Digital-Twin/install/hardware_interface/lib/libhardware_interface.so" to ""
-- Installing: /home/mustafacil/Desktop/Digital-Twin/install/hardware_interface/share/hardware_interface/cmake/export_hardware_interfaceExport.cmake
-- Installing: /home/mustafacil/Desktop/Digital-Twin/install/hardware_interface/share/hardware_interface/cmake/export_hardware_interfaceExport-noconfig.cmake
