== SHAKEDOWN: V1 opening reading, clean=True ==
   vendor pin: {"manifest": "external/cite.repos", "pinned_sha": "3dc2b5e8294758d96b54b15fa5920d581b7cbb3d", "imported_sha": "3dc2b5e8294758d96b54b15fa5920d581b7cbb3d", "imported_from": "/workspace/workspace/src/external/xarm_ros2", "matches": true}
   load: 1.12 0.49 0.25
== V13: every L3 server answered; waits {'move_to': 1.270844691011007, 'pick': 5.095200322102755e-05, 'place': 4.648699541576207e-05, 'arm_2/move_to': 4.73789987154305e-05, 'arm_3/move_to': 4.624298890121281e-05} ==
== V2/V3: {"read_from": "/cite/cell_a/arm_1/description_publisher robot_description", "read_returncode": 0, "read_ok": true, "description_chars": 33653, "hull_collision_refs": 13, "vendor_visual_refs": 6, "v2_ok": true, "production_plugin_refs": 3, "fixture_plugin_refs": 0, "mock_plugin_refs": 0, "v3_ok": true} ==
== V4: matched=1 received=551 after 0.0s ==
   publisher QoS: [{"node": "arm_1_joint_trajectory_controller", "namespace": "/cite/cell_a/arm_1", "type": "control_msgs/msg/JointTrajectoryControllerState", "history": "3", "depth": 0, "reliability": "1", "durability": "1", "liveliness": "1"}]
== V12: 22 Gazebo topics reached through cite_bringup.gz ==

===== SHAKEDOWN cycle 1/1 =====
  [CRUISE c1 t  1        home] healthy=True status=4 code=0 n=861 rate=143.023255814 peak=0.018849201 v_peak=0.314153591 L=True i3=False
  [CRUISE c1 t  2  above_pick] healthy=True status=4 code=0 n=760 rate=143.045360437 peak=0.018845595 v_peak=0.314093198 L=True i3=False
  [CRUISE c1 t  3 above_place] healthy=True status=4 code=0 n=1151 rate=142.98136646 peak=0.018844203 v_peak=0.314069893 L=True i3=False
  [CRUISE c1 t  4        home] healthy=True status=4 code=0 n=693 rate=143.063583815 peak=0.018848806 v_peak=0.314146699 L=True i3=False
  [  FAST c1 t  5        home] healthy=True status=4 code=0 n=14 rate=153.846153846 peak=0.0 v_peak=0.0 L=False i3=False
  [  FAST c1 t  6  above_pick] healthy=True status=4 code=0 n=219 rate=143.512450852 peak=0.086776021 v_peak=1.446265428 L=True i3=False
  [  FAST c1 t  7 above_place] healthy=True status=4 code=0 n=288 rate=143.354902937 peak=0.115972442 v_peak=1.932841238 L=True i3=False
  [  FAST c1 t  8        home] healthy=True status=4 code=0 n=205 rate=143.557422969 peak=0.080892408 v_peak=1.34818989 L=True i3=False
  [ CARRY c1 t  9        pick] healthy=True status=4 code=0 n=1541 rate=142.949907236 peak=0.01887297 v_peak=0.31449455 L=True i3=False
  [ CARRY c1 t 10       place] healthy=True status=4 code=0 n=1885 rate=142.932969366 peak=0.018844181 v_peak=0.314152377 L=True i3=False
  [  CONC c1 t 11        home] healthy=True status=4 code=0 n=716 rate=143.056943057 peak=0.018841588 v_peak=0.314026758 L=True i3=True
  [  CONC c1 t 12  above_pick] healthy=True status=4 code=0 n=760 rate=143.045360437 peak=0.018845634 v_peak=0.314093841 L=True i3=False
  [  CONC c1 t 13 above_place] healthy=True status=4 code=0 n=1151 rate=142.98136646 peak=0.018844203 v_peak=0.314069893 L=True i3=False
  [  CONC c1 t 14        home] healthy=True status=4 code=0 n=693 rate=143.063583815 peak=0.018848806 v_peak=0.314146699 L=True i3=False

== I9 (context only): {"start": {"at": "block start", "sim_stamp": 33.586, "wall_monotonic": 107201.94637961, "messages_received": 852}, "end": {"at": "block end", "sim_stamp": 133.259, "wall_monotonic": 107313.653271964, "messages_received": 15088}, "sim_span_s": 99.67299999999999, "wall_span_s": 111.70689235399186, "ratio": 0.8922726064578249, "note": "context only; criteria.md I9 -- this enters no verdict in section 7, and Gazebo's own real_time_factor field is never quoted"} ==
== V1 closing reading: v1_clean=True disagreed_mid_block=False ==
== SHAKEDOWN: 14 of 14 trials written ==
