-- The CXX compiler identification is GNU 11.4.0
-- Detecting CXX compiler ABI info
-- Detecting CXX compiler ABI info - done
-- Check for working CXX compiler: /usr/bin/c++ - skipped
-- Detecting CXX compile features
-- Detecting CXX compile features - done
-- Found ament_cmake: 1.3.12 (/home/mustafacil/ros2_humble/install/ament_cmake/share/ament_cmake/cmake)
-- Found Python3: /usr/bin/python3 (found version "3.10.12") found components: Interpreter 
-- Override CMake install command with custom implementation using symlinks instead of copying resources
-- Found rclcpp: 16.0.15 (/home/mustafacil/ros2_humble/install/rclcpp/share/rclcpp/cmake)
-- Found rosidl_generator_c: 3.1.7 (/home/mustafacil/ros2_humble/install/rosidl_generator_c/share/rosidl_generator_c/cmake)
-- Found rosidl_adapter: 3.1.7 (/home/mustafacil/ros2_humble/install/rosidl_adapter/share/rosidl_adapter/cmake)
-- Found rosidl_generator_cpp: 3.1.7 (/home/mustafacil/ros2_humble/install/rosidl_generator_cpp/share/rosidl_generator_cpp/cmake)
-- Using all available rosidl_typesupport_c: rosidl_typesupport_introspection_c;rosidl_typesupport_fastrtps_c
-- Using all available rosidl_typesupport_cpp: rosidl_typesupport_introspection_cpp;rosidl_typesupport_fastrtps_cpp
-- Found rmw_implementation_cmake: 6.1.2 (/home/mustafacil/ros2_humble/install/rmw_implementation_cmake/share/rmw_implementation_cmake/cmake)
-- Found rmw_fastrtps_cpp: 6.2.9 (/home/mustafacil/ros2_humble/install/rmw_fastrtps_cpp/share/rmw_fastrtps_cpp/cmake)
-- Found OpenSSL: /usr/lib/x86_64-linux-gnu/libcrypto.so (found version "3.0.2")  
-- Found FastRTPS: /home/mustafacil/ros2_humble/install/fastrtps/include  
-- Using RMW implementation 'rmw_fastrtps_cpp' as default
-- Looking for C++ include pthread.h
-- Looking for C++ include pthread.h - found
-- Performing Test CMAKE_HAVE_LIBC_PTHREAD
-- Performing Test CMAKE_HAVE_LIBC_PTHREAD - Success
-- Found Threads: TRUE  
-- Found rclcpp_lifecycle: 16.0.15 (/home/mustafacil/ros2_humble/install/rclcpp_lifecycle/share/rclcpp_lifecycle/cmake)
-- Found urdf: 2.6.1 (/home/mustafacil/ros2_humble/install/urdf/share/urdf/cmake)
-- Found ament_cmake_gtest: 1.3.12 (/home/mustafacil/ros2_humble/install/ament_cmake_gtest/share/ament_cmake_gtest/cmake)
-- Found launch_testing_ament_cmake: 1.0.12 (/home/mustafacil/ros2_humble/install/launch_testing_ament_cmake/share/launch_testing_ament_cmake/cmake)
-- Found python_cmake_module: 0.10.0 (/home/mustafacil/ros2_humble/install/python_cmake_module/share/python_cmake_module/cmake)
-- Found PythonInterp: /usr/bin/python3 (found suitable version "3.10.12", minimum required is "3.6") 
-- Found PythonLibs: /usr/lib/x86_64-linux-gnu/libpython3.10.so (found suitable version "3.10.12", minimum required is "3.5") 
-- Using PYTHON_EXECUTABLE: /usr/bin/python3
-- Using PYTHON_INCLUDE_DIRS: /usr/include/python3.10
-- Using PYTHON_LIBRARIES: /usr/lib/x86_64-linux-gnu/libpython3.10.so
-- Found PythonExtra: .so  
-- Found gtest sources under '/home/mustafacil/ros2_humble/install/gtest_vendor/src/gtest_vendor': C++ tests using 'Google Test' will be built
-- The C compiler identification is GNU 11.4.0
-- Detecting C compiler ABI info
-- Detecting C compiler ABI info - done
-- Check for working C compiler: /usr/bin/cc - skipped
-- Detecting C compile features
-- Detecting C compile features - done
-- Configuring done
-- Generating done
-- Build files have been written to: /home/mustafacil/Desktop/Digital-Twin/build/joint_limits
[ 11%] Generating joint_limits/version.h
[ 22%] Building CXX object gtest/CMakeFiles/gtest.dir/src/gtest-all.cc.o
[ 33%] Building CXX object gtest/CMakeFiles/gtest_main.dir/src/gtest_main.cc.o
[ 33%] Built target ament_generate_version_header__joint_limits
[ 44%] Linking CXX static library libgtest_main.a
[ 44%] Built target gtest_main
[ 55%] Linking CXX static library libgtest.a
[ 55%] Built target gtest
[ 66%] Building CXX object CMakeFiles/joint_limits_rosparam_test.dir/test/joint_limits_rosparam_test.cpp.o
[ 77%] Building CXX object CMakeFiles/joint_limits_urdf_test.dir/test/joint_limits_urdf_test.cpp.o
[ 88%] Linking CXX executable joint_limits_urdf_test
[ 88%] Built target joint_limits_urdf_test
[100%] Linking CXX executable joint_limits_rosparam_test
[100%] Built target joint_limits_rosparam_test
-- Install configuration: ""
-- Execute custom install script
-- Symlinking: /home/mustafacil/Desktop/Digital-Twin/install/joint_limits/lib/joint_limits/joint_limits_rosparam_test
-- Symlinking: /home/mustafacil/Desktop/Digital-Twin/install/joint_limits/share/joint_limits/test/joint_limits_rosparam.yaml
-- Symlinking: /home/mustafacil/Desktop/Digital-Twin/install/joint_limits/include/joint_limits/joint_limits/joint_limits.hpp
-- Symlinking: /home/mustafacil/Desktop/Digital-Twin/install/joint_limits/include/joint_limits/joint_limits/joint_limits_rosparam.hpp
-- Symlinking: /home/mustafacil/Desktop/Digital-Twin/install/joint_limits/include/joint_limits/joint_limits/joint_limits_urdf.hpp
-- Symlinking: /home/mustafacil/Desktop/Digital-Twin/install/joint_limits/share/joint_limits/environment/library_path.sh
-- Symlinking: /home/mustafacil/Desktop/Digital-Twin/install/joint_limits/share/joint_limits/environment/library_path.dsv
-- Symlinking: /home/mustafacil/Desktop/Digital-Twin/install/joint_limits/share/ament_index/resource_index/package_run_dependencies/joint_limits
-- Symlinking: /home/mustafacil/Desktop/Digital-Twin/install/joint_limits/share/ament_index/resource_index/parent_prefix_path/joint_limits
-- Symlinking: /home/mustafacil/Desktop/Digital-Twin/install/joint_limits/share/joint_limits/environment/ament_prefix_path.sh
-- Symlinking: /home/mustafacil/Desktop/Digital-Twin/install/joint_limits/share/joint_limits/environment/ament_prefix_path.dsv
-- Symlinking: /home/mustafacil/Desktop/Digital-Twin/install/joint_limits/share/joint_limits/environment/path.sh
-- Symlinking: /home/mustafacil/Desktop/Digital-Twin/install/joint_limits/share/joint_limits/environment/path.dsv
-- Symlinking: /home/mustafacil/Desktop/Digital-Twin/install/joint_limits/share/joint_limits/local_setup.bash
-- Symlinking: /home/mustafacil/Desktop/Digital-Twin/install/joint_limits/share/joint_limits/local_setup.sh
-- Symlinking: /home/mustafacil/Desktop/Digital-Twin/install/joint_limits/share/joint_limits/local_setup.zsh
-- Symlinking: /home/mustafacil/Desktop/Digital-Twin/install/joint_limits/share/joint_limits/local_setup.dsv
-- Symlinking: /home/mustafacil/Desktop/Digital-Twin/install/joint_limits/share/joint_limits/package.dsv
-- Symlinking: /home/mustafacil/Desktop/Digital-Twin/install/joint_limits/share/ament_index/resource_index/packages/joint_limits
-- Symlinking: /home/mustafacil/Desktop/Digital-Twin/install/joint_limits/share/joint_limits/cmake/ament_cmake_export_targets-extras.cmake
-- Symlinking: /home/mustafacil/Desktop/Digital-Twin/install/joint_limits/share/joint_limits/cmake/ament_cmake_export_dependencies-extras.cmake
-- Symlinking: /home/mustafacil/Desktop/Digital-Twin/install/joint_limits/share/joint_limits/cmake/joint_limitsConfig.cmake
-- Symlinking: /home/mustafacil/Desktop/Digital-Twin/install/joint_limits/share/joint_limits/cmake/joint_limitsConfig-version.cmake
-- Symlinking: /home/mustafacil/Desktop/Digital-Twin/install/joint_limits/share/joint_limits/package.xml
-- Symlinking: /home/mustafacil/Desktop/Digital-Twin/install/joint_limits/include/joint_limits/joint_limits/version.h
-- Installing: /home/mustafacil/Desktop/Digital-Twin/install/joint_limits/share/joint_limits/cmake/export_joint_limitsExport.cmake
